[1] "using maize_env"
Le chargement a nécessité le package : Matrix

Attachement du package : ‘tidyr’

Les objets suivants sont masqués depuis ‘package:Matrix’:

    expand, pack, unpack

Le chargement a nécessité le package : foreach
Le chargement a nécessité le package : iterators
Le chargement a nécessité le package : parallel
Le chargement a nécessité le package : rngtools
This build of rgl does not include OpenGL functions.  Use
 rglwidget() to display results, e.g. via options(rgl.printRglwidget = TRUE).
Le chargement a nécessité le package : Rcpp
Le chargement a nécessité le package : zigg
Le chargement a nécessité le package : RcppParallel

Attachement du package : ‘RcppParallel’

L'objet suivant est masqué depuis ‘package:Rcpp’:

    LdFlags


Rfast: 2.1.5.1
 ___ __ __ __ __    __ __ __ __ __ _             _               __ __ __ __ __     __ __ __ __ __ __   
|  __ __ __ __  |  |  __ __ __ __ _/            / \             |  __ __ __ __ /   /__ __ _   _ __ __\  
| |           | |  | |                         / _ \            | |                        / /          
| |           | |  | |                        / / \ \           | |                       / /          
| |           | |  | |                       / /   \ \          | |                      / /          
| |__ __ __ __| |  | |__ __ __ __           / /     \ \         | |__ __ __ __ _        / /__/\          
|    __ __ __ __|  |  __ __ __ __|         / /__ _ __\ \        |_ __ __ __ _   |      / ___  /           
|   \              | |                    / _ _ _ _ _ _ \                     | |      \/  / /       
| |\ \             | |                   / /           \ \                    | |         / /          
| | \ \            | |                  / /             \ \                   | |        / /          
| |  \ \           | |                 / /               \ \                  | |       / /          
| |   \ \__ __ _   | |                / /                 \ \     _ __ __ __ _| |      / /          
|_|    \__ __ __\  |_|               /_/                   \_\   /_ __ __ __ ___|      \/             team

Attachement du package : ‘Rfast’

Les objets suivants sont masqués depuis ‘package:robustbase’:

    colMedians, rowMedians

L'objet suivant est masqué depuis ‘package:data.table’:

    transpose

Le chargement a nécessité le package : lattice

Attachement du package : ‘plotly’

L'objet suivant est masqué depuis ‘package:ggplot2’:

    last_plot

L'objet suivant est masqué depuis ‘package:MASS’:

    select

L'objet suivant est masqué depuis ‘package:stats’:

    filter

L'objet suivant est masqué depuis ‘package:graphics’:

    layout


Attachement du package : ‘dplyr’

L'objet suivant est masqué depuis ‘package:Rfast’:

    nth

Les objets suivants sont masqués depuis ‘package:data.table’:

    between, first, last

L'objet suivant est masqué depuis ‘package:MASS’:

    select

Les objets suivants sont masqués depuis ‘package:stats’:

    filter, lag

Les objets suivants sont masqués depuis ‘package:base’:

    intersect, setdiff, setequal, union


Attachement du package : ‘kernlab’

L'objet suivant est masqué depuis ‘package:ggplot2’:

    alpha

Le chargement a nécessité le package : corpcor

Attachement du package : ‘corpcor’

L'objet suivant est masqué depuis ‘package:matrixcalc’:

    is.positive.definite

Loaded glmnet 4.1-8

Loaded mixOmics 6.31.5
Thank you for using mixOmics!
Tutorials: http://mixomics.org
Bookdown vignette: https://mixomicsteam.github.io/Bookdown
Questions, issues: Follow the prompts at http://mixomics.org/contact-us
Cite us:  citation('mixOmics')

[1] "kernel: linear"
[1] "trait: grain.number"
                RF_wiser SVR_wiser GBLUP_wiser RKHS_wiser LASSO_wiser
gp_scenario_1       0.68      0.75       0.740       0.75        0.66
gp_scenario_2       0.71      0.76       0.760       0.76        0.71
gp_scenario_3       0.52      0.54       0.530       0.53        0.43
gp_scenario_4       0.56      0.59       0.590       0.59        0.48
gp_scenario_5       0.58      0.63       0.640       0.64        0.51
gp_scenario_6       0.58      0.64       0.640       0.64        0.54
gp_scenario_7       0.67      0.73       0.720       0.73        0.65
gp_scenario_8       0.45      0.59       0.590       0.60        0.45
gp_scenario_9       0.56      0.66       0.630       0.64        0.59
gp_scenario_10      0.68      0.71       0.710       0.71        0.66
gp_scenario_11      0.68      0.71       0.700       0.71        0.65
gp_scenario_12      0.62      0.64       0.630       0.63        0.59
gp_scenario_13      0.63      0.68       0.700       0.70        0.64
gp_scenario_14      0.68      0.73       0.740       0.74        0.62
gp_scenario_15      0.57      0.66       0.690       0.69        0.54
gp_scenario_16      0.62      0.68       0.700       0.70        0.56
gp_scenario_17      0.54      0.63       0.630       0.63        0.48
gp_scenario_18      0.72      0.78       0.780       0.78        0.72
gp_scenario_19      0.67      0.69       0.700       0.70        0.64
gp_scenario_20      0.59      0.64       0.630       0.63        0.58
gp_scenario_21      0.75      0.80       0.800       0.80        0.69
gp_scenario_22      0.54      0.61       0.650       0.64        0.56
gp_scenario_23      0.64      0.70       0.700       0.71        0.65
gp_scenario_24      0.43      0.50       0.480       0.49        0.52
gp_scenario_25      0.70      0.70       0.700       0.70        0.69
gp_scenario_26      0.63      0.64       0.640       0.64        0.60
gp_scenario_27      0.54      0.61       0.610       0.62        0.53
gp_scenario_28      0.70      0.74       0.720       0.72        0.65
gp_scenario_29      0.67      0.73       0.710       0.72        0.62
gp_scenario_30      0.62      0.67       0.660       0.67        0.61
gp_scenario_31      0.55      0.62       0.600       0.61        0.53
gp_scenario_32      0.57      0.63       0.590       0.60        0.36
gp_scenario_33      0.70      0.70       0.710       0.71        0.71
gp_scenario_34      0.61      0.67       0.690       0.69        0.55
gp_scenario_35      0.66      0.68       0.670       0.68        0.59
gp_scenario_36      0.73      0.74       0.740       0.74        0.71
gp_scenario_37      0.53      0.57       0.550       0.55        0.41
gp_scenario_38      0.63      0.67       0.660       0.66        0.59
gp_scenario_39      0.69      0.76       0.790       0.78        0.68
gp_scenario_40      0.51      0.55       0.560       0.56        0.50
gp_scenario_41      0.61      0.66       0.680       0.68        0.51
gp_scenario_42      0.68      0.71       0.710       0.72        0.67
gp_scenario_43      0.56      0.58       0.570       0.58        0.56
gp_scenario_44      0.72      0.75       0.750       0.75        0.64
gp_scenario_45      0.58      0.68       0.700       0.70        0.62
gp_scenario_46      0.64      0.68       0.690       0.68        0.61
gp_scenario_47      0.74      0.77       0.790       0.79        0.64
gp_scenario_48      0.42      0.54       0.580       0.57        0.40
gp_scenario_49      0.58      0.60       0.590       0.59        0.59
gp_scenario_50      0.70      0.76       0.770       0.77        0.63
gp_scenario_51      0.54      0.64       0.640       0.64        0.54
gp_scenario_52      0.70      0.75       0.770       0.77        0.68
gp_scenario_53      0.67      0.73       0.730       0.73        0.64
gp_scenario_54      0.47      0.52       0.490       0.50        0.49
gp_scenario_55      0.64      0.67       0.670       0.67        0.66
gp_scenario_56      0.73      0.74       0.700       0.71        0.70
gp_scenario_57      0.65      0.72       0.740       0.73        0.64
gp_scenario_58      0.54      0.57       0.570       0.57        0.54
gp_scenario_59      0.65      0.74       0.770       0.77        0.67
gp_scenario_60      0.70      0.72       0.710       0.72        0.65
gp_scenario_61      0.61      0.62       0.630       0.63        0.58
gp_scenario_62      0.59      0.62       0.600       0.60        0.42
gp_scenario_63      0.59      0.66       0.670       0.67        0.59
gp_scenario_64      0.73      0.81       0.830       0.83        0.70
gp_scenario_65      0.61      0.67       0.660       0.66        0.66
gp_scenario_66      0.59      0.62       0.610       0.62        0.54
gp_scenario_67      0.50      0.62       0.630       0.63        0.55
gp_scenario_68      0.66      0.67       0.650       0.66        0.58
gp_scenario_69      0.67      0.71       0.720       0.72        0.69
gp_scenario_70      0.70      0.74       0.750       0.75        0.66
gp_scenario_71      0.39      0.42       0.430       0.43        0.44
gp_scenario_72      0.59      0.68       0.680       0.69        0.53
gp_scenario_73      0.68      0.72       0.730       0.73        0.64
gp_scenario_74      0.75      0.78       0.770       0.77        0.66
gp_scenario_75      0.68      0.76       0.760       0.76        0.63
gp_scenario_76      0.61      0.69       0.700       0.70        0.61
gp_scenario_77      0.67      0.69       0.700       0.70        0.62
gp_scenario_78      0.59      0.67       0.670       0.67        0.54
gp_scenario_79      0.58      0.69       0.720       0.72        0.53
gp_scenario_80      0.66      0.68       0.660       0.66        0.54
gp_scenario_81      0.65      0.76       0.760       0.76        0.68
gp_scenario_82      0.52      0.63       0.660       0.66        0.46
gp_scenario_83      0.68      0.76       0.760       0.77        0.75
gp_scenario_84      0.60      0.64       0.650       0.65        0.62
gp_scenario_85      0.66      0.67       0.670       0.67        0.58
gp_scenario_86      0.70      0.74       0.750       0.75        0.68
gp_scenario_87      0.49      0.58       0.630       0.62        0.53
gp_scenario_88      0.58      0.61       0.610       0.61        0.55
gp_scenario_89      0.67      0.74       0.730       0.74        0.62
gp_scenario_90      0.60      0.64       0.630       0.63        0.59
gp_scenario_91      0.51      0.61       0.620       0.62        0.53
gp_scenario_92      0.62      0.68       0.680       0.68        0.59
gp_scenario_93      0.73      0.76       0.760       0.76        0.68
gp_scenario_94      0.56      0.65       0.650       0.65        0.65
gp_scenario_95      0.51      0.58       0.580       0.58        0.40
gp_scenario_96      0.67      0.72       0.720       0.72        0.57
gp_scenario_97      0.64      0.70       0.700       0.70        0.54
gp_scenario_98      0.77      0.79       0.780       0.79        0.69
gp_scenario_99      0.64      0.70       0.700       0.70        0.75
gp_scenario_100     0.44      0.58       0.630       0.62        0.51
pa_median           0.63      0.68       0.680       0.68        0.60
pa_iqr              0.11      0.10       0.093       0.10        0.11
                RF_ls_means SVR_ls_means GBLUP_ls_means RKHS_ls_means
gp_scenario_1         0.620         0.67           0.62          0.67
gp_scenario_2         0.540         0.53           0.50          0.51
gp_scenario_3         0.460         0.48           0.47          0.48
gp_scenario_4         0.450         0.49           0.48          0.49
gp_scenario_5         0.470         0.54           0.57          0.56
gp_scenario_6         0.490         0.52           0.50          0.52
gp_scenario_7         0.570         0.63           0.61          0.63
gp_scenario_8         0.290         0.44           0.43          0.45
gp_scenario_9         0.340         0.42           0.38          0.39
gp_scenario_10        0.600         0.64           0.63          0.63
gp_scenario_11        0.620         0.67           0.69          0.68
gp_scenario_12        0.530         0.53           0.50          0.50
gp_scenario_13        0.540         0.54           0.53          0.54
gp_scenario_14        0.460         0.53           0.52          0.53
gp_scenario_15        0.400         0.51           0.51          0.52
gp_scenario_16        0.480         0.54           0.55          0.55
gp_scenario_17        0.400         0.47           0.45          0.46
gp_scenario_18        0.620         0.68           0.66          0.68
gp_scenario_19        0.480         0.53           0.54          0.55
gp_scenario_20        0.520         0.56           0.54          0.56
gp_scenario_21        0.640         0.67           0.67          0.67
gp_scenario_22        0.440         0.55           0.56          0.57
gp_scenario_23        0.390         0.44           0.42          0.45
gp_scenario_24        0.480         0.49           0.45          0.48
gp_scenario_25        0.540         0.52           0.51          0.51
gp_scenario_26        0.450         0.51           0.51          0.51
gp_scenario_27        0.390         0.47           0.48          0.48
gp_scenario_28        0.580         0.61           0.61          0.61
gp_scenario_29        0.510         0.59           0.56          0.59
gp_scenario_30        0.500         0.55           0.53          0.56
gp_scenario_31        0.580         0.65           0.65          0.65
gp_scenario_32        0.460         0.47           0.44          0.45
gp_scenario_33        0.540         0.55           0.54          0.55
gp_scenario_34        0.480         0.50           0.50          0.50
gp_scenario_35        0.440         0.48           0.46          0.47
gp_scenario_36        0.670         0.68           0.67          0.68
gp_scenario_37        0.310         0.41           0.43          0.42
gp_scenario_38        0.500         0.55           0.53          0.54
gp_scenario_39        0.620         0.65           0.66          0.67
gp_scenario_40        0.310         0.36           0.40          0.38
gp_scenario_41        0.420         0.50           0.49          0.50
gp_scenario_42        0.600         0.60           0.61          0.61
gp_scenario_43        0.530         0.52           0.48          0.50
gp_scenario_44        0.550         0.60           0.60          0.61
gp_scenario_45        0.450         0.53           0.52          0.54
gp_scenario_46        0.610         0.64           0.65          0.63
gp_scenario_47        0.560         0.66           0.69          0.68
gp_scenario_48        0.170         0.30           0.36          0.35
gp_scenario_49        0.450         0.47           0.47          0.48
gp_scenario_50        0.680         0.70           0.68          0.69
gp_scenario_51        0.460         0.54           0.53          0.55
gp_scenario_52        0.550         0.65           0.65          0.66
gp_scenario_53        0.600         0.61           0.61          0.62
gp_scenario_54        0.430         0.43           0.39          0.42
gp_scenario_55        0.530         0.52           0.52          0.53
gp_scenario_56        0.570         0.53           0.45          0.48
gp_scenario_57        0.590         0.62           0.62          0.62
gp_scenario_58        0.560         0.61           0.64          0.61
gp_scenario_59        0.550         0.63           0.64          0.66
gp_scenario_60        0.480         0.50           0.48          0.49
gp_scenario_61        0.370         0.38           0.41          0.40
gp_scenario_62        0.430         0.50           0.45          0.49
gp_scenario_63        0.450         0.53           0.53          0.54
gp_scenario_64        0.650         0.73           0.72          0.72
gp_scenario_65        0.450         0.46           0.46          0.46
gp_scenario_66        0.480         0.49           0.48          0.48
gp_scenario_67        0.400         0.47           0.47          0.48
gp_scenario_68        0.510         0.58           0.55          0.59
gp_scenario_69        0.560         0.58           0.54          0.55
gp_scenario_70        0.610         0.64           0.64          0.66
gp_scenario_71        0.085         0.17           0.17          0.18
gp_scenario_72        0.450         0.57           0.57          0.59
gp_scenario_73        0.600         0.61           0.61          0.61
gp_scenario_74        0.600         0.67           0.68          0.68
gp_scenario_75        0.590         0.59           0.57          0.58
gp_scenario_76        0.500         0.58           0.58          0.59
gp_scenario_77        0.500         0.57           0.58          0.58
gp_scenario_78        0.440         0.45           0.43          0.43
gp_scenario_79        0.570         0.67           0.69          0.69
gp_scenario_80        0.500         0.56           0.54          0.56
gp_scenario_81        0.590         0.64           0.66          0.63
gp_scenario_82        0.370         0.41           0.40          0.42
gp_scenario_83        0.590         0.65           0.63          0.66
gp_scenario_84        0.570         0.61           0.62          0.62
gp_scenario_85        0.390         0.42           0.41          0.42
gp_scenario_86        0.490         0.54           0.58          0.57
gp_scenario_87        0.470         0.52           0.52          0.54
gp_scenario_88        0.360         0.42           0.44          0.43
gp_scenario_89        0.580         0.59           0.58          0.59
gp_scenario_90        0.440         0.49           0.47          0.48
gp_scenario_91        0.540         0.55           0.56          0.57
gp_scenario_92        0.460         0.49           0.45          0.47
gp_scenario_93        0.580         0.59           0.57          0.59
gp_scenario_94        0.460         0.47           0.45          0.46
gp_scenario_95        0.470         0.61           0.62          0.62
gp_scenario_96        0.450         0.52           0.50          0.51
gp_scenario_97        0.410         0.48           0.52          0.51
gp_scenario_98        0.720         0.66           0.62          0.65
gp_scenario_99        0.580         0.65           0.67          0.66
gp_scenario_100       0.350         0.42           0.43          0.43
pa_median             0.500         0.54           0.53          0.55
pa_iqr                0.120         0.12           0.14          0.14
                LASSO_ls_means RF_blups SVR_blups GBLUP_blups RKHS_blups
gp_scenario_1            0.510    0.600      0.67        0.61       0.67
gp_scenario_2            0.450    0.530      0.53        0.50       0.51
gp_scenario_3            0.410    0.460      0.50        0.47       0.49
gp_scenario_4            0.420    0.440      0.49        0.48       0.49
gp_scenario_5            0.320    0.470      0.53        0.56       0.55
gp_scenario_6            0.360    0.500      0.51        0.50       0.52
gp_scenario_7            0.440    0.560      0.62        0.59       0.62
gp_scenario_8            0.390    0.280      0.43        0.42       0.44
gp_scenario_9            0.290    0.360      0.43        0.38       0.39
gp_scenario_10           0.480    0.600      0.63        0.63       0.63
gp_scenario_11           0.610    0.630      0.66        0.68       0.68
gp_scenario_12           0.450    0.490      0.54        0.49       0.50
gp_scenario_13           0.380    0.520      0.56        0.52       0.55
gp_scenario_14           0.390    0.460      0.52        0.52       0.53
gp_scenario_15           0.310    0.410      0.49        0.50       0.51
gp_scenario_16           0.300    0.470      0.53        0.54       0.55
gp_scenario_17           0.310    0.430      0.46        0.45       0.46
gp_scenario_18           0.560    0.640      0.68        0.67       0.68
gp_scenario_19           0.400    0.460      0.53        0.54       0.54
gp_scenario_20           0.500    0.520      0.56        0.52       0.55
gp_scenario_21           0.550    0.640      0.67        0.66       0.67
gp_scenario_22           0.310    0.450      0.56        0.55       0.57
gp_scenario_23           0.220    0.380      0.45        0.42       0.45
gp_scenario_24           0.550    0.490      0.49        0.45       0.48
gp_scenario_25           0.460    0.520      0.52        0.50       0.51
gp_scenario_26           0.420    0.460      0.52        0.50       0.51
gp_scenario_27           0.310    0.400      0.47        0.47       0.48
gp_scenario_28           0.480    0.570      0.61        0.60       0.61
gp_scenario_29           0.390    0.520      0.58        0.56       0.59
gp_scenario_30           0.460    0.490      0.54        0.53       0.56
gp_scenario_31           0.550    0.580      0.62        0.64       0.64
gp_scenario_32           0.380    0.440      0.47        0.44       0.46
gp_scenario_33           0.450    0.520      0.54        0.54       0.55
gp_scenario_34           0.400    0.470      0.49        0.50       0.49
gp_scenario_35           0.340    0.450      0.49        0.47       0.48
gp_scenario_36           0.600    0.670      0.69        0.67       0.68
gp_scenario_37           0.220    0.330      0.42        0.44       0.42
gp_scenario_38           0.510    0.490      0.55        0.53       0.55
gp_scenario_39           0.530    0.610      0.63        0.66       0.66
gp_scenario_40           0.290    0.300      0.37        0.40       0.37
gp_scenario_41           0.260    0.430      0.49        0.48       0.50
gp_scenario_42           0.470    0.560      0.58        0.60       0.60
gp_scenario_43           0.390    0.510      0.52        0.48       0.50
gp_scenario_44           0.420    0.540      0.61        0.60       0.61
gp_scenario_45           0.450    0.470      0.54        0.52       0.55
gp_scenario_46           0.600    0.590      0.63        0.65       0.63
gp_scenario_47           0.460    0.560      0.66        0.69       0.68
gp_scenario_48           0.010    0.140      0.29        0.35       0.34
gp_scenario_49           0.440    0.470      0.47        0.47       0.48
gp_scenario_50           0.470    0.690      0.70        0.67       0.69
gp_scenario_51           0.450    0.450      0.56        0.51       0.55
gp_scenario_52           0.520    0.560      0.64        0.65       0.66
gp_scenario_53           0.380    0.580      0.61        0.61       0.62
gp_scenario_54           0.340    0.400      0.43        0.39       0.42
gp_scenario_55           0.500    0.540      0.52        0.52       0.53
gp_scenario_56           0.340    0.570      0.53        0.45       0.48
gp_scenario_57           0.490    0.580      0.61        0.62       0.62
gp_scenario_58           0.370    0.590      0.62        0.64       0.61
gp_scenario_59           0.540    0.530      0.63        0.63       0.66
gp_scenario_60           0.500    0.470      0.50        0.47       0.48
gp_scenario_61           0.270    0.370      0.39        0.42       0.41
gp_scenario_62           0.220    0.470      0.51        0.45       0.49
gp_scenario_63           0.490    0.410      0.52        0.52       0.53
gp_scenario_64           0.570    0.660      0.73        0.72       0.72
gp_scenario_65           0.490    0.450      0.46        0.45       0.46
gp_scenario_66           0.460    0.490      0.48        0.47       0.48
gp_scenario_67           0.270    0.390      0.48        0.46       0.48
gp_scenario_68           0.370    0.500      0.59        0.55       0.59
gp_scenario_69           0.540    0.560      0.57        0.54       0.55
gp_scenario_70           0.510    0.610      0.64        0.64       0.66
gp_scenario_71           0.073    0.087      0.17        0.17       0.18
gp_scenario_72           0.480    0.410      0.55        0.57       0.58
gp_scenario_73           0.450    0.590      0.61        0.61       0.61
gp_scenario_74           0.530    0.600      0.68        0.67       0.68
gp_scenario_75           0.500    0.600      0.59        0.57       0.57
gp_scenario_76           0.520    0.500      0.58        0.57       0.59
gp_scenario_77           0.440    0.520      0.55        0.57       0.57
gp_scenario_78           0.360    0.440      0.46        0.43       0.44
gp_scenario_79           0.540    0.560      0.67        0.68       0.69
gp_scenario_80           0.410    0.500      0.58        0.55       0.56
gp_scenario_81           0.500    0.590      0.63        0.66       0.62
gp_scenario_82           0.380    0.330      0.41        0.40       0.42
gp_scenario_83           0.480    0.580      0.65        0.62       0.66
gp_scenario_84           0.520    0.580      0.61        0.62       0.62
gp_scenario_85           0.360    0.400      0.43        0.40       0.42
gp_scenario_86           0.530    0.500      0.56        0.58       0.57
gp_scenario_87           0.410    0.420      0.51        0.50       0.53
gp_scenario_88           0.340    0.390      0.42        0.43       0.42
gp_scenario_89           0.470    0.580      0.57        0.57       0.59
gp_scenario_90           0.330    0.430      0.49        0.47       0.49
gp_scenario_91           0.500    0.540      0.55        0.56       0.57
gp_scenario_92           0.450    0.450      0.50        0.44       0.46
gp_scenario_93           0.600    0.570      0.58        0.56       0.59
gp_scenario_94           0.480    0.440      0.47        0.45       0.46
gp_scenario_95           0.400    0.480      0.60        0.61       0.62
gp_scenario_96           0.460    0.430      0.51        0.49       0.50
gp_scenario_97           0.310    0.390      0.49        0.51       0.50
gp_scenario_98           0.660    0.730      0.67        0.61       0.65
gp_scenario_99           0.530    0.580      0.64        0.67       0.66
gp_scenario_100          0.340    0.340      0.42        0.44       0.44
pa_median                0.450    0.500      0.54        0.52       0.55
pa_iqr                   0.140    0.130      0.12        0.14       0.14
                LASSO_blups RF_blups_pca SVR_blups_pca GBLUP_blups_pca
gp_scenario_1         0.520       0.2300          0.35            0.27
gp_scenario_2         0.480       0.2500          0.24            0.21
gp_scenario_3         0.420       0.4600          0.48            0.43
gp_scenario_4         0.390       0.3800          0.37            0.36
gp_scenario_5         0.330       0.1400          0.30            0.36
gp_scenario_6         0.380       0.2100          0.27            0.28
gp_scenario_7         0.400       0.3500          0.40            0.38
gp_scenario_8         0.390       0.3100          0.33            0.30
gp_scenario_9         0.300       0.0710          0.15            0.12
gp_scenario_10        0.490       0.3500          0.41            0.42
gp_scenario_11        0.610       0.4900          0.50            0.54
gp_scenario_12        0.470       0.2700          0.32            0.28
gp_scenario_13        0.370       0.3200          0.35            0.33
gp_scenario_14        0.390       0.2300          0.31            0.32
gp_scenario_15        0.270       0.1900          0.27            0.31
gp_scenario_16        0.290       0.3000          0.36            0.39
gp_scenario_17        0.320       0.2500          0.28            0.29
gp_scenario_18        0.580       0.4100          0.44            0.42
gp_scenario_19        0.430       0.2800          0.36            0.36
gp_scenario_20        0.570       0.2800          0.25            0.21
gp_scenario_21        0.560       0.3300          0.42            0.46
gp_scenario_22        0.360       0.3400          0.42            0.41
gp_scenario_23        0.200       0.2200          0.31            0.31
gp_scenario_24        0.540       0.4700          0.41            0.38
gp_scenario_25        0.450       0.2200          0.20            0.16
gp_scenario_26        0.400       0.2800          0.38            0.35
gp_scenario_27        0.300       0.2500          0.33            0.31
gp_scenario_28        0.470       0.2800          0.28            0.31
gp_scenario_29        0.390       0.2800          0.30            0.30
gp_scenario_30        0.460       0.4100          0.42            0.42
gp_scenario_31        0.550       0.5200          0.53            0.54
gp_scenario_32        0.370       0.3200          0.30            0.27
gp_scenario_33        0.560       0.3200          0.34            0.35
gp_scenario_34        0.450       0.1900          0.23            0.24
gp_scenario_35        0.360       0.1700          0.20            0.22
gp_scenario_36        0.560       0.1900          0.22            0.22
gp_scenario_37        0.230       0.1900          0.32            0.37
gp_scenario_38        0.490       0.4600          0.37            0.33
gp_scenario_39        0.510       0.3200          0.33            0.43
gp_scenario_40        0.310       0.2400          0.24            0.29
gp_scenario_41        0.260       0.3000          0.37            0.38
gp_scenario_42        0.470       0.4100          0.41            0.45
gp_scenario_43        0.380       0.2400          0.25            0.23
gp_scenario_44        0.390       0.3300          0.40            0.38
gp_scenario_45        0.450       0.0390          0.22            0.24
gp_scenario_46        0.610       0.3500          0.40            0.44
gp_scenario_47        0.460       0.4800          0.54            0.59
gp_scenario_48        0.015       0.1600          0.23            0.30
gp_scenario_49        0.450       0.1400          0.20            0.24
gp_scenario_50        0.420       0.4700          0.45            0.43
gp_scenario_51        0.480       0.3800          0.43            0.38
gp_scenario_52        0.560       0.3800          0.43            0.46
gp_scenario_53        0.370       0.2400          0.26            0.31
gp_scenario_54        0.350       0.3400          0.32            0.26
gp_scenario_55        0.500       0.3700          0.36            0.35
gp_scenario_56        0.290       0.2600          0.21            0.12
gp_scenario_57        0.490       0.2600          0.37            0.42
gp_scenario_58        0.410       0.4000          0.46            0.49
gp_scenario_59        0.520       0.4400          0.51            0.52
gp_scenario_60        0.460       0.2300          0.22            0.19
gp_scenario_61        0.280       0.3100          0.36            0.37
gp_scenario_62        0.260       0.1200          0.26            0.20
gp_scenario_63        0.500       0.2600          0.33            0.35
gp_scenario_64        0.580       0.4700          0.56            0.56
gp_scenario_65        0.490       0.2000          0.16            0.17
gp_scenario_66        0.460       0.2500          0.22            0.21
gp_scenario_67        0.270       0.3900          0.40            0.35
gp_scenario_68        0.330       0.2700          0.40            0.34
gp_scenario_69        0.570       0.3400          0.34            0.33
gp_scenario_70        0.500       0.4100          0.45            0.46
gp_scenario_71        0.051       0.0110          0.13            0.11
gp_scenario_72        0.480       0.3000          0.37            0.41
gp_scenario_73        0.490       0.3600          0.34            0.36
gp_scenario_74        0.500       0.3300          0.47            0.48
gp_scenario_75        0.490       0.2200          0.26            0.26
gp_scenario_76        0.510       0.4400          0.43            0.42
gp_scenario_77        0.450       0.2300          0.39            0.44
gp_scenario_78        0.370      -0.0074          0.11            0.10
gp_scenario_79        0.560       0.4500          0.52            0.54
gp_scenario_80        0.420       0.1900          0.33            0.29
gp_scenario_81        0.580       0.4000          0.42            0.47
gp_scenario_82        0.380       0.1900          0.21            0.22
gp_scenario_83        0.500       0.3300          0.39            0.40
gp_scenario_84        0.490       0.4500          0.51            0.51
gp_scenario_85        0.360       0.1500          0.16            0.13
gp_scenario_86        0.540       0.2000          0.29            0.34
gp_scenario_87        0.400       0.2800          0.36            0.38
gp_scenario_88        0.330       0.2200          0.27            0.31
gp_scenario_89        0.450       0.1800          0.18            0.20
gp_scenario_90        0.350       0.2400          0.24            0.20
gp_scenario_91        0.510       0.3400          0.39            0.43
gp_scenario_92        0.460       0.2900          0.30            0.22
gp_scenario_93        0.550       0.1900          0.16            0.19
gp_scenario_94        0.450       0.2900          0.33            0.30
gp_scenario_95        0.420       0.3500          0.46            0.46
gp_scenario_96        0.340       0.2800          0.32            0.26
gp_scenario_97        0.310       0.2900          0.38            0.36
gp_scenario_98        0.680       0.2800          0.31            0.29
gp_scenario_99        0.510       0.3800          0.40            0.48
gp_scenario_100       0.280       0.2200          0.33            0.37
pa_median             0.450       0.2800          0.34            0.34
pa_iqr                0.140       0.1300          0.14            0.16
                RKHS_blups_pca LASSO_blups_pca
gp_scenario_1             0.32           0.330
gp_scenario_2             0.22           0.200
gp_scenario_3             0.39              NA
gp_scenario_4             0.35           0.310
gp_scenario_5             0.31           0.059
gp_scenario_6             0.28           0.130
gp_scenario_7             0.32           0.190
gp_scenario_8             0.20           0.390
gp_scenario_9             0.13           0.220
gp_scenario_10            0.41              NA
gp_scenario_11            0.45              NA
gp_scenario_12            0.29           0.160
gp_scenario_13            0.34           0.150
gp_scenario_14            0.31           0.210
gp_scenario_15            0.18              NA
gp_scenario_16            0.41           0.140
gp_scenario_17            0.29           0.250
gp_scenario_18            0.27           0.270
gp_scenario_19            0.28           0.240
gp_scenario_20            0.23              NA
gp_scenario_21            0.19              NA
gp_scenario_22            0.23           0.200
gp_scenario_23            0.31           0.050
gp_scenario_24            0.38              NA
gp_scenario_25            0.18           0.220
gp_scenario_26            0.38           0.180
gp_scenario_27            0.30              NA
gp_scenario_28            0.27           0.120
gp_scenario_29            0.24           0.110
gp_scenario_30            0.39           0.330
gp_scenario_31            0.41           0.340
gp_scenario_32            0.24           0.240
gp_scenario_33            0.31           0.170
gp_scenario_34            0.22           0.110
gp_scenario_35            0.23           0.150
gp_scenario_36            0.21           0.230
gp_scenario_37            0.25           0.040
gp_scenario_38            0.31           0.310
gp_scenario_39            0.25           0.200
gp_scenario_40            0.24           0.190
gp_scenario_41            0.32           0.049
gp_scenario_42            0.24           0.230
gp_scenario_43            0.17           0.100
gp_scenario_44            0.36           0.270
gp_scenario_45            0.27           0.036
gp_scenario_46            0.23           0.310
gp_scenario_47            0.44           0.350
gp_scenario_48            0.29           0.080
gp_scenario_49            0.23           0.074
gp_scenario_50            0.32           0.160
gp_scenario_51            0.29           0.380
gp_scenario_52            0.38           0.250
gp_scenario_53            0.28          -0.037
gp_scenario_54            0.27           0.350
gp_scenario_55            0.27              NA
gp_scenario_56            0.15           0.180
gp_scenario_57            0.26          -0.043
gp_scenario_58            0.30           0.270
gp_scenario_59            0.45           0.430
gp_scenario_60            0.21           0.200
gp_scenario_61            0.21           0.200
gp_scenario_62            0.24          -0.099
gp_scenario_63            0.34           0.310
gp_scenario_64            0.27           0.390
gp_scenario_65            0.16           0.028
gp_scenario_66            0.21           0.290
gp_scenario_67            0.30              NA
gp_scenario_68            0.42           0.150
gp_scenario_69            0.34           0.300
gp_scenario_70            0.37           0.260
gp_scenario_71            0.13          -0.054
gp_scenario_72            0.36           0.280
gp_scenario_73            0.33              NA
gp_scenario_74            0.34           0.360
gp_scenario_75            0.26          -0.017
gp_scenario_76            0.39              NA
gp_scenario_77            0.28          -0.051
gp_scenario_78            0.10              NA
gp_scenario_79            0.38              NA
gp_scenario_80            0.30           0.180
gp_scenario_81            0.27           0.320
gp_scenario_82            0.23              NA
gp_scenario_83            0.35              NA
gp_scenario_84            0.36           0.360
gp_scenario_85            0.15           0.120
gp_scenario_86            0.29           0.096
gp_scenario_87            0.29           0.190
gp_scenario_88            0.29           0.190
gp_scenario_89            0.20           0.230
gp_scenario_90            0.23           0.050
gp_scenario_91            0.33           0.320
gp_scenario_92            0.25           0.290
gp_scenario_93            0.20           0.290
gp_scenario_94            0.19              NA
gp_scenario_95            0.32           0.210
gp_scenario_96            0.36           0.170
gp_scenario_97            0.37           0.170
gp_scenario_98            0.29           0.310
gp_scenario_99            0.29           0.130
gp_scenario_100           0.33           0.270
pa_median                 0.29           0.200
pa_iqr                    0.11           0.160
                GBLUP_wiser GBLUP_ls_means GBLUP_blups GBLUP_blups_pca
gp_scenario_1         0.950           0.84       0.830           0.760
gp_scenario_2         0.980           0.94       0.930           0.910
gp_scenario_3         0.930           0.78       0.770           0.630
gp_scenario_4         0.970           0.93       0.930           0.850
gp_scenario_5         0.940           0.82       0.810           0.720
gp_scenario_6         0.960           0.86       0.850           0.810
gp_scenario_7         0.960           0.85       0.840           0.750
gp_scenario_8         0.950           0.83       0.830           0.710
gp_scenario_9         0.980           0.94       0.930           0.890
gp_scenario_10        0.950           0.87       0.850           0.790
gp_scenario_11        0.950           0.79       0.780           0.650
gp_scenario_12        0.980           0.93       0.930           0.890
gp_scenario_13        0.960           0.87       0.860           0.810
gp_scenario_14        0.940           0.87       0.860           0.790
gp_scenario_15        0.950           0.85       0.840           0.750
gp_scenario_16        0.950           0.84       0.830           0.750
gp_scenario_17        0.920           0.85       0.840           0.770
gp_scenario_18        0.940           0.87       0.870           0.800
gp_scenario_19        0.980           0.88       0.860           0.790
gp_scenario_20        0.960           0.88       0.870           0.810
gp_scenario_21        0.950           0.85       0.850           0.760
gp_scenario_22        0.960           0.82       0.820           0.720
gp_scenario_23        0.940           0.85       0.840           0.750
gp_scenario_24        0.970           0.87       0.860           0.790
gp_scenario_25        0.970           0.92       0.910           0.870
gp_scenario_26        0.980           0.94       0.930           0.890
gp_scenario_27        0.950           0.83       0.820           0.740
gp_scenario_28        0.950           0.82       0.820           0.770
gp_scenario_29        0.930           0.85       0.840           0.760
gp_scenario_30        0.970           0.89       0.870           0.800
gp_scenario_31        0.950           0.77       0.760           0.590
gp_scenario_32        0.960           0.85       0.840           0.770
gp_scenario_33        0.970           0.88       0.860           0.790
gp_scenario_34        0.970           0.91       0.900           0.870
gp_scenario_35        0.950           0.93       0.940           0.900
gp_scenario_36        0.970           0.87       0.860           0.820
gp_scenario_37        0.980           0.87       0.850           0.780
gp_scenario_38        0.970           0.90       0.880           0.820
gp_scenario_39        0.910           0.81       0.800           0.710
gp_scenario_40        0.960           0.87       0.860           0.790
gp_scenario_41        0.960           0.86       0.860           0.750
gp_scenario_42        0.970           0.81       0.800           0.650
gp_scenario_43        0.950           0.87       0.860           0.820
gp_scenario_44        0.980           0.87       0.860           0.790
gp_scenario_45        0.930           0.89       0.880           0.840
gp_scenario_46        0.930           0.79       0.780           0.670
gp_scenario_47        0.940           0.80       0.790           0.660
gp_scenario_48        0.960           0.88       0.870           0.800
gp_scenario_49        0.970           0.90       0.890           0.860
gp_scenario_50        0.960           0.87       0.870           0.790
gp_scenario_51        0.950           0.82       0.820           0.710
gp_scenario_52        0.970           0.85       0.850           0.760
gp_scenario_53        0.950           0.88       0.860           0.810
gp_scenario_54        0.960           0.92       0.900           0.860
gp_scenario_55        0.970           0.87       0.850           0.790
gp_scenario_56        0.960           0.90       0.890           0.860
gp_scenario_57        0.950           0.85       0.850           0.740
gp_scenario_58        0.960           0.82       0.810           0.730
gp_scenario_59        0.940           0.82       0.810           0.670
gp_scenario_60        0.950           0.90       0.890           0.830
gp_scenario_61        0.920           0.86       0.860           0.730
gp_scenario_62        0.980           0.87       0.850           0.790
gp_scenario_63        0.960           0.81       0.800           0.710
gp_scenario_64        0.930           0.83       0.820           0.750
gp_scenario_65        0.960           0.89       0.880           0.860
gp_scenario_66        0.980           0.92       0.910           0.890
gp_scenario_67        0.950           0.84       0.830           0.710
gp_scenario_68        0.950           0.84       0.830           0.740
gp_scenario_69        0.950           0.94       0.940           0.890
gp_scenario_70        0.950           0.80       0.790           0.680
gp_scenario_71        0.970           0.91       0.890           0.830
gp_scenario_72        0.950           0.84       0.840           0.730
gp_scenario_73        0.970           0.82       0.810           0.740
gp_scenario_74        0.940           0.79       0.780           0.670
gp_scenario_75        0.940           0.93       0.930           0.900
gp_scenario_76        0.960           0.89       0.870           0.780
gp_scenario_77        0.940           0.83       0.820           0.710
gp_scenario_78        0.950           0.94       0.930           0.890
gp_scenario_79        0.960           0.76       0.750           0.590
gp_scenario_80        0.980           0.85       0.840           0.780
gp_scenario_81        0.930           0.78       0.770           0.670
gp_scenario_82        0.960           0.89       0.880           0.820
gp_scenario_83        0.940           0.87       0.860           0.780
gp_scenario_84        0.920           0.83       0.830           0.720
gp_scenario_85        0.980           0.93       0.920           0.890
gp_scenario_86        0.960           0.89       0.880           0.800
gp_scenario_87        0.920           0.84       0.840           0.750
gp_scenario_88        0.980           0.91       0.890           0.840
gp_scenario_89        0.960           0.84       0.830           0.790
gp_scenario_90        0.960           0.89       0.880           0.830
gp_scenario_91        0.970           0.82       0.810           0.710
gp_scenario_92        0.970           0.92       0.910           0.870
gp_scenario_93        0.930           0.88       0.860           0.820
gp_scenario_94        0.940           0.91       0.910           0.830
gp_scenario_95        0.960           0.80       0.800           0.670
gp_scenario_96        0.970           0.94       0.930           0.900
gp_scenario_97        0.980           0.86       0.850           0.750
gp_scenario_98        0.950           0.86       0.850           0.810
gp_scenario_99        0.920           0.78       0.770           0.670
gp_scenario_100       0.940           0.85       0.850           0.750
h2_median             0.960           0.86       0.850           0.780
h2_iqr                0.023           0.06       0.053           0.093
