[1] "using maize_env"
Le chargement a nécessité le package : Matrix

Attachement du package : ‘tidyr’

Les objets suivants sont masqués depuis ‘package:Matrix’:

    expand, pack, unpack

Le chargement a nécessité le package : foreach
Le chargement a nécessité le package : iterators
Le chargement a nécessité le package : parallel
Le chargement a nécessité le package : rngtools
This build of rgl does not include OpenGL functions.  Use
 rglwidget() to display results, e.g. via options(rgl.printRglwidget = TRUE).
Le chargement a nécessité le package : Rcpp
Le chargement a nécessité le package : zigg
Le chargement a nécessité le package : RcppParallel

Attachement du package : ‘RcppParallel’

L'objet suivant est masqué depuis ‘package:Rcpp’:

    LdFlags


Rfast: 2.1.5.1
 ___ __ __ __ __    __ __ __ __ __ _             _               __ __ __ __ __     __ __ __ __ __ __   
|  __ __ __ __  |  |  __ __ __ __ _/            / \             |  __ __ __ __ /   /__ __ _   _ __ __\  
| |           | |  | |                         / _ \            | |                        / /          
| |           | |  | |                        / / \ \           | |                       / /          
| |           | |  | |                       / /   \ \          | |                      / /          
| |__ __ __ __| |  | |__ __ __ __           / /     \ \         | |__ __ __ __ _        / /__/\          
|    __ __ __ __|  |  __ __ __ __|         / /__ _ __\ \        |_ __ __ __ _   |      / ___  /           
|   \              | |                    / _ _ _ _ _ _ \                     | |      \/  / /       
| |\ \             | |                   / /           \ \                    | |         / /          
| | \ \            | |                  / /             \ \                   | |        / /          
| |  \ \           | |                 / /               \ \                  | |       / /          
| |   \ \__ __ _   | |                / /                 \ \     _ __ __ __ _| |      / /          
|_|    \__ __ __\  |_|               /_/                   \_\   /_ __ __ __ ___|      \/             team

Attachement du package : ‘Rfast’

Les objets suivants sont masqués depuis ‘package:robustbase’:

    colMedians, rowMedians

L'objet suivant est masqué depuis ‘package:data.table’:

    transpose

Le chargement a nécessité le package : lattice

Attachement du package : ‘plotly’

L'objet suivant est masqué depuis ‘package:ggplot2’:

    last_plot

L'objet suivant est masqué depuis ‘package:MASS’:

    select

L'objet suivant est masqué depuis ‘package:stats’:

    filter

L'objet suivant est masqué depuis ‘package:graphics’:

    layout


Attachement du package : ‘dplyr’

L'objet suivant est masqué depuis ‘package:Rfast’:

    nth

Les objets suivants sont masqués depuis ‘package:data.table’:

    between, first, last

L'objet suivant est masqué depuis ‘package:MASS’:

    select

Les objets suivants sont masqués depuis ‘package:stats’:

    filter, lag

Les objets suivants sont masqués depuis ‘package:base’:

    intersect, setdiff, setequal, union


Attachement du package : ‘kernlab’

L'objet suivant est masqué depuis ‘package:ggplot2’:

    alpha

Le chargement a nécessité le package : corpcor

Attachement du package : ‘corpcor’

L'objet suivant est masqué depuis ‘package:matrixcalc’:

    is.positive.definite

Loaded glmnet 4.1-8

Loaded mixOmics 6.31.5
Thank you for using mixOmics!
Tutorials: http://mixomics.org
Bookdown vignette: https://mixomicsteam.github.io/Bookdown
Questions, issues: Follow the prompts at http://mixomics.org/contact-us
Cite us:  citation('mixOmics')

[1] "kernel: linear"
[1] "trait: plant.height"
                RF_wiser SVR_wiser GBLUP_wiser RKHS_wiser LASSO_wiser
gp_scenario_1       0.76      0.76       0.680      0.780        0.74
gp_scenario_2       0.74      0.75       0.730      0.740        0.71
gp_scenario_3       0.70      0.72       0.670      0.740        0.72
gp_scenario_4       0.65      0.60       0.580      0.610        0.59
gp_scenario_5       0.72      0.73       0.650      0.740        0.67
gp_scenario_6       0.76      0.71       0.690      0.730        0.71
gp_scenario_7       0.75      0.74       0.690      0.720        0.68
gp_scenario_8       0.68      0.72       0.700      0.740        0.66
gp_scenario_9       0.59      0.60       0.550      0.600        0.55
gp_scenario_10      0.66      0.64       0.600      0.680        0.65
gp_scenario_11      0.69      0.72       0.690      0.730        0.67
gp_scenario_12      0.84      0.83       0.780      0.840        0.79
gp_scenario_13      0.60      0.62       0.610      0.620        0.59
gp_scenario_14      0.51      0.56       0.520      0.570        0.49
gp_scenario_15      0.67      0.72       0.680      0.710        0.65
gp_scenario_16      0.44      0.39       0.380      0.400        0.40
gp_scenario_17      0.67      0.68       0.670      0.690        0.52
gp_scenario_18      0.75      0.71       0.670      0.720        0.72
gp_scenario_19      0.82      0.82       0.760      0.820        0.81
gp_scenario_20      0.75      0.78       0.740      0.790        0.71
gp_scenario_21      0.75      0.77       0.710      0.770        0.73
gp_scenario_22      0.65      0.63       0.610      0.640        0.55
gp_scenario_23      0.64      0.63       0.540      0.650        0.57
gp_scenario_24      0.67      0.67       0.630      0.680        0.61
gp_scenario_25      0.72      0.71       0.640      0.720        0.69
gp_scenario_26      0.67      0.66       0.620      0.670        0.66
gp_scenario_27      0.75      0.74       0.680      0.720        0.70
gp_scenario_28      0.71      0.67       0.650      0.700        0.73
gp_scenario_29      0.75      0.73       0.680      0.740        0.66
gp_scenario_30      0.73      0.77       0.740      0.770        0.74
gp_scenario_31      0.70      0.78       0.730      0.780        0.67
gp_scenario_32      0.71      0.68       0.660      0.670        0.65
gp_scenario_33      0.74      0.71       0.700      0.730        0.71
gp_scenario_34      0.67      0.69       0.660      0.690        0.57
gp_scenario_35      0.72      0.67       0.520      0.690        0.68
gp_scenario_36      0.53      0.55       0.490      0.550        0.46
gp_scenario_37      0.73      0.69       0.670      0.700        0.66
gp_scenario_38      0.78      0.84       0.740      0.820        0.79
gp_scenario_39      0.65      0.65       0.560      0.660        0.64
gp_scenario_40      0.70      0.74       0.690      0.740        0.69
gp_scenario_41      0.72      0.75       0.700      0.760        0.67
gp_scenario_42      0.67      0.66       0.660      0.670        0.63
gp_scenario_43      0.67      0.68       0.640      0.690        0.66
gp_scenario_44      0.64      0.65       0.600      0.640        0.60
gp_scenario_45      0.69      0.70       0.660      0.710        0.68
gp_scenario_46      0.72      0.75       0.690      0.750        0.68
gp_scenario_47      0.62      0.64       0.610      0.640        0.60
gp_scenario_48      0.66      0.70       0.690      0.720        0.74
gp_scenario_49      0.76      0.76       0.700      0.740        0.71
gp_scenario_50      0.65      0.68       0.680      0.700        0.66
gp_scenario_51      0.60      0.61       0.600      0.620        0.61
gp_scenario_52      0.74      0.81       0.780      0.830        0.73
gp_scenario_53      0.68      0.69       0.620      0.700        0.64
gp_scenario_54      0.70      0.69       0.640      0.710        0.69
gp_scenario_55      0.74      0.75       0.700      0.740        0.71
gp_scenario_56      0.72      0.72       0.680      0.730        0.66
gp_scenario_57      0.68      0.73       0.690      0.760        0.70
gp_scenario_58      0.78      0.73       0.730      0.760        0.73
gp_scenario_59      0.55      0.54       0.480      0.530        0.54
gp_scenario_60      0.69      0.70       0.680      0.710        0.65
gp_scenario_61      0.71      0.72       0.710      0.740        0.69
gp_scenario_62      0.77      0.76       0.730      0.770        0.74
gp_scenario_63      0.67      0.67       0.590      0.690        0.61
gp_scenario_64      0.69      0.71       0.650      0.700        0.62
gp_scenario_65      0.60      0.65       0.600      0.650        0.61
gp_scenario_66      0.50      0.55       0.470      0.570        0.53
gp_scenario_67      0.76      0.77       0.700      0.780        0.74
gp_scenario_68      0.67      0.66       0.630      0.670        0.51
gp_scenario_69      0.69      0.72       0.720      0.750        0.72
gp_scenario_70      0.65      0.67       0.660      0.670        0.59
gp_scenario_71      0.69      0.70       0.690      0.710        0.69
gp_scenario_72      0.66      0.68       0.600      0.690        0.68
gp_scenario_73      0.59      0.62       0.590      0.620        0.57
gp_scenario_74      0.73      0.70       0.660      0.700        0.70
gp_scenario_75      0.72      0.76       0.710      0.770        0.73
gp_scenario_76      0.56      0.57       0.570      0.590        0.52
gp_scenario_77      0.72      0.67       0.670      0.690        0.69
gp_scenario_78      0.76      0.75       0.700      0.750        0.68
gp_scenario_79      0.78      0.76       0.710      0.770        0.74
gp_scenario_80      0.66      0.73       0.700      0.740        0.68
gp_scenario_81      0.81      0.79       0.730      0.810        0.78
gp_scenario_82      0.67      0.67       0.700      0.690        0.61
gp_scenario_83      0.73      0.73       0.650      0.760        0.74
gp_scenario_84      0.66      0.63       0.570      0.630        0.64
gp_scenario_85      0.65      0.70       0.690      0.720        0.68
gp_scenario_86      0.73      0.70       0.640      0.710        0.68
gp_scenario_87      0.74      0.77       0.730      0.780        0.73
gp_scenario_88      0.62      0.61       0.570      0.630        0.62
gp_scenario_89      0.68      0.67       0.630      0.690        0.69
gp_scenario_90      0.67      0.68       0.700      0.710        0.64
gp_scenario_91      0.71      0.72       0.680      0.740        0.67
gp_scenario_92      0.73      0.70       0.680      0.710        0.74
gp_scenario_93      0.77      0.76       0.640      0.780        0.78
gp_scenario_94      0.65      0.69       0.610      0.700        0.63
gp_scenario_95      0.68      0.65       0.640      0.670        0.58
gp_scenario_96      0.65      0.65       0.620      0.650        0.60
gp_scenario_97      0.72      0.71       0.660      0.730        0.72
gp_scenario_98      0.74      0.76       0.680      0.760        0.69
gp_scenario_99      0.61      0.64       0.610      0.640        0.55
gp_scenario_100     0.78      0.77       0.690      0.770        0.72
pa_median           0.69      0.70       0.670      0.710        0.68
pa_iqr              0.08      0.08       0.083      0.072        0.10
                RF_ls_means SVR_ls_means GBLUP_ls_means RKHS_ls_means
gp_scenario_1         0.073       0.1200          0.190       0.04300
gp_scenario_2         0.230       0.2300          0.250       0.22000
gp_scenario_3         0.300       0.2600          0.230       0.31000
gp_scenario_4        -0.018       0.0560          0.055       0.08700
gp_scenario_5         0.440       0.4200          0.360       0.42000
gp_scenario_6         0.260       0.3000          0.370       0.23000
gp_scenario_7         0.320       0.2900          0.300       0.32000
gp_scenario_8         0.140       0.0940          0.072       0.14000
gp_scenario_9         0.032       0.1500          0.190       0.11000
gp_scenario_10        0.045      -0.0078         -0.038       0.07100
gp_scenario_11        0.430       0.4200          0.390       0.53000
gp_scenario_12        0.150       0.2500          0.360       0.16000
gp_scenario_13        0.061       0.0400          0.065       0.13000
gp_scenario_14        0.130       0.2100          0.310       0.09900
gp_scenario_15        0.180       0.1800          0.230       0.19000
gp_scenario_16        0.100       0.1400          0.140       0.18000
gp_scenario_17        0.320       0.4700          0.500       0.37000
gp_scenario_18        0.300       0.2900          0.310       0.31000
gp_scenario_19        0.360       0.3000          0.310       0.32000
gp_scenario_20       -0.140      -0.1600         -0.081      -0.11000
gp_scenario_21        0.180       0.2000          0.230       0.16000
gp_scenario_22        0.098       0.1700          0.190       0.12000
gp_scenario_23        0.330       0.3500          0.450       0.28000
gp_scenario_24        0.260       0.2600          0.200       0.34000
gp_scenario_25        0.160       0.1900          0.120       0.21000
gp_scenario_26       -0.015       0.1000          0.070       0.13000
gp_scenario_27        0.260       0.3000          0.290       0.30000
gp_scenario_28        0.280       0.2800          0.330       0.25000
gp_scenario_29        0.240       0.1600          0.140       0.21000
gp_scenario_30        0.280       0.3100          0.340       0.17000
gp_scenario_31        0.093       0.1500          0.180       0.18000
gp_scenario_32        0.240       0.2600          0.270       0.37000
gp_scenario_33        0.110       0.1300          0.160       0.16000
gp_scenario_34        0.180       0.2400          0.290       0.24000
gp_scenario_35        0.170       0.1200          0.140       0.13000
gp_scenario_36        0.062       0.1000          0.200       0.08600
gp_scenario_37        0.420       0.3600          0.350       0.53000
gp_scenario_38        0.100       0.1500          0.200       0.07500
gp_scenario_39        0.250       0.2600          0.270       0.25000
gp_scenario_40        0.220       0.2400          0.220       0.27000
gp_scenario_41        0.390       0.3400          0.320       0.42000
gp_scenario_42        0.310       0.2300          0.230       0.25000
gp_scenario_43        0.320       0.3500          0.440       0.33000
gp_scenario_44        0.150       0.1400          0.110       0.07500
gp_scenario_45        0.110       0.1900          0.200       0.17000
gp_scenario_46        0.240       0.2500          0.310       0.24000
gp_scenario_47        0.370       0.3300          0.300       0.42000
gp_scenario_48       -0.060      -0.1700         -0.190      -0.18000
gp_scenario_49        0.110       0.1000          0.140       0.01100
gp_scenario_50        0.280       0.3000          0.310       0.39000
gp_scenario_51        0.200       0.2200          0.220       0.29000
gp_scenario_52        0.240       0.1900          0.310       0.14000
gp_scenario_53        0.270       0.4700          0.500       0.32000
gp_scenario_54        0.260       0.1900          0.160       0.18000
gp_scenario_55        0.150       0.1400          0.150       0.14000
gp_scenario_56        0.220       0.2600          0.250       0.24000
gp_scenario_57        0.160       0.2200          0.190       0.14000
gp_scenario_58        0.130       0.2200          0.300       0.21000
gp_scenario_59        0.230       0.2200          0.260       0.22000
gp_scenario_60        0.170       0.2100          0.230       0.23000
gp_scenario_61        0.250       0.1700          0.190       0.19000
gp_scenario_62        0.170       0.3000          0.330       0.31000
gp_scenario_63        0.200       0.2200          0.290       0.23000
gp_scenario_64        0.150       0.2400          0.280       0.22000
gp_scenario_65        0.099       0.0095          0.022       0.07200
gp_scenario_66        0.360       0.3000          0.390       0.24000
gp_scenario_67        0.170       0.1800          0.140       0.18000
gp_scenario_68        0.190       0.1900          0.230       0.19000
gp_scenario_69        0.250       0.2100          0.130       0.26000
gp_scenario_70        0.290       0.2400          0.270       0.29000
gp_scenario_71        0.160       0.2200          0.140       0.18000
gp_scenario_72        0.054       0.1600          0.190       0.16000
gp_scenario_73        0.130       0.1300          0.170       0.13000
gp_scenario_74        0.210       0.2500          0.250       0.29000
gp_scenario_75        0.330       0.2700          0.210       0.29000
gp_scenario_76        0.170       0.1700          0.170       0.17000
gp_scenario_77        0.180       0.1500          0.140       0.18000
gp_scenario_78        0.140       0.1500          0.190       0.15000
gp_scenario_79        0.360       0.4300          0.420       0.45000
gp_scenario_80        0.280       0.3300          0.370       0.24000
gp_scenario_81        0.240       0.2500          0.220       0.28000
gp_scenario_82        0.056       0.1600          0.170       0.19000
gp_scenario_83        0.300       0.2300          0.290       0.27000
gp_scenario_84        0.290       0.2800          0.190       0.29000
gp_scenario_85        0.027       0.0680          0.170       0.00550
gp_scenario_86        0.110       0.1600          0.150       0.13000
gp_scenario_87       -0.043      -0.0500          0.034      -0.07100
gp_scenario_88        0.090       0.1200          0.150       0.09100
gp_scenario_89        0.180       0.1600          0.150       0.21000
gp_scenario_90        0.400       0.3400          0.370       0.38000
gp_scenario_91        0.200       0.1800          0.230       0.22000
gp_scenario_92        0.180       0.2000          0.150       0.16000
gp_scenario_93        0.120       0.1900          0.310       0.16000
gp_scenario_94       -0.014       0.0110          0.045      -0.00095
gp_scenario_95        0.097       0.2000          0.220       0.30000
gp_scenario_96        0.260       0.1500          0.043       0.28000
gp_scenario_97        0.290       0.2300          0.240       0.29000
gp_scenario_98        0.170       0.2600          0.280       0.20000
gp_scenario_99        0.150       0.2200          0.280       0.22000
gp_scenario_100       0.230       0.2700          0.290       0.22000
pa_median             0.180       0.2200          0.220       0.21000
pa_iqr                0.160       0.1100          0.150       0.15000
                LASSO_ls_means RF_blups SVR_blups GBLUP_blups RKHS_blups
gp_scenario_1           0.1900  0.06600     0.110       0.180    0.04000
gp_scenario_2           0.3600  0.21000     0.220       0.250    0.21000
gp_scenario_3           0.0500  0.30000     0.300       0.230    0.32000
gp_scenario_4           0.1600  0.01100     0.092       0.055    0.08700
gp_scenario_5           0.3000  0.44000     0.450       0.360    0.43000
gp_scenario_6           0.4500  0.29000     0.310       0.370    0.23000
gp_scenario_7           0.3400  0.30000     0.290       0.290    0.31000
gp_scenario_8           0.3300  0.18000     0.150       0.068    0.14000
gp_scenario_9           0.0083  0.06100     0.150       0.190    0.11000
gp_scenario_10          0.1500  0.06900    -0.019      -0.041    0.06700
gp_scenario_11          0.3700  0.40000     0.470       0.380    0.52000
gp_scenario_12         -0.1400  0.14000     0.210       0.360    0.16000
gp_scenario_13          0.0360  0.06000     0.082       0.062    0.13000
gp_scenario_14          0.1200  0.20000     0.140       0.310    0.09900
gp_scenario_15          0.2900  0.16000     0.210       0.230    0.19000
gp_scenario_16          0.2200  0.09500     0.160       0.150    0.18000
gp_scenario_17         -0.0500  0.33000     0.360       0.510    0.38000
gp_scenario_18          0.3500  0.29000     0.350       0.310    0.31000
gp_scenario_19          0.3400  0.34000     0.320       0.310    0.32000
gp_scenario_20          0.0070 -0.12000    -0.094      -0.088   -0.11000
gp_scenario_21          0.0054  0.18000     0.220       0.230    0.16000
gp_scenario_22          0.0610  0.09500     0.150       0.190    0.12000
gp_scenario_23          0.3100  0.34000     0.330       0.460    0.28000
gp_scenario_24          0.1700  0.23000     0.370       0.200    0.33000
gp_scenario_25          0.1000  0.20000     0.220       0.110    0.20000
gp_scenario_26          0.0140 -0.03000     0.190       0.065    0.12000
gp_scenario_27              NA  0.23000     0.290       0.280    0.29000
gp_scenario_28          0.2900  0.24000     0.280       0.340    0.25000
gp_scenario_29          0.2400  0.25000     0.200       0.130    0.21000
gp_scenario_30          0.3600  0.32000     0.240       0.350    0.18000
gp_scenario_31         -0.0360  0.09300     0.210       0.180    0.18000
gp_scenario_32          0.2200  0.24000     0.300       0.280    0.38000
gp_scenario_33          0.2000  0.10000     0.160       0.160    0.16000
gp_scenario_34          0.2200  0.16000     0.250       0.300    0.25000
gp_scenario_35          0.1300  0.13000     0.120       0.120    0.13000
gp_scenario_36          0.2400  0.04500     0.130       0.200    0.09000
gp_scenario_37          0.4200  0.43000     0.440       0.350    0.53000
gp_scenario_38              NA  0.11000     0.092       0.200    0.07700
gp_scenario_39          0.2100  0.24000     0.250       0.270    0.26000
gp_scenario_40          0.2500  0.23000     0.290       0.220    0.26000
gp_scenario_41          0.3200  0.36000     0.400       0.320    0.41000
gp_scenario_42          0.4300  0.25000     0.230       0.230    0.25000
gp_scenario_43          0.2700  0.34000     0.350       0.440    0.33000
gp_scenario_44          0.2000  0.13000     0.150       0.110    0.07600
gp_scenario_45          0.1500  0.16000     0.140       0.200    0.18000
gp_scenario_46          0.0570  0.28000     0.280       0.310    0.25000
gp_scenario_47          0.3300  0.36000     0.320       0.290    0.41000
gp_scenario_48          0.0031 -0.11000    -0.130      -0.180   -0.17000
gp_scenario_49          0.1300  0.05900     0.082       0.130   -0.00086
gp_scenario_50          0.2000  0.25000     0.300       0.300    0.39000
gp_scenario_51          0.4000  0.20000     0.240       0.220    0.29000
gp_scenario_52          0.2400  0.26000     0.220       0.310    0.14000
gp_scenario_53          0.0680  0.27000     0.440       0.480    0.32000
gp_scenario_54          0.2700  0.23000     0.160       0.160    0.18000
gp_scenario_55          0.3100  0.16000     0.150       0.140    0.14000
gp_scenario_56          0.2400  0.21000     0.250       0.250    0.24000
gp_scenario_57         -0.0430  0.15000     0.250       0.190    0.15000
gp_scenario_58          0.2100  0.13000     0.220       0.300    0.20000
gp_scenario_59          0.3000  0.21000     0.230       0.250    0.22000
gp_scenario_60          0.2100  0.15000     0.220       0.230    0.23000
gp_scenario_61          0.2600  0.23000     0.180       0.180    0.19000
gp_scenario_62          0.2100  0.16000     0.380       0.320    0.30000
gp_scenario_63          0.1800  0.15000     0.220       0.290    0.23000
gp_scenario_64         -0.0980  0.18000     0.250       0.290    0.22000
gp_scenario_65          0.1900  0.08400    -0.032       0.024    0.06800
gp_scenario_66          0.3200  0.33000     0.300       0.380    0.24000
gp_scenario_67          0.2000  0.13000     0.250       0.140    0.17000
gp_scenario_68          0.1900  0.20000     0.190       0.240    0.19000
gp_scenario_69          0.3400  0.25000     0.220       0.140    0.26000
gp_scenario_70          0.3100  0.23000     0.210       0.270    0.30000
gp_scenario_71          0.1300  0.12000     0.170       0.140    0.18000
gp_scenario_72          0.1100  0.00140     0.200       0.190    0.15000
gp_scenario_73          0.2700  0.07900     0.170       0.180    0.13000
gp_scenario_74          0.3200  0.22000     0.270       0.260    0.29000
gp_scenario_75          0.0970  0.33000     0.330       0.210    0.29000
gp_scenario_76          0.3300  0.18000     0.170       0.170    0.17000
gp_scenario_77          0.2800  0.17000     0.210       0.140    0.18000
gp_scenario_78          0.2100  0.18000     0.170       0.180    0.15000
gp_scenario_79          0.3000  0.38000     0.480       0.420    0.45000
gp_scenario_80              NA  0.29000     0.340       0.370    0.24000
gp_scenario_81          0.1200  0.23000     0.310       0.220    0.28000
gp_scenario_82         -0.0370  0.08500     0.160       0.170    0.19000
gp_scenario_83          0.3900  0.35000     0.260       0.290    0.27000
gp_scenario_84              NA  0.33000     0.350       0.190    0.29000
gp_scenario_85          0.1100  0.01700     0.055       0.170    0.00810
gp_scenario_86          0.1200  0.10000     0.210       0.150    0.13000
gp_scenario_87         -0.1400 -0.01900    -0.034       0.042   -0.06900
gp_scenario_88          0.2100  0.05700     0.075       0.150    0.08700
gp_scenario_89          0.0640  0.14000     0.260       0.130    0.20000
gp_scenario_90          0.3600  0.37000     0.350       0.360    0.38000
gp_scenario_91          0.2500  0.19000     0.220       0.230    0.21000
gp_scenario_92          0.1600  0.18000     0.210       0.150    0.16000
gp_scenario_93          0.1800  0.11000     0.150       0.320    0.16000
gp_scenario_94          0.2000  0.00072     0.051       0.039   -0.00630
gp_scenario_95          0.2000  0.12000     0.170       0.210    0.30000
gp_scenario_96          0.1700  0.28000     0.210       0.038    0.27000
gp_scenario_97          0.2900  0.21000     0.250       0.250    0.29000
gp_scenario_98          0.2500  0.22000     0.260       0.280    0.20000
gp_scenario_99          0.2600  0.17000     0.210       0.280    0.23000
gp_scenario_100         0.3100  0.21000     0.280       0.290    0.22000
pa_median               0.2100  0.20000     0.220       0.220    0.20000
pa_iqr                  0.1800  0.14000     0.130       0.150    0.14000
                LASSO_blups RF_blups_pca SVR_blups_pca GBLUP_blups_pca
gp_scenario_1            NA     -0.02500        0.0058          0.1200
gp_scenario_2        0.3500      0.07100        0.0330          0.1200
gp_scenario_3        0.1600      0.18000        0.2200          0.1900
gp_scenario_4        0.1500     -0.00470       -0.0250         -0.0035
gp_scenario_5        0.3200      0.48000        0.4300          0.3700
gp_scenario_6            NA      0.25000        0.2300          0.3000
gp_scenario_7        0.3500      0.19000        0.1500          0.1900
gp_scenario_8        0.3500      0.07500        0.0740          0.0260
gp_scenario_9        0.0670      0.05900        0.1600          0.1800
gp_scenario_10       0.1300     -0.05200       -0.1500         -0.1100
gp_scenario_11       0.3700      0.29000        0.3300          0.3000
gp_scenario_12      -0.1400      0.19000        0.1600          0.3300
gp_scenario_13       0.0320     -0.03500       -0.0530         -0.0170
gp_scenario_14       0.1500      0.12000        0.0830          0.2700
gp_scenario_15       0.3200      0.17000        0.2200          0.2400
gp_scenario_16       0.2200      0.08300        0.1200          0.1300
gp_scenario_17      -0.0400      0.25000        0.2500          0.4200
gp_scenario_18       0.3600      0.30000        0.3400          0.2900
gp_scenario_19       0.3300      0.25000        0.2100          0.2200
gp_scenario_20       0.0390     -0.13000       -0.1400         -0.0780
gp_scenario_21      -0.1200      0.21000        0.1900          0.1900
gp_scenario_22       0.0980      0.16000        0.1500          0.2100
gp_scenario_23       0.3000      0.20000        0.2100          0.3600
gp_scenario_24       0.1200      0.12000        0.2700          0.1800
gp_scenario_25       0.0880      0.09500        0.0560          0.0130
gp_scenario_26       0.1200     -0.13000        0.0640         -0.0500
gp_scenario_27           NA      0.22000        0.2300          0.2300
gp_scenario_28       0.2500      0.16000        0.1900          0.2700
gp_scenario_29       0.2700      0.14000        0.1200          0.1200
gp_scenario_30       0.2400      0.40000        0.2600          0.3600
gp_scenario_31       0.1100      0.14000        0.1800          0.1600
gp_scenario_32       0.2500      0.16000        0.2000          0.2500
gp_scenario_33       0.1900      0.02100        0.0900          0.1100
gp_scenario_34       0.2300      0.13000        0.1700          0.2600
gp_scenario_35       0.1500      0.07000       -0.0093          0.0290
gp_scenario_36           NA     -0.07800        0.0094          0.1100
gp_scenario_37       0.4000      0.22000        0.2700          0.2800
gp_scenario_38       0.0480      0.07900        0.0150          0.1400
gp_scenario_39       0.2100      0.29000        0.2300          0.2700
gp_scenario_40       0.2700      0.21000        0.2500          0.1700
gp_scenario_41       0.3500      0.29000        0.2800          0.2400
gp_scenario_42           NA      0.17000        0.1200          0.1600
gp_scenario_43       0.2700      0.28000        0.2900          0.4000
gp_scenario_44       0.1600      0.05500        0.0840          0.0470
gp_scenario_45       0.1100      0.19000        0.1800          0.2500
gp_scenario_46       0.2400      0.11000        0.1400          0.2200
gp_scenario_47       0.1100      0.17000        0.1700          0.2000
gp_scenario_48      -0.0120      0.03400       -0.1100         -0.1600
gp_scenario_49       0.0620      0.17000        0.1100          0.1600
gp_scenario_50       0.1800      0.13000        0.1600          0.2300
gp_scenario_51           NA      0.05100        0.1100          0.1400
gp_scenario_52       0.2200      0.10000        0.1100          0.2300
gp_scenario_53           NA      0.27000        0.4700          0.4900
gp_scenario_54       0.2500      0.26000        0.1100          0.1500
gp_scenario_55       0.3100      0.20000        0.0840          0.0930
gp_scenario_56       0.2600      0.12000        0.1900          0.1900
gp_scenario_57      -0.0860      0.08900        0.1300          0.1300
gp_scenario_58       0.2200      0.08000        0.1300          0.2400
gp_scenario_59       0.2900      0.16000        0.1200          0.1700
gp_scenario_60       0.2200      0.15000        0.1800          0.2300
gp_scenario_61       0.2400      0.23000        0.1100          0.1200
gp_scenario_62       0.2000      0.20000        0.3500          0.2900
gp_scenario_63       0.1800      0.05800        0.1100          0.2300
gp_scenario_64      -0.2300      0.01700        0.1300          0.1800
gp_scenario_65       0.2000      0.01900       -0.1400         -0.0420
gp_scenario_66       0.2700      0.26000        0.2200          0.3200
gp_scenario_67       0.1900      0.16000        0.2400          0.1400
gp_scenario_68       0.1900      0.16000        0.1600          0.2200
gp_scenario_69           NA      0.15000        0.1400          0.1000
gp_scenario_70       0.2900      0.19000        0.0420          0.1700
gp_scenario_71       0.1100      0.09700        0.0740          0.0740
gp_scenario_72       0.0960     -0.07500        0.0770          0.0990
gp_scenario_73       0.2800      0.08800        0.1400          0.1800
gp_scenario_74       0.1600      0.08200        0.1600          0.1800
gp_scenario_75           NA      0.28000        0.3000          0.1800
gp_scenario_76       0.3200      0.14000        0.1200          0.1200
gp_scenario_77       0.2700      0.12000        0.1200          0.1000
gp_scenario_78       0.1800     -0.01700        0.0098          0.0820
gp_scenario_79       0.3000      0.25000        0.3800          0.3500
gp_scenario_80           NA      0.32000        0.3400          0.3600
gp_scenario_81       0.1400      0.20000        0.2400          0.1800
gp_scenario_82       0.0075      0.03700        0.0980          0.1300
gp_scenario_83       0.2200      0.12000        0.0880          0.1800
gp_scenario_84      -0.1900      0.36000        0.3200          0.1500
gp_scenario_85       0.1300      0.03400       -0.0460          0.1200
gp_scenario_86       0.1300      0.06200        0.1700          0.1200
gp_scenario_87      -0.1400     -0.12000       -0.1100         -0.0005
gp_scenario_88       0.2100      0.03000       -0.0100          0.0970
gp_scenario_89       0.0510      0.03800        0.2000          0.1200
gp_scenario_90           NA      0.19000        0.1200          0.2000
gp_scenario_91       0.2100      0.18000        0.1600          0.1900
gp_scenario_92           NA      0.18000        0.1200          0.0700
gp_scenario_93       0.1600      0.09800        0.1200          0.3000
gp_scenario_94       0.2500     -0.02400        0.0390          0.0410
gp_scenario_95       0.1300     -0.00021        0.0560          0.1400
gp_scenario_96       0.1800      0.12000        0.0740         -0.0330
gp_scenario_97       0.2800      0.13000        0.1100          0.1300
gp_scenario_98       0.2800      0.25000        0.3000          0.3100
gp_scenario_99       0.2900      0.06600        0.1400          0.2300
gp_scenario_100      0.3800      0.20000        0.2200          0.2600
pa_median            0.2000      0.14000        0.1400          0.1800
pa_iqr               0.1500      0.14000        0.1400          0.1200
                RKHS_blups_pca LASSO_blups_pca
gp_scenario_1         -0.14000              NA
gp_scenario_2         -0.04800           0.260
gp_scenario_3          0.11000           0.280
gp_scenario_4         -0.05200           0.062
gp_scenario_5          0.36000           0.380
gp_scenario_6          0.06100           0.420
gp_scenario_7          0.12000           0.320
gp_scenario_8          0.01700              NA
gp_scenario_9         -0.01700           0.022
gp_scenario_10        -0.06300          -0.043
gp_scenario_11         0.20000           0.120
gp_scenario_12         0.06300              NA
gp_scenario_13         0.00079          -0.040
gp_scenario_14        -0.11000           0.200
gp_scenario_15         0.09600           0.320
gp_scenario_16         0.05500           0.230
gp_scenario_17         0.10000           0.074
gp_scenario_18         0.28000           0.340
gp_scenario_19         0.16000           0.270
gp_scenario_20        -0.17000           0.061
gp_scenario_21         0.06900           0.130
gp_scenario_22         0.09300           0.087
gp_scenario_23        -0.00470           0.290
gp_scenario_24         0.16000           0.160
gp_scenario_25        -0.04300           0.039
gp_scenario_26        -0.06800          -0.051
gp_scenario_27         0.14000              NA
gp_scenario_28         0.11000           0.080
gp_scenario_29         0.07200           0.270
gp_scenario_30         0.04700           0.300
gp_scenario_31         0.03500           0.300
gp_scenario_32         0.08500           0.240
gp_scenario_33         0.04800              NA
gp_scenario_34         0.11000           0.250
gp_scenario_35        -0.01800           0.160
gp_scenario_36        -0.07400              NA
gp_scenario_37         0.16000           0.210
gp_scenario_38        -0.03200           0.180
gp_scenario_39         0.17000           0.310
gp_scenario_40         0.15000           0.180
gp_scenario_41         0.21000           0.290
gp_scenario_42         0.06600           0.250
gp_scenario_43         0.17000           0.320
gp_scenario_44        -0.02700           0.180
gp_scenario_45         0.07500           0.140
gp_scenario_46         0.04800           0.190
gp_scenario_47         0.18000           0.210
gp_scenario_48        -0.15000           0.120
gp_scenario_49        -0.07700          -0.038
gp_scenario_50         0.15000           0.180
gp_scenario_51         0.08300           0.390
gp_scenario_52        -0.00590           0.140
gp_scenario_53         0.22000              NA
gp_scenario_54         0.09600           0.200
gp_scenario_55         0.02800           0.170
gp_scenario_56         0.07500              NA
gp_scenario_57        -0.06100           0.065
gp_scenario_58         0.03500           0.170
gp_scenario_59         0.06300           0.150
gp_scenario_60         0.15000           0.230
gp_scenario_61         0.09700           0.290
gp_scenario_62         0.15000           0.250
gp_scenario_63         0.06500           0.140
gp_scenario_64         0.03900          -0.220
gp_scenario_65        -0.04000           0.160
gp_scenario_66         0.01600           0.350
gp_scenario_67         0.07100           0.240
gp_scenario_68         0.11000              NA
gp_scenario_69         0.05200           0.300
gp_scenario_70         0.06200           0.320
gp_scenario_71         0.03600           0.160
gp_scenario_72        -0.04900          -0.062
gp_scenario_73         0.05500           0.230
gp_scenario_74         0.04500           0.120
gp_scenario_75         0.22000          -0.022
gp_scenario_76         0.05500           0.240
gp_scenario_77         0.04100           0.230
gp_scenario_78        -0.03100           0.088
gp_scenario_79         0.28000           0.280
gp_scenario_80         0.12000              NA
gp_scenario_81         0.10000           0.140
gp_scenario_82         0.13000          -0.014
gp_scenario_83         0.07100           0.300
gp_scenario_84         0.27000           0.190
gp_scenario_85        -0.13000           0.072
gp_scenario_86        -0.04700           0.150
gp_scenario_87        -0.16000          -0.200
gp_scenario_88        -0.05100           0.210
gp_scenario_89        -0.01700           0.150
gp_scenario_90         0.00650           0.240
gp_scenario_91         0.07400           0.290
gp_scenario_92        -0.04300           0.240
gp_scenario_93        -0.00270           0.270
gp_scenario_94        -0.02800              NA
gp_scenario_95         0.16000           0.190
gp_scenario_96         0.12000           0.077
gp_scenario_97         0.16000           0.110
gp_scenario_98         0.15000              NA
gp_scenario_99         0.12000           0.170
gp_scenario_100        0.09200           0.230
pa_median              0.06300           0.190
pa_iqr                 0.14000           0.150
                GBLUP_wiser GBLUP_ls_means GBLUP_blups GBLUP_blups_pca
gp_scenario_1          0.65         0.3500      0.3600         0.00870
gp_scenario_2          0.71         0.2800      0.2900         0.00520
gp_scenario_3          0.67         0.3400      0.3200         0.00240
gp_scenario_4          0.72         0.5500      0.5500         0.45000
gp_scenario_5          0.66         0.1800      0.1700         0.00049
gp_scenario_6          0.66         0.2100      0.2100         0.00120
gp_scenario_7          0.70         0.3000      0.3100         0.00360
gp_scenario_8          0.67         0.3700      0.3600         0.00300
gp_scenario_9          0.72         0.3900      0.3900         0.00230
gp_scenario_10         0.66         0.5100      0.5100         0.36000
gp_scenario_11         0.63         0.0011      0.0013         0.00054
gp_scenario_12         0.69         0.3900      0.3900         0.03200
gp_scenario_13         0.73         0.6000      0.6000         0.51000
gp_scenario_14         0.70         0.2900      0.2900         0.00200
gp_scenario_15         0.66         0.3500      0.3400         0.00190
gp_scenario_16         0.79         0.3600      0.3500         0.00270
gp_scenario_17         0.65         0.0210      0.0160         0.00061
gp_scenario_18         0.69         0.2000      0.2000         0.00063
gp_scenario_19         0.66         0.2600      0.2700         0.00140
gp_scenario_20         0.65         0.5500      0.5500         0.48000
gp_scenario_21         0.71         0.4700      0.4800         0.02400
gp_scenario_22         0.71         0.4700      0.4600         0.00180
gp_scenario_23         0.66         0.0170      0.0140         0.00076
gp_scenario_24         0.67         0.3000      0.3000         0.00180
gp_scenario_25         0.69         0.2800      0.2800         0.05200
gp_scenario_26         0.69         0.3700      0.3800         0.14000
gp_scenario_27         0.71         0.2600      0.2700         0.00130
gp_scenario_28         0.69         0.3800      0.3800         0.01200
gp_scenario_29         0.71         0.3600      0.3500         0.00420
gp_scenario_30         0.61         0.2400      0.2400         0.00062
gp_scenario_31         0.63         0.2400      0.2300         0.00100
gp_scenario_32         0.78         0.2000      0.2000         0.00130
gp_scenario_33         0.64         0.4000      0.4000         0.00690
gp_scenario_34         0.67         0.3300      0.3300         0.00170
gp_scenario_35         0.71         0.4400      0.4400         0.28000
gp_scenario_36         0.75         0.4800      0.4800         0.34000
gp_scenario_37         0.67         0.0023      0.0025         0.00067
gp_scenario_38         0.68         0.4400      0.4500         0.09900
gp_scenario_39         0.69         0.3000      0.2900         0.00110
gp_scenario_40         0.66         0.3700      0.3700         0.00240
gp_scenario_41         0.63         0.0250      0.0270         0.00070
gp_scenario_42         0.72         0.1100      0.1200         0.00120
gp_scenario_43         0.66         0.3100      0.3000         0.00150
gp_scenario_44         0.69         0.4900      0.4900         0.38000
gp_scenario_45         0.73         0.4100      0.4200         0.00170
gp_scenario_46         0.66         0.2400      0.2200         0.00850
gp_scenario_47         0.69         0.0300      0.0430         0.00091
gp_scenario_48         0.68         0.5900      0.5800         0.47000
gp_scenario_49         0.70         0.3700      0.3900         0.00280
gp_scenario_50         0.63         0.0068      0.0078         0.00071
gp_scenario_51         0.72         0.1700      0.1800         0.00110
gp_scenario_52         0.66         0.3400      0.3400         0.13000
gp_scenario_53         0.68         0.2200      0.2200         0.00090
gp_scenario_54         0.67         0.4800      0.4800         0.00570
gp_scenario_55         0.67         0.4000      0.4000         0.00570
gp_scenario_56         0.68         0.2300      0.2300         0.00130
gp_scenario_57         0.65         0.3000      0.3000         0.00910
gp_scenario_58         0.64         0.3400      0.3400         0.00320
gp_scenario_59         0.68         0.4500      0.4500         0.09100
gp_scenario_60         0.75         0.3300      0.3300         0.00098
gp_scenario_61         0.67         0.3000      0.3100         0.00220
gp_scenario_62         0.63         0.3500      0.3600         0.00270
gp_scenario_63         0.67         0.3600      0.3600         0.01000
gp_scenario_64         0.63         0.2400      0.2400         0.00180
gp_scenario_65         0.80         0.4600      0.4600         0.00240
gp_scenario_66         0.70         0.2800      0.2800         0.00230
gp_scenario_67         0.67         0.3600      0.3600         0.00210
gp_scenario_68         0.77         0.4700      0.4700         0.00800
gp_scenario_69         0.65         0.2400      0.2400         0.00130
gp_scenario_70         0.65         0.2100      0.2100         0.00200
gp_scenario_71         0.64         0.2700      0.2700         0.00620
gp_scenario_72         0.68         0.3600      0.3600         0.00670
gp_scenario_73         0.70         0.3900      0.3900         0.01300
gp_scenario_74         0.72         0.5500      0.5600         0.00280
gp_scenario_75         0.67         0.0460      0.0410         0.00049
gp_scenario_76         0.71         0.3800      0.3700         0.00210
gp_scenario_77         0.69         0.3900      0.3800         0.00680
gp_scenario_78         0.67         0.4000      0.4100         0.16000
gp_scenario_79         0.68         0.0110      0.0150         0.00066
gp_scenario_80         0.65         0.2900      0.2900         0.00110
gp_scenario_81         0.64         0.2000      0.2100         0.00080
gp_scenario_82         0.73         0.6200      0.6200         0.48000
gp_scenario_83         0.65         0.3300      0.3300         0.02500
gp_scenario_84         0.68         0.1800      0.1800         0.00062
gp_scenario_85         0.69         0.3200      0.3200         0.02100
gp_scenario_86         0.67         0.2500      0.2500         0.00180
gp_scenario_87         0.71         0.4900      0.4900         0.38000
gp_scenario_88         0.66         0.4000      0.4000         0.00190
gp_scenario_89         0.69         0.2800      0.2800         0.00150
gp_scenario_90         0.65         0.1900      0.1900         0.00420
gp_scenario_91         0.67         0.3500      0.3600         0.00230
gp_scenario_92         0.73         0.3000      0.2800         0.00320
gp_scenario_93         0.65         0.3400      0.3400         0.00220
gp_scenario_94         0.68         0.3800      0.3800         0.01300
gp_scenario_95         0.71         0.3500      0.3700         0.00210
gp_scenario_96         0.73         0.2600      0.2600         0.00170
gp_scenario_97         0.66         0.3400      0.3400         0.00300
gp_scenario_98         0.69         0.2200      0.2200         0.00055
gp_scenario_99         0.76         0.4100      0.4200         0.08800
gp_scenario_100        0.62         0.2800      0.2800         0.00150
h2_median              0.68         0.3400      0.3300         0.00230
h2_iqr                 0.05         0.1500      0.1500         0.00800
