[1] "using maize_env"
Le chargement a nécessité le package : Matrix

Attachement du package : ‘tidyr’

Les objets suivants sont masqués depuis ‘package:Matrix’:

    expand, pack, unpack

Le chargement a nécessité le package : foreach
Le chargement a nécessité le package : iterators
Le chargement a nécessité le package : parallel
Le chargement a nécessité le package : rngtools
This build of rgl does not include OpenGL functions.  Use
 rglwidget() to display results, e.g. via options(rgl.printRglwidget = TRUE).
Le chargement a nécessité le package : Rcpp
Le chargement a nécessité le package : zigg
Le chargement a nécessité le package : RcppParallel

Attachement du package : ‘RcppParallel’

L'objet suivant est masqué depuis ‘package:Rcpp’:

    LdFlags


Rfast: 2.1.5.1
 ___ __ __ __ __    __ __ __ __ __ _             _               __ __ __ __ __     __ __ __ __ __ __   
|  __ __ __ __  |  |  __ __ __ __ _/            / \             |  __ __ __ __ /   /__ __ _   _ __ __\  
| |           | |  | |                         / _ \            | |                        / /          
| |           | |  | |                        / / \ \           | |                       / /          
| |           | |  | |                       / /   \ \          | |                      / /          
| |__ __ __ __| |  | |__ __ __ __           / /     \ \         | |__ __ __ __ _        / /__/\          
|    __ __ __ __|  |  __ __ __ __|         / /__ _ __\ \        |_ __ __ __ _   |      / ___  /           
|   \              | |                    / _ _ _ _ _ _ \                     | |      \/  / /       
| |\ \             | |                   / /           \ \                    | |         / /          
| | \ \            | |                  / /             \ \                   | |        / /          
| |  \ \           | |                 / /               \ \                  | |       / /          
| |   \ \__ __ _   | |                / /                 \ \     _ __ __ __ _| |      / /          
|_|    \__ __ __\  |_|               /_/                   \_\   /_ __ __ __ ___|      \/             team

Attachement du package : ‘Rfast’

Les objets suivants sont masqués depuis ‘package:robustbase’:

    colMedians, rowMedians

L'objet suivant est masqué depuis ‘package:data.table’:

    transpose

Le chargement a nécessité le package : lattice

Attachement du package : ‘plotly’

L'objet suivant est masqué depuis ‘package:ggplot2’:

    last_plot

L'objet suivant est masqué depuis ‘package:MASS’:

    select

L'objet suivant est masqué depuis ‘package:stats’:

    filter

L'objet suivant est masqué depuis ‘package:graphics’:

    layout


Attachement du package : ‘dplyr’

L'objet suivant est masqué depuis ‘package:Rfast’:

    nth

Les objets suivants sont masqués depuis ‘package:data.table’:

    between, first, last

L'objet suivant est masqué depuis ‘package:MASS’:

    select

Les objets suivants sont masqués depuis ‘package:stats’:

    filter, lag

Les objets suivants sont masqués depuis ‘package:base’:

    intersect, setdiff, setequal, union


Attachement du package : ‘kernlab’

L'objet suivant est masqué depuis ‘package:ggplot2’:

    alpha

Le chargement a nécessité le package : corpcor

Attachement du package : ‘corpcor’

L'objet suivant est masqué depuis ‘package:matrixcalc’:

    is.positive.definite

Loaded glmnet 4.1-8

Loaded mixOmics 6.31.5
Thank you for using mixOmics!
Tutorials: http://mixomics.org
Bookdown vignette: https://mixomicsteam.github.io/Bookdown
Questions, issues: Follow the prompts at http://mixomics.org/contact-us
Cite us:  citation('mixOmics')

[1] "kernel: linear"
[1] "trait: anthesis"
                RF_wiser SVR_wiser GBLUP_wiser RKHS_wiser LASSO_wiser
gp_scenario_1       0.62     0.670       0.700       0.70        0.62
gp_scenario_2       0.65     0.730       0.770       0.77        0.73
gp_scenario_3       0.64     0.700       0.690       0.70        0.53
gp_scenario_4       0.68     0.720       0.750       0.75        0.61
gp_scenario_5       0.63     0.730       0.750       0.75        0.71
gp_scenario_6       0.66     0.730       0.760       0.76        0.58
gp_scenario_7       0.64     0.710       0.730       0.73        0.62
gp_scenario_8       0.56     0.650       0.660       0.67        0.44
gp_scenario_9       0.63     0.710       0.720       0.73        0.53
gp_scenario_10      0.67     0.750       0.750       0.76        0.62
gp_scenario_11      0.70     0.790       0.810       0.81        0.75
gp_scenario_12      0.68     0.740       0.740       0.74        0.64
gp_scenario_13      0.66     0.710       0.730       0.73        0.67
gp_scenario_14      0.43     0.540       0.620       0.61        0.48
gp_scenario_15      0.59     0.710       0.720       0.73        0.67
gp_scenario_16      0.58     0.670       0.730       0.72        0.64
gp_scenario_17      0.62     0.660       0.670       0.67        0.64
gp_scenario_18      0.81     0.870       0.890       0.89        0.75
gp_scenario_19      0.69     0.730       0.730       0.73        0.69
gp_scenario_20      0.58     0.690       0.730       0.72        0.71
gp_scenario_21      0.65     0.730       0.780       0.78        0.71
gp_scenario_22      0.51     0.610       0.640       0.64        0.58
gp_scenario_23      0.66     0.720       0.740       0.74        0.72
gp_scenario_24      0.71     0.760       0.780       0.78        0.69
gp_scenario_25      0.72     0.780       0.790       0.79        0.68
gp_scenario_26      0.74     0.750       0.780       0.78        0.67
gp_scenario_27      0.64     0.700       0.710       0.71        0.62
gp_scenario_28      0.62     0.740       0.760       0.76        0.71
gp_scenario_29      0.70     0.770       0.800       0.79        0.72
gp_scenario_30      0.62     0.690       0.710       0.71        0.60
gp_scenario_31      0.54     0.660       0.690       0.69        0.54
gp_scenario_32      0.69     0.680       0.670       0.67        0.67
gp_scenario_33      0.69     0.740       0.780       0.78        0.68
gp_scenario_34      0.67     0.760       0.780       0.78        0.72
gp_scenario_35      0.62     0.700       0.750       0.75        0.64
gp_scenario_36      0.71     0.780       0.790       0.80        0.72
gp_scenario_37      0.70     0.750       0.750       0.75        0.63
gp_scenario_38      0.68     0.740       0.760       0.76        0.72
gp_scenario_39      0.64     0.700       0.740       0.74        0.64
gp_scenario_40      0.64     0.710       0.730       0.73        0.67
gp_scenario_41      0.67     0.720       0.750       0.75        0.71
gp_scenario_42      0.71     0.710       0.700       0.70        0.72
gp_scenario_43      0.68     0.760       0.800       0.80        0.70
gp_scenario_44      0.71     0.780       0.800       0.80        0.65
gp_scenario_45      0.54     0.600       0.620       0.62        0.52
gp_scenario_46      0.57     0.670       0.710       0.70        0.60
gp_scenario_47      0.72     0.770       0.780       0.78        0.71
gp_scenario_48      0.59     0.670       0.700       0.70        0.59
gp_scenario_49      0.53     0.630       0.680       0.68        0.54
gp_scenario_50      0.79     0.850       0.880       0.88        0.78
gp_scenario_51      0.54     0.630       0.640       0.65        0.59
gp_scenario_52      0.63     0.680       0.700       0.70        0.68
gp_scenario_53      0.72     0.780       0.810       0.81        0.72
gp_scenario_54      0.69     0.730       0.730       0.74        0.60
gp_scenario_55      0.66     0.730       0.780       0.77        0.71
gp_scenario_56      0.63     0.720       0.710       0.71        0.61
gp_scenario_57      0.69     0.730       0.770       0.76        0.73
gp_scenario_58      0.57     0.630       0.660       0.66        0.65
gp_scenario_59      0.62     0.730       0.770       0.77        0.75
gp_scenario_60      0.67     0.740       0.770       0.77        0.67
gp_scenario_61      0.70     0.770       0.780       0.78        0.68
gp_scenario_62      0.65     0.710       0.710       0.72        0.69
gp_scenario_63      0.69     0.730       0.750       0.75        0.69
gp_scenario_64      0.62     0.660       0.700       0.70        0.55
gp_scenario_65      0.58     0.690       0.690       0.70        0.62
gp_scenario_66      0.50     0.670       0.720       0.72        0.66
gp_scenario_67      0.68     0.710       0.720       0.72        0.74
gp_scenario_68      0.70     0.740       0.760       0.76        0.71
gp_scenario_69      0.73     0.820       0.830       0.83        0.74
gp_scenario_70      0.61     0.660       0.690       0.69        0.62
gp_scenario_71      0.62     0.720       0.730       0.73        0.67
gp_scenario_72      0.55     0.630       0.690       0.68        0.63
gp_scenario_73      0.57     0.660       0.680       0.68        0.61
gp_scenario_74      0.72     0.800       0.810       0.82        0.71
gp_scenario_75      0.78     0.800       0.810       0.81        0.77
gp_scenario_76      0.60     0.650       0.690       0.68        0.48
gp_scenario_77      0.64     0.730       0.750       0.75        0.70
gp_scenario_78      0.65     0.710       0.740       0.73        0.72
gp_scenario_79      0.68     0.770       0.770       0.77        0.71
gp_scenario_80      0.69     0.750       0.780       0.78        0.64
gp_scenario_81      0.68     0.780       0.790       0.80        0.67
gp_scenario_82      0.68     0.740       0.770       0.77        0.74
gp_scenario_83      0.50     0.640       0.690       0.69        0.53
gp_scenario_84      0.67     0.760       0.770       0.77        0.58
gp_scenario_85      0.67     0.700       0.710       0.71        0.67
gp_scenario_86      0.75     0.790       0.820       0.82        0.73
gp_scenario_87      0.45     0.560       0.610       0.61        0.48
gp_scenario_88      0.62     0.670       0.650       0.66        0.54
gp_scenario_89      0.74     0.770       0.770       0.77        0.68
gp_scenario_90      0.60     0.720       0.730       0.74        0.64
gp_scenario_91      0.68     0.710       0.740       0.74        0.72
gp_scenario_92      0.59     0.640       0.640       0.65        0.64
gp_scenario_93      0.63     0.700       0.720       0.72        0.56
gp_scenario_94      0.68     0.730       0.750       0.75        0.67
gp_scenario_95      0.62     0.700       0.730       0.73        0.60
gp_scenario_96      0.69     0.730       0.740       0.74        0.66
gp_scenario_97      0.73     0.770       0.780       0.78        0.77
gp_scenario_98      0.64     0.720       0.730       0.74        0.66
gp_scenario_99      0.66     0.720       0.760       0.75        0.57
gp_scenario_100     0.60     0.750       0.790       0.79        0.69
pa_median           0.66     0.720       0.740       0.74        0.67
pa_iqr              0.07     0.062       0.065       0.07        0.10
                RF_ls_means SVR_ls_means GBLUP_ls_means RKHS_ls_means
gp_scenario_1         0.620         0.64           0.66         0.660
gp_scenario_2         0.730         0.76           0.77         0.780
gp_scenario_3         0.720         0.74           0.72         0.730
gp_scenario_4         0.610         0.67           0.69         0.690
gp_scenario_5         0.660         0.66           0.63         0.650
gp_scenario_6         0.620         0.65           0.68         0.680
gp_scenario_7         0.720         0.74           0.73         0.740
gp_scenario_8         0.570         0.65           0.63         0.650
gp_scenario_9         0.660         0.67           0.68         0.690
gp_scenario_10        0.700         0.70           0.68         0.700
gp_scenario_11        0.710         0.71           0.71         0.720
gp_scenario_12        0.640         0.68           0.66         0.680
gp_scenario_13        0.680         0.70           0.69         0.700
gp_scenario_14        0.420         0.50           0.55         0.550
gp_scenario_15        0.750         0.78           0.77         0.790
gp_scenario_16        0.670         0.71           0.74         0.740
gp_scenario_17        0.650         0.68           0.71         0.710
gp_scenario_18        0.730         0.80           0.83         0.830
gp_scenario_19        0.690         0.72           0.72         0.720
gp_scenario_20        0.520         0.59           0.62         0.610
gp_scenario_21        0.640         0.73           0.75         0.750
gp_scenario_22        0.520         0.56           0.58         0.580
gp_scenario_23        0.600         0.65           0.66         0.670
gp_scenario_24        0.780         0.77           0.76         0.780
gp_scenario_25        0.680         0.72           0.72         0.730
gp_scenario_26        0.760         0.75           0.76         0.770
gp_scenario_27        0.710         0.70           0.70         0.710
gp_scenario_28        0.630         0.72           0.72         0.730
gp_scenario_29        0.650         0.70           0.74         0.740
gp_scenario_30        0.600         0.61           0.63         0.640
gp_scenario_31        0.560         0.58           0.59         0.600
gp_scenario_32        0.750         0.71           0.69         0.700
gp_scenario_33        0.610         0.68           0.71         0.710
gp_scenario_34        0.680         0.74           0.75         0.760
gp_scenario_35        0.560         0.64           0.69         0.670
gp_scenario_36        0.740         0.76           0.77         0.780
gp_scenario_37        0.630         0.66           0.64         0.650
gp_scenario_38        0.650         0.68           0.69         0.690
gp_scenario_39        0.660         0.69           0.70         0.720
gp_scenario_40        0.640         0.67           0.68         0.680
gp_scenario_41        0.620         0.66           0.66         0.660
gp_scenario_42        0.660         0.69           0.69         0.700
gp_scenario_43        0.680         0.72           0.72         0.730
gp_scenario_44        0.720         0.80           0.80         0.810
gp_scenario_45        0.580         0.60           0.61         0.620
gp_scenario_46        0.660         0.65           0.65         0.660
gp_scenario_47        0.750         0.77           0.75         0.760
gp_scenario_48        0.590         0.66           0.67         0.670
gp_scenario_49        0.540         0.58           0.62         0.610
gp_scenario_50        0.730         0.79           0.81         0.820
gp_scenario_51        0.680         0.69           0.68         0.690
gp_scenario_52        0.550         0.57           0.60         0.600
gp_scenario_53        0.680         0.73           0.75         0.740
gp_scenario_54        0.780         0.82           0.79         0.800
gp_scenario_55        0.640         0.67           0.69         0.690
gp_scenario_56        0.710         0.70           0.68         0.690
gp_scenario_57        0.620         0.67           0.70         0.690
gp_scenario_58        0.510         0.55           0.59         0.590
gp_scenario_59        0.680         0.73           0.72         0.730
gp_scenario_60        0.730         0.77           0.78         0.790
gp_scenario_61        0.650         0.68           0.69         0.690
gp_scenario_62        0.670         0.70           0.69         0.710
gp_scenario_63        0.600         0.67           0.67         0.680
gp_scenario_64        0.680         0.69           0.71         0.710
gp_scenario_65        0.700         0.71           0.70         0.720
gp_scenario_66        0.570         0.64           0.68         0.680
gp_scenario_67        0.750         0.78           0.78         0.790
gp_scenario_68        0.630         0.66           0.67         0.680
gp_scenario_69        0.720         0.76           0.76         0.770
gp_scenario_70        0.610         0.63           0.66         0.660
gp_scenario_71        0.620         0.67           0.66         0.680
gp_scenario_72        0.550         0.60           0.67         0.660
gp_scenario_73        0.710         0.71           0.69         0.700
gp_scenario_74        0.730         0.76           0.76         0.780
gp_scenario_75        0.780         0.79           0.80         0.800
gp_scenario_76        0.610         0.63           0.65         0.660
gp_scenario_77        0.700         0.72           0.73         0.730
gp_scenario_78        0.670         0.70           0.70         0.700
gp_scenario_79        0.740         0.80           0.78         0.790
gp_scenario_80        0.600         0.62           0.65         0.650
gp_scenario_81        0.710         0.74           0.72         0.730
gp_scenario_82        0.710         0.77           0.78         0.790
gp_scenario_83        0.550         0.58           0.62         0.620
gp_scenario_84        0.620         0.67           0.68         0.690
gp_scenario_85        0.690         0.74           0.75         0.760
gp_scenario_86        0.580         0.65           0.70         0.690
gp_scenario_87        0.570         0.62           0.63         0.630
gp_scenario_88        0.730         0.75           0.72         0.730
gp_scenario_89        0.690         0.71           0.70         0.720
gp_scenario_90        0.730         0.76           0.76         0.770
gp_scenario_91        0.670         0.66           0.69         0.690
gp_scenario_92        0.660         0.69           0.69         0.690
gp_scenario_93        0.630         0.65           0.66         0.670
gp_scenario_94        0.680         0.70           0.69         0.690
gp_scenario_95        0.610         0.64           0.65         0.670
gp_scenario_96        0.700         0.72           0.71         0.720
gp_scenario_97        0.680         0.73           0.70         0.720
gp_scenario_98        0.620         0.64           0.64         0.650
gp_scenario_99        0.660         0.71           0.72         0.730
gp_scenario_100       0.620         0.68           0.71         0.710
pa_median             0.660         0.69           0.69         0.700
pa_iqr                0.093         0.08           0.07         0.062
                LASSO_ls_means RF_blups SVR_blups GBLUP_blups RKHS_blups
gp_scenario_1             0.60     0.61     0.640        0.65      0.660
gp_scenario_2             0.81     0.73     0.760        0.77      0.780
gp_scenario_3             0.64     0.72     0.740        0.72      0.730
gp_scenario_4             0.59     0.61     0.670        0.68      0.680
gp_scenario_5             0.65     0.66     0.660        0.63      0.650
gp_scenario_6             0.57     0.63     0.650        0.68      0.680
gp_scenario_7             0.72     0.71     0.730        0.73      0.740
gp_scenario_8             0.49     0.59     0.650        0.63      0.650
gp_scenario_9             0.68     0.66     0.670        0.68      0.690
gp_scenario_10            0.60     0.70     0.690        0.68      0.700
gp_scenario_11            0.70     0.69     0.710        0.71      0.720
gp_scenario_12            0.71     0.66     0.680        0.66      0.680
gp_scenario_13            0.72     0.68     0.690        0.69      0.700
gp_scenario_14            0.49     0.44     0.500        0.55      0.550
gp_scenario_15            0.72     0.74     0.780        0.77      0.790
gp_scenario_16            0.67     0.66     0.710        0.73      0.740
gp_scenario_17            0.71     0.65     0.690        0.70      0.710
gp_scenario_18            0.72     0.72     0.800        0.83      0.830
gp_scenario_19            0.62     0.68     0.710        0.72      0.720
gp_scenario_20            0.61     0.51     0.580        0.61      0.610
gp_scenario_21            0.60     0.64     0.720        0.75      0.750
gp_scenario_22            0.55     0.51     0.560        0.58      0.580
gp_scenario_23            0.58     0.60     0.650        0.66      0.670
gp_scenario_24            0.76     0.78     0.770        0.76      0.780
gp_scenario_25            0.72     0.69     0.720        0.72      0.730
gp_scenario_26            0.71     0.75     0.750        0.76      0.770
gp_scenario_27            0.76     0.71     0.700        0.70      0.710
gp_scenario_28            0.64     0.63     0.720        0.72      0.730
gp_scenario_29            0.74     0.66     0.700        0.74      0.740
gp_scenario_30            0.66     0.58     0.610        0.63      0.640
gp_scenario_31            0.52     0.56     0.580        0.59      0.600
gp_scenario_32            0.66     0.75     0.710        0.69      0.700
gp_scenario_33            0.59     0.61     0.680        0.71      0.710
gp_scenario_34            0.75     0.69     0.740        0.75      0.760
gp_scenario_35            0.58     0.54     0.630        0.68      0.670
gp_scenario_36            0.73     0.73     0.760        0.77      0.770
gp_scenario_37            0.62     0.62     0.660        0.64      0.650
gp_scenario_38            0.63     0.65     0.680        0.68      0.690
gp_scenario_39            0.63     0.66     0.690        0.70      0.710
gp_scenario_40            0.68     0.63     0.660        0.68      0.680
gp_scenario_41            0.69     0.62     0.660        0.65      0.660
gp_scenario_42            0.68     0.67     0.690        0.69      0.700
gp_scenario_43            0.71     0.68     0.720        0.73      0.730
gp_scenario_44            0.76     0.71     0.790        0.80      0.810
gp_scenario_45            0.58     0.59     0.600        0.61      0.620
gp_scenario_46            0.72     0.67     0.650        0.65      0.660
gp_scenario_47            0.70     0.74     0.770        0.74      0.760
gp_scenario_48            0.67     0.60     0.650        0.67      0.670
gp_scenario_49            0.59     0.54     0.570        0.63      0.610
gp_scenario_50            0.72     0.74     0.790        0.81      0.820
gp_scenario_51            0.62     0.68     0.690        0.68      0.690
gp_scenario_52            0.66     0.57     0.570        0.60      0.600
gp_scenario_53            0.75     0.69     0.730        0.75      0.740
gp_scenario_54            0.77     0.77     0.820        0.79      0.800
gp_scenario_55            0.60     0.63     0.660        0.69      0.690
gp_scenario_56            0.75     0.71     0.700        0.67      0.690
gp_scenario_57            0.61     0.61     0.670        0.70      0.690
gp_scenario_58            0.55     0.46     0.550        0.59      0.590
gp_scenario_59            0.66     0.68     0.720        0.72      0.730
gp_scenario_60            0.77     0.73     0.770        0.78      0.790
gp_scenario_61            0.67     0.64     0.680        0.68      0.690
gp_scenario_62            0.65     0.65     0.700        0.68      0.700
gp_scenario_63            0.59     0.59     0.670        0.67      0.680
gp_scenario_64            0.71     0.69     0.690        0.71      0.710
gp_scenario_65            0.70     0.71     0.710        0.70      0.720
gp_scenario_66            0.59     0.57     0.640        0.67      0.680
gp_scenario_67            0.76     0.75     0.780        0.78      0.790
gp_scenario_68            0.60     0.60     0.660        0.67      0.680
gp_scenario_69            0.77     0.73     0.760        0.76      0.770
gp_scenario_70            0.69     0.63     0.640        0.66      0.660
gp_scenario_71            0.70     0.63     0.660        0.66      0.680
gp_scenario_72            0.64     0.55     0.590        0.66      0.650
gp_scenario_73            0.69     0.69     0.710        0.69      0.700
gp_scenario_74            0.74     0.74     0.770        0.76      0.780
gp_scenario_75            0.81     0.77     0.790        0.80      0.800
gp_scenario_76            0.65     0.61     0.630        0.65      0.650
gp_scenario_77            0.72     0.70     0.710        0.73      0.730
gp_scenario_78            0.67     0.65     0.700        0.70      0.700
gp_scenario_79            0.77     0.74     0.800        0.77      0.790
gp_scenario_80            0.61     0.61     0.610        0.65      0.650
gp_scenario_81            0.74     0.72     0.740        0.72      0.730
gp_scenario_82            0.81     0.72     0.770        0.78      0.790
gp_scenario_83            0.59     0.56     0.580        0.62      0.620
gp_scenario_84            0.64     0.61     0.670        0.68      0.690
gp_scenario_85            0.73     0.70     0.740        0.75      0.760
gp_scenario_86            0.62     0.58     0.640        0.70      0.690
gp_scenario_87            0.56     0.55     0.610        0.62      0.630
gp_scenario_88            0.67     0.74     0.740        0.72      0.730
gp_scenario_89            0.71     0.68     0.710        0.70      0.720
gp_scenario_90            0.66     0.73     0.760        0.76      0.770
gp_scenario_91            0.70     0.66     0.650        0.69      0.690
gp_scenario_92            0.62     0.65     0.680        0.68      0.690
gp_scenario_93            0.72     0.63     0.650        0.66      0.670
gp_scenario_94            0.70     0.72     0.690        0.69      0.690
gp_scenario_95            0.51     0.63     0.640        0.65      0.670
gp_scenario_96            0.63     0.70     0.720        0.71      0.710
gp_scenario_97            0.68     0.68     0.720        0.70      0.710
gp_scenario_98            0.68     0.62     0.640        0.64      0.650
gp_scenario_99            0.66     0.67     0.710        0.72      0.730
gp_scenario_100           0.60     0.63     0.680        0.71      0.710
pa_median                 0.67     0.66     0.690        0.69      0.700
pa_iqr                    0.11     0.10     0.073        0.07      0.062
                LASSO_blups RF_blups_pca SVR_blups_pca GBLUP_blups_pca
gp_scenario_1          0.59         0.49          0.46            0.49
gp_scenario_2          0.81         0.58          0.55            0.56
gp_scenario_3          0.65         0.46          0.45            0.47
gp_scenario_4          0.58         0.36          0.41            0.45
gp_scenario_5          0.66         0.39          0.35            0.36
gp_scenario_6          0.59         0.46          0.46            0.52
gp_scenario_7          0.72         0.34          0.38            0.41
gp_scenario_8          0.50         0.51          0.55            0.49
gp_scenario_9          0.66         0.39          0.39            0.40
gp_scenario_10         0.73         0.35          0.42            0.43
gp_scenario_11         0.72         0.46          0.51            0.54
gp_scenario_12         0.69         0.27          0.40            0.40
gp_scenario_13         0.72         0.38          0.34            0.36
gp_scenario_14         0.50         0.35          0.43            0.49
gp_scenario_15         0.75         0.48          0.49            0.43
gp_scenario_16         0.67         0.43          0.47            0.51
gp_scenario_17         0.68         0.56          0.61            0.61
gp_scenario_18         0.73         0.54          0.69            0.71
gp_scenario_19         0.66         0.31          0.33            0.37
gp_scenario_20         0.63         0.27          0.36            0.44
gp_scenario_21         0.60         0.54          0.54            0.60
gp_scenario_22         0.57         0.21          0.29            0.32
gp_scenario_23         0.59         0.46          0.49            0.51
gp_scenario_24         0.75         0.48          0.47            0.49
gp_scenario_25         0.75         0.47          0.42            0.46
gp_scenario_26         0.66         0.37          0.53            0.55
gp_scenario_27         0.76         0.43          0.37            0.41
gp_scenario_28         0.65         0.46          0.54            0.49
gp_scenario_29         0.73         0.51          0.52            0.60
gp_scenario_30         0.66         0.51          0.51            0.51
gp_scenario_31         0.51         0.16          0.32            0.37
gp_scenario_32         0.68         0.37          0.31            0.32
gp_scenario_33         0.61         0.30          0.41            0.49
gp_scenario_34         0.75         0.48          0.60            0.56
gp_scenario_35         0.53         0.53          0.57            0.61
gp_scenario_36         0.71         0.62          0.62            0.60
gp_scenario_37         0.62         0.34          0.42            0.41
gp_scenario_38         0.62         0.42          0.43            0.46
gp_scenario_39         0.62         0.55          0.61            0.55
gp_scenario_40         0.69         0.26          0.30            0.39
gp_scenario_41         0.69         0.45          0.42            0.43
gp_scenario_42         0.69         0.31          0.34            0.36
gp_scenario_43         0.72         0.53          0.49            0.52
gp_scenario_44         0.77         0.65          0.63            0.64
gp_scenario_45         0.55         0.28          0.29            0.34
gp_scenario_46         0.69         0.31          0.31            0.36
gp_scenario_47         0.73         0.55          0.54            0.48
gp_scenario_48         0.67         0.34          0.38            0.41
gp_scenario_49         0.59         0.50          0.56            0.58
gp_scenario_50         0.72         0.61          0.60            0.65
gp_scenario_51         0.62         0.35          0.43            0.43
gp_scenario_52         0.62         0.51          0.48            0.50
gp_scenario_53         0.73         0.50          0.44            0.47
gp_scenario_54         0.76         0.43          0.50            0.49
gp_scenario_55         0.70         0.50          0.48            0.54
gp_scenario_56         0.75         0.25          0.28            0.29
gp_scenario_57         0.62         0.42          0.42            0.50
gp_scenario_58         0.55         0.35          0.41            0.46
gp_scenario_59         0.66         0.46          0.49            0.52
gp_scenario_60         0.77         0.34          0.53            0.53
gp_scenario_61         0.69         0.57          0.54            0.52
gp_scenario_62         0.65         0.58          0.57            0.51
gp_scenario_63         0.60         0.47          0.51            0.52
gp_scenario_64         0.71         0.42          0.43            0.52
gp_scenario_65         0.71         0.38          0.33            0.32
gp_scenario_66         0.61         0.55          0.57            0.59
gp_scenario_67         0.76         0.50          0.56            0.55
gp_scenario_68         0.60         0.45          0.44            0.46
gp_scenario_69         0.76         0.38          0.41            0.46
gp_scenario_70         0.65         0.33          0.39            0.45
gp_scenario_71         0.70         0.46          0.49            0.49
gp_scenario_72         0.64         0.45          0.57            0.64
gp_scenario_73         0.68         0.28          0.35            0.37
gp_scenario_74         0.77         0.44          0.47            0.49
gp_scenario_75         0.80         0.62          0.58            0.58
gp_scenario_76         0.65         0.35          0.37            0.42
gp_scenario_77         0.73         0.61          0.56            0.59
gp_scenario_78         0.68         0.37          0.45            0.47
gp_scenario_79         0.76         0.50          0.53            0.51
gp_scenario_80         0.58         0.35          0.35            0.43
gp_scenario_81         0.74         0.48          0.52            0.52
gp_scenario_82         0.80         0.54          0.60            0.58
gp_scenario_83         0.58         0.30          0.34            0.41
gp_scenario_84         0.65         0.49          0.56            0.54
gp_scenario_85         0.73         0.36          0.42            0.45
gp_scenario_86         0.59         0.29          0.44            0.53
gp_scenario_87         0.62         0.31          0.34            0.38
gp_scenario_88         0.66         0.53          0.49            0.47
gp_scenario_89         0.71         0.47          0.48            0.49
gp_scenario_90         0.66         0.51          0.62            0.58
gp_scenario_91         0.69         0.35          0.35            0.45
gp_scenario_92         0.62         0.16          0.30            0.36
gp_scenario_93         0.72         0.48          0.49            0.49
gp_scenario_94         0.70         0.49          0.43            0.43
gp_scenario_95         0.51         0.22          0.35            0.37
gp_scenario_96         0.63         0.40          0.37            0.34
gp_scenario_97         0.68         0.52          0.48            0.45
gp_scenario_98         0.66         0.45          0.52            0.49
gp_scenario_99         0.63         0.25          0.28            0.38
gp_scenario_100        0.60         0.70          0.59            0.63
pa_median              0.67         0.45          0.46            0.49
pa_iqr                 0.10         0.15          0.15            0.11
                RKHS_blups_pca LASSO_blups_pca
gp_scenario_1             0.51            0.30
gp_scenario_2             0.60            0.64
gp_scenario_3             0.49            0.36
gp_scenario_4             0.46            0.22
gp_scenario_5             0.39            0.34
gp_scenario_6             0.52            0.39
gp_scenario_7             0.43            0.32
gp_scenario_8             0.56            0.40
gp_scenario_9             0.42            0.37
gp_scenario_10            0.46            0.25
gp_scenario_11            0.55            0.18
gp_scenario_12            0.43            0.26
gp_scenario_13            0.39            0.37
gp_scenario_14            0.50            0.42
gp_scenario_15            0.49            0.37
gp_scenario_16            0.53            0.35
gp_scenario_17            0.64            0.43
gp_scenario_18            0.71            0.43
gp_scenario_19            0.38            0.33
gp_scenario_20            0.43            0.34
gp_scenario_21            0.59            0.37
gp_scenario_22            0.33            0.22
gp_scenario_23            0.52            0.30
gp_scenario_24            0.51            0.39
gp_scenario_25            0.48            0.47
gp_scenario_26            0.58            0.28
gp_scenario_27            0.43            0.48
gp_scenario_28            0.53            0.24
gp_scenario_29            0.59            0.58
gp_scenario_30            0.55            0.54
gp_scenario_31            0.40            0.24
gp_scenario_32            0.35            0.24
gp_scenario_33            0.48            0.17
gp_scenario_34            0.59            0.52
gp_scenario_35            0.59            0.50
gp_scenario_36            0.64            0.57
gp_scenario_37            0.43            0.34
gp_scenario_38            0.47            0.42
gp_scenario_39            0.62            0.29
gp_scenario_40            0.39            0.22
gp_scenario_41            0.45            0.47
gp_scenario_42            0.37            0.31
gp_scenario_43            0.52            0.43
gp_scenario_44            0.67            0.52
gp_scenario_45            0.35            0.39
gp_scenario_46            0.35            0.25
gp_scenario_47            0.54            0.37
gp_scenario_48            0.43            0.44
gp_scenario_49            0.59            0.46
gp_scenario_50            0.65            0.44
gp_scenario_51            0.45            0.26
gp_scenario_52            0.52            0.45
gp_scenario_53            0.48            0.32
gp_scenario_54            0.52            0.31
gp_scenario_55            0.55            0.53
gp_scenario_56            0.30            0.22
gp_scenario_57            0.48            0.40
gp_scenario_58            0.47            0.38
gp_scenario_59            0.54            0.45
gp_scenario_60            0.56            0.27
gp_scenario_61            0.54            0.43
gp_scenario_62            0.57            0.48
gp_scenario_63            0.54            0.37
gp_scenario_64            0.50            0.40
gp_scenario_65            0.36            0.40
gp_scenario_66            0.62            0.51
gp_scenario_67            0.57            0.45
gp_scenario_68            0.49            0.37
gp_scenario_69            0.46            0.42
gp_scenario_70            0.45            0.43
gp_scenario_71            0.54            0.39
gp_scenario_72            0.64            0.30
gp_scenario_73            0.38            0.26
gp_scenario_74            0.53            0.42
gp_scenario_75            0.59            0.56
gp_scenario_76            0.44            0.32
gp_scenario_77            0.60            0.24
gp_scenario_78            0.47            0.49
gp_scenario_79            0.53            0.49
gp_scenario_80            0.44            0.46
gp_scenario_81            0.53            0.40
gp_scenario_82            0.62            0.57
gp_scenario_83            0.42            0.47
gp_scenario_84            0.58            0.23
gp_scenario_85            0.48            0.44
gp_scenario_86            0.51            0.39
gp_scenario_87            0.40            0.31
gp_scenario_88            0.50            0.34
gp_scenario_89            0.52            0.40
gp_scenario_90            0.61            0.27
gp_scenario_91            0.44            0.40
gp_scenario_92            0.38            0.18
gp_scenario_93            0.53            0.43
gp_scenario_94            0.44            0.57
gp_scenario_95            0.40            0.40
gp_scenario_96            0.37            0.34
gp_scenario_97            0.49            0.34
gp_scenario_98            0.53            0.34
gp_scenario_99            0.36            0.31
gp_scenario_100           0.65            0.49
pa_median                 0.50            0.39
pa_iqr                    0.12            0.13
                GBLUP_wiser GBLUP_ls_means GBLUP_blups GBLUP_blups_pca
gp_scenario_1          0.96           0.92        0.92            0.87
gp_scenario_2          0.95           0.89        0.89            0.82
gp_scenario_3          0.98           0.96        0.95            0.92
gp_scenario_4          0.98           0.95        0.95            0.91
gp_scenario_5          0.95           0.92        0.92            0.88
gp_scenario_6          0.94           0.92        0.92            0.88
gp_scenario_7          0.97           0.95        0.95            0.91
gp_scenario_8          0.98           0.95        0.95            0.90
gp_scenario_9          0.98           0.92        0.92            0.87
gp_scenario_10         0.95           0.91        0.91            0.87
gp_scenario_11         0.97           0.96        0.95            0.92
gp_scenario_12         0.98           0.92        0.92            0.86
gp_scenario_13         0.97           0.95        0.95            0.92
gp_scenario_14         0.97           0.96        0.96            0.90
gp_scenario_15         0.95           0.91        0.90            0.86
gp_scenario_16         0.94           0.93        0.93            0.89
gp_scenario_17         0.96           0.92        0.92            0.87
gp_scenario_18         0.95           0.87        0.87            0.79
gp_scenario_19         0.97           0.94        0.94            0.90
gp_scenario_20         0.95           0.90        0.90            0.85
gp_scenario_21         0.96           0.91        0.91            0.85
gp_scenario_22         0.98           0.97        0.97            0.94
gp_scenario_23         0.97           0.95        0.95            0.92
gp_scenario_24         0.96           0.91        0.91            0.86
gp_scenario_25         0.93           0.89        0.89            0.83
gp_scenario_26         0.96           0.89        0.89            0.83
gp_scenario_27         0.97           0.95        0.95            0.91
gp_scenario_28         0.95           0.90        0.90            0.85
gp_scenario_29         0.98           0.95        0.95            0.92
gp_scenario_30         0.96           0.92        0.92            0.86
gp_scenario_31         0.96           0.94        0.93            0.90
gp_scenario_32         0.96           0.94        0.94            0.89
gp_scenario_33         0.97           0.94        0.94            0.90
gp_scenario_34         0.96           0.91        0.91            0.86
gp_scenario_35         0.97           0.91        0.91            0.84
gp_scenario_36         0.96           0.91        0.91            0.85
gp_scenario_37         0.97           0.96        0.96            0.93
gp_scenario_38         0.94           0.91        0.91            0.86
gp_scenario_39         0.96           0.90        0.90            0.83
gp_scenario_40         0.97           0.94        0.94            0.90
gp_scenario_41         0.99           0.95        0.95            0.91
gp_scenario_42         0.96           0.94        0.93            0.89
gp_scenario_43         0.94           0.90        0.90            0.84
gp_scenario_44         0.96           0.94        0.94            0.89
gp_scenario_45         0.98           0.94        0.94            0.89
gp_scenario_46         0.96           0.95        0.94            0.91
gp_scenario_47         0.96           0.93        0.92            0.87
gp_scenario_48         0.97           0.96        0.96            0.93
gp_scenario_49         0.94           0.89        0.88            0.81
gp_scenario_50         0.97           0.90        0.90            0.85
gp_scenario_51         0.98           0.95        0.95            0.92
gp_scenario_52         0.98           0.92        0.92            0.85
gp_scenario_53         0.94           0.91        0.91            0.86
gp_scenario_54         0.98           0.95        0.95            0.92
gp_scenario_55         0.94           0.92        0.92            0.85
gp_scenario_56         0.96           0.93        0.93            0.90
gp_scenario_57         0.97           0.91        0.91            0.85
gp_scenario_58         0.96           0.91        0.91            0.85
gp_scenario_59         0.96           0.93        0.93            0.89
gp_scenario_60         0.95           0.92        0.92            0.87
gp_scenario_61         0.98           0.94        0.94            0.89
gp_scenario_62         0.96           0.92        0.92            0.87
gp_scenario_63         0.96           0.93        0.93            0.89
gp_scenario_64         0.95           0.90        0.90            0.83
gp_scenario_65         0.95           0.93        0.93            0.89
gp_scenario_66         0.96           0.93        0.93            0.88
gp_scenario_67         0.95           0.92        0.91            0.87
gp_scenario_68         0.96           0.92        0.92            0.87
gp_scenario_69         0.98           0.94        0.94            0.90
gp_scenario_70         0.96           0.94        0.94            0.89
gp_scenario_71         0.94           0.88        0.88            0.79
gp_scenario_72         0.98           0.95        0.95            0.90
gp_scenario_73         0.97           0.94        0.93            0.90
gp_scenario_74         0.95           0.93        0.93            0.88
gp_scenario_75         0.97           0.92        0.92            0.87
gp_scenario_76         0.97           0.94        0.93            0.88
gp_scenario_77         0.94           0.89        0.89            0.83
gp_scenario_78         0.98           0.94        0.94            0.89
gp_scenario_79         0.97           0.93        0.93            0.89
gp_scenario_80         0.96           0.94        0.94            0.89
gp_scenario_81         0.96           0.95        0.94            0.91
gp_scenario_82         0.96           0.90        0.89            0.83
gp_scenario_83         0.98           0.96        0.96            0.92
gp_scenario_84         0.97           0.93        0.93            0.88
gp_scenario_85         0.96           0.91        0.91            0.86
gp_scenario_86         0.98           0.94        0.94            0.88
gp_scenario_87         0.96           0.92        0.92            0.86
gp_scenario_88         0.97           0.94        0.94            0.91
gp_scenario_89         0.96           0.92        0.92            0.88
gp_scenario_90         0.96           0.90        0.90            0.84
gp_scenario_91         0.97           0.94        0.94            0.90
gp_scenario_92         0.97           0.95        0.95            0.91
gp_scenario_93         0.95           0.91        0.91            0.85
gp_scenario_94         0.97           0.92        0.92            0.88
gp_scenario_95         0.94           0.92        0.91            0.86
gp_scenario_96         0.98           0.96        0.96            0.93
gp_scenario_97         0.97           0.94        0.94            0.91
gp_scenario_98         0.94           0.91        0.91            0.84
gp_scenario_99         0.95           0.94        0.94            0.90
gp_scenario_100        0.97           0.92        0.92            0.86
h2_median              0.96           0.93        0.93            0.88
h2_iqr                 0.02           0.03        0.03            0.04
