[1] "using maize_env"
Le chargement a nécessité le package : Matrix

Attachement du package : ‘tidyr’

Les objets suivants sont masqués depuis ‘package:Matrix’:

    expand, pack, unpack

Le chargement a nécessité le package : foreach
Le chargement a nécessité le package : iterators
Le chargement a nécessité le package : parallel
Le chargement a nécessité le package : rngtools
This build of rgl does not include OpenGL functions.  Use
 rglwidget() to display results, e.g. via options(rgl.printRglwidget = TRUE).
Le chargement a nécessité le package : Rcpp
Le chargement a nécessité le package : zigg
Le chargement a nécessité le package : RcppParallel

Attachement du package : ‘RcppParallel’

L'objet suivant est masqué depuis ‘package:Rcpp’:

    LdFlags


Rfast: 2.1.5.1
 ___ __ __ __ __    __ __ __ __ __ _             _               __ __ __ __ __     __ __ __ __ __ __   
|  __ __ __ __  |  |  __ __ __ __ _/            / \             |  __ __ __ __ /   /__ __ _   _ __ __\  
| |           | |  | |                         / _ \            | |                        / /          
| |           | |  | |                        / / \ \           | |                       / /          
| |           | |  | |                       / /   \ \          | |                      / /          
| |__ __ __ __| |  | |__ __ __ __           / /     \ \         | |__ __ __ __ _        / /__/\          
|    __ __ __ __|  |  __ __ __ __|         / /__ _ __\ \        |_ __ __ __ _   |      / ___  /           
|   \              | |                    / _ _ _ _ _ _ \                     | |      \/  / /       
| |\ \             | |                   / /           \ \                    | |         / /          
| | \ \            | |                  / /             \ \                   | |        / /          
| |  \ \           | |                 / /               \ \                  | |       / /          
| |   \ \__ __ _   | |                / /                 \ \     _ __ __ __ _| |      / /          
|_|    \__ __ __\  |_|               /_/                   \_\   /_ __ __ __ ___|      \/             team

Attachement du package : ‘Rfast’

Les objets suivants sont masqués depuis ‘package:robustbase’:

    colMedians, rowMedians

L'objet suivant est masqué depuis ‘package:data.table’:

    transpose

Le chargement a nécessité le package : lattice

Attachement du package : ‘plotly’

L'objet suivant est masqué depuis ‘package:ggplot2’:

    last_plot

L'objet suivant est masqué depuis ‘package:MASS’:

    select

L'objet suivant est masqué depuis ‘package:stats’:

    filter

L'objet suivant est masqué depuis ‘package:graphics’:

    layout


Attachement du package : ‘dplyr’

L'objet suivant est masqué depuis ‘package:Rfast’:

    nth

Les objets suivants sont masqués depuis ‘package:data.table’:

    between, first, last

L'objet suivant est masqué depuis ‘package:MASS’:

    select

Les objets suivants sont masqués depuis ‘package:stats’:

    filter, lag

Les objets suivants sont masqués depuis ‘package:base’:

    intersect, setdiff, setequal, union


Attachement du package : ‘kernlab’

L'objet suivant est masqué depuis ‘package:ggplot2’:

    alpha

Le chargement a nécessité le package : corpcor

Attachement du package : ‘corpcor’

L'objet suivant est masqué depuis ‘package:matrixcalc’:

    is.positive.definite

Loaded glmnet 4.1-8

Loaded mixOmics 6.31.5
Thank you for using mixOmics!
Tutorials: http://mixomics.org
Bookdown vignette: https://mixomicsteam.github.io/Bookdown
Questions, issues: Follow the prompts at http://mixomics.org/contact-us
Cite us:  citation('mixOmics')

[1] "kernel: linear"
[1] "trait: ear.height"
                RF_wiser SVR_wiser GBLUP_wiser RKHS_wiser LASSO_wiser
gp_scenario_1       0.79     0.770        0.68       0.78        0.76
gp_scenario_2       0.72     0.750        0.72       0.74        0.73
gp_scenario_3       0.70     0.730        0.69       0.75        0.75
gp_scenario_4       0.67     0.600        0.57       0.61        0.63
gp_scenario_5       0.71     0.730        0.66       0.75        0.70
gp_scenario_6       0.78     0.710        0.68       0.73        0.74
gp_scenario_7       0.75     0.730        0.68       0.71        0.70
gp_scenario_8       0.67     0.720        0.69       0.73        0.67
gp_scenario_9       0.63     0.630        0.58       0.63        0.65
gp_scenario_10      0.67     0.670        0.63       0.70        0.68
gp_scenario_11      0.72     0.720        0.70       0.73        0.71
gp_scenario_12      0.82     0.820        0.77       0.83        0.79
gp_scenario_13      0.57     0.640        0.62       0.64        0.65
gp_scenario_14      0.54     0.570        0.52       0.58        0.56
gp_scenario_15      0.68     0.740        0.71       0.74        0.70
gp_scenario_16      0.49     0.430        0.41       0.44        0.45
gp_scenario_17      0.67     0.660        0.63       0.67        0.55
gp_scenario_18      0.76     0.730        0.69       0.73        0.74
gp_scenario_19      0.81     0.820        0.75       0.82        0.84
gp_scenario_20      0.74     0.770        0.73       0.78        0.75
gp_scenario_21      0.77     0.770        0.71       0.77        0.77
gp_scenario_22      0.67     0.640        0.62       0.65        0.63
gp_scenario_23      0.63     0.640        0.56       0.66        0.57
gp_scenario_24      0.64     0.680        0.63       0.69        0.65
gp_scenario_25      0.72     0.720        0.65       0.72        0.69
gp_scenario_26      0.69     0.660        0.61       0.67        0.70
gp_scenario_27      0.75     0.760        0.70       0.74        0.73
gp_scenario_28      0.73     0.680        0.64       0.70        0.77
gp_scenario_29      0.75     0.730        0.69       0.74        0.69
gp_scenario_30      0.74     0.770        0.72       0.77        0.76
gp_scenario_31      0.69     0.770        0.73       0.77        0.67
gp_scenario_32      0.73     0.710        0.68       0.70        0.68
gp_scenario_33      0.73     0.700        0.68       0.72        0.66
gp_scenario_34      0.69     0.710        0.67       0.71        0.58
gp_scenario_35      0.73     0.670        0.53       0.68        0.66
gp_scenario_36      0.55     0.540        0.48       0.54        0.39
gp_scenario_37      0.74     0.720        0.71       0.73        0.63
gp_scenario_38      0.82     0.860        0.77       0.84        0.80
gp_scenario_39      0.67     0.660        0.57       0.66        0.63
gp_scenario_40      0.68     0.730        0.67       0.73        0.69
gp_scenario_41      0.72     0.750        0.69       0.76        0.68
gp_scenario_42      0.68     0.670        0.67       0.68        0.68
gp_scenario_43      0.66     0.700        0.64       0.71        0.67
gp_scenario_44      0.66     0.670        0.63       0.66        0.64
gp_scenario_45      0.66     0.700        0.65       0.70        0.68
gp_scenario_46      0.75     0.750        0.68       0.76        0.73
gp_scenario_47      0.63     0.660        0.63       0.65        0.64
gp_scenario_48      0.67     0.730        0.71       0.75        0.74
gp_scenario_49      0.76     0.740        0.70       0.74        0.71
gp_scenario_50      0.65     0.680        0.67       0.70        0.66
gp_scenario_51      0.58     0.590        0.56       0.59        0.64
gp_scenario_52      0.71     0.800        0.77       0.82        0.70
gp_scenario_53      0.68     0.690        0.63       0.70        0.68
gp_scenario_54      0.71     0.720        0.67       0.74        0.71
gp_scenario_55      0.75     0.760        0.71       0.76        0.73
gp_scenario_56      0.72     0.750        0.70       0.75        0.73
gp_scenario_57      0.66     0.710        0.67       0.74        0.68
gp_scenario_58      0.77     0.730        0.72       0.74        0.72
gp_scenario_59      0.61     0.590        0.51       0.58        0.57
gp_scenario_60      0.71     0.720        0.70       0.72        0.67
gp_scenario_61      0.75     0.740        0.73       0.76        0.71
gp_scenario_62      0.76     0.760        0.72       0.77        0.78
gp_scenario_63      0.69     0.680        0.61       0.70        0.63
gp_scenario_64      0.72     0.730        0.67       0.72        0.69
gp_scenario_65      0.55     0.650        0.60       0.65        0.56
gp_scenario_66      0.51     0.560        0.48       0.59        0.55
gp_scenario_67      0.78     0.780        0.70       0.78        0.79
gp_scenario_68      0.69     0.690        0.66       0.69        0.61
gp_scenario_69      0.67     0.710        0.71       0.74        0.70
gp_scenario_70      0.63     0.650        0.65       0.66        0.63
gp_scenario_71      0.72     0.730        0.70       0.73        0.74
gp_scenario_72      0.60     0.660        0.57       0.66        0.66
gp_scenario_73      0.61     0.620        0.59       0.61        0.52
gp_scenario_74      0.74     0.730        0.68       0.72        0.72
gp_scenario_75      0.72     0.750        0.70       0.76        0.74
gp_scenario_76      0.56     0.590        0.59       0.61        0.56
gp_scenario_77      0.73     0.670        0.65       0.68        0.72
gp_scenario_78      0.76     0.760        0.70       0.76        0.69
gp_scenario_79      0.77     0.740        0.69       0.74        0.76
gp_scenario_80      0.65     0.760        0.71       0.76        0.71
gp_scenario_81      0.83     0.790        0.73       0.81        0.83
gp_scenario_82      0.70     0.700        0.72       0.71        0.62
gp_scenario_83      0.69     0.710        0.63       0.74        0.73
gp_scenario_84      0.66     0.610        0.53       0.61        0.62
gp_scenario_85      0.65     0.700        0.68       0.72        0.66
gp_scenario_86      0.72     0.700        0.64       0.70        0.71
gp_scenario_87      0.75     0.760        0.72       0.77        0.76
gp_scenario_88      0.62     0.630        0.58       0.64        0.63
gp_scenario_89      0.67     0.700        0.65       0.71        0.69
gp_scenario_90      0.68     0.660        0.67       0.69        0.67
gp_scenario_91      0.74     0.740        0.70       0.76        0.72
gp_scenario_92      0.74     0.730        0.69       0.72        0.75
gp_scenario_93      0.68     0.750        0.63       0.77        0.76
gp_scenario_94      0.66     0.700        0.62       0.72        0.70
gp_scenario_95      0.67     0.640        0.63       0.66        0.60
gp_scenario_96      0.67     0.650        0.62       0.65        0.64
gp_scenario_97      0.72     0.720        0.65       0.73        0.76
gp_scenario_98      0.74     0.770        0.69       0.77        0.69
gp_scenario_99      0.63     0.650        0.62       0.65        0.62
gp_scenario_100     0.76     0.750        0.65       0.76        0.71
pa_median           0.70     0.710        0.67       0.72        0.69
pa_iqr              0.08     0.082        0.07       0.08        0.09
                RF_ls_means SVR_ls_means GBLUP_ls_means RKHS_ls_means
gp_scenario_1        0.1100        0.210        0.28000         0.160
gp_scenario_2        0.3400        0.250        0.17000         0.230
gp_scenario_3        0.3500        0.340        0.31000         0.420
gp_scenario_4        0.1500        0.110        0.09700         0.130
gp_scenario_5        0.3400        0.310        0.29000         0.300
gp_scenario_6        0.2300        0.120        0.11000         0.110
gp_scenario_7        0.3700        0.270        0.20000         0.230
gp_scenario_8        0.2900        0.290        0.20000         0.310
gp_scenario_9        0.3300        0.350        0.32000         0.310
gp_scenario_10       0.2300        0.220        0.25000         0.220
gp_scenario_11       0.2700        0.280        0.32000         0.270
gp_scenario_12       0.2000        0.190        0.17000         0.180
gp_scenario_13       0.1900        0.180        0.14000         0.250
gp_scenario_14       0.2600        0.290        0.30000         0.260
gp_scenario_15       0.3700        0.360        0.38000         0.340
gp_scenario_16       0.3800        0.450        0.42000         0.450
gp_scenario_17       0.2200        0.200        0.20000         0.240
gp_scenario_18       0.3400        0.330        0.27000         0.300
gp_scenario_19       0.4500        0.380        0.37000         0.390
gp_scenario_20       0.1100        0.120        0.20000         0.190
gp_scenario_21       0.4400        0.380        0.36000         0.350
gp_scenario_22       0.2400        0.250        0.28000         0.260
gp_scenario_23       0.3700        0.500        0.55000         0.480
gp_scenario_24       0.1800        0.180        0.19000         0.210
gp_scenario_25       0.2600        0.220        0.15000         0.230
gp_scenario_26       0.2600        0.240        0.21000         0.300
gp_scenario_27       0.1400        0.160        0.16000         0.110
gp_scenario_28       0.3000        0.370        0.35000         0.370
gp_scenario_29       0.3100        0.220        0.20000         0.210
gp_scenario_30       0.2800        0.260        0.22000         0.250
gp_scenario_31       0.3100        0.300        0.31000         0.340
gp_scenario_32       0.4500        0.370        0.34000         0.390
gp_scenario_33       0.1100        0.083        0.02600         0.096
gp_scenario_34       0.1400        0.053        0.07500         0.035
gp_scenario_35       0.3600        0.330        0.17000         0.340
gp_scenario_36       0.2300        0.160        0.18000         0.200
gp_scenario_37       0.2100        0.310        0.29000         0.350
gp_scenario_38       0.2200        0.220        0.24000         0.190
gp_scenario_39       0.3400        0.290        0.21000         0.310
gp_scenario_40       0.3100        0.300        0.19000         0.280
gp_scenario_41       0.3500        0.360        0.38000         0.350
gp_scenario_42       0.2600        0.280        0.31000         0.310
gp_scenario_43       0.3900        0.470        0.50000         0.380
gp_scenario_44       0.2700        0.310        0.24000         0.280
gp_scenario_45       0.2600        0.310        0.29000         0.350
gp_scenario_46       0.3000        0.350        0.41000         0.370
gp_scenario_47       0.2100        0.140        0.08900         0.160
gp_scenario_48       0.4800        0.320        0.24000         0.310
gp_scenario_49       0.2100        0.170        0.18000         0.140
gp_scenario_50       0.4000        0.390        0.39000         0.420
gp_scenario_51       0.3200        0.270        0.25000         0.270
gp_scenario_52       0.2300        0.160        0.17000         0.170
gp_scenario_53       0.3600        0.320        0.33000         0.300
gp_scenario_54       0.1700        0.130        0.09400         0.140
gp_scenario_55       0.3600        0.310        0.32000         0.300
gp_scenario_56       0.2900        0.290        0.28000         0.240
gp_scenario_57       0.2700        0.260        0.20000         0.250
gp_scenario_58       0.1900        0.260        0.24000         0.290
gp_scenario_59       0.4600        0.280        0.29000         0.360
gp_scenario_60       0.2400        0.300        0.30000         0.280
gp_scenario_61       0.2900        0.160        0.14000         0.063
gp_scenario_62       0.2500        0.290        0.28000         0.350
gp_scenario_63       0.4000        0.370        0.34000         0.410
gp_scenario_64       0.1200        0.130        0.15000         0.092
gp_scenario_65       0.3300        0.030       -0.00730         0.076
gp_scenario_66       0.4300        0.350        0.29000         0.390
gp_scenario_67       0.4300        0.360        0.32000         0.350
gp_scenario_68       0.2500        0.230        0.20000         0.230
gp_scenario_69       0.1400        0.012       -0.03100         0.040
gp_scenario_70       0.1400        0.130        0.12000         0.120
gp_scenario_71       0.3400        0.280        0.25000         0.300
gp_scenario_72       0.1600        0.180        0.14000         0.200
gp_scenario_73       0.2600        0.240        0.25000         0.240
gp_scenario_74       0.3500        0.360        0.35000         0.300
gp_scenario_75       0.3900        0.330        0.23000         0.360
gp_scenario_76       0.2200        0.180        0.15000         0.180
gp_scenario_77       0.0300        0.023       -0.04200         0.022
gp_scenario_78       0.2800        0.270        0.28000         0.270
gp_scenario_79       0.3000        0.450        0.45000         0.460
gp_scenario_80       0.4100        0.430        0.39000         0.410
gp_scenario_81       0.2600        0.160        0.08900         0.200
gp_scenario_82       0.1000        0.069        0.09200         0.110
gp_scenario_83       0.1800        0.110        0.17000         0.170
gp_scenario_84       0.3300        0.380        0.34000         0.310
gp_scenario_85       0.3700        0.290        0.24000         0.300
gp_scenario_86       0.2300        0.260        0.25000         0.310
gp_scenario_87      -0.0048       -0.025       -0.00098        -0.075
gp_scenario_88       0.3900        0.280        0.31000         0.270
gp_scenario_89       0.2800        0.270        0.25000         0.260
gp_scenario_90       0.4500        0.410        0.35000         0.410
gp_scenario_91       0.4000        0.380        0.40000         0.400
gp_scenario_92       0.3600        0.320        0.22000         0.330
gp_scenario_93       0.0370        0.064        0.03900         0.043
gp_scenario_94       0.0740        0.190        0.22000         0.089
gp_scenario_95       0.2300        0.250        0.30000         0.300
gp_scenario_96       0.3100        0.320        0.32000         0.370
gp_scenario_97       0.5000        0.330        0.32000         0.370
gp_scenario_98       0.2300        0.230        0.23000         0.210
gp_scenario_99       0.4400        0.380        0.40000         0.420
gp_scenario_100      0.2500        0.220        0.21000         0.210
pa_median            0.2800        0.280        0.24000         0.280
pa_iqr               0.1400        0.150        0.15000         0.150
                LASSO_ls_means RF_blups SVR_blups GBLUP_blups RKHS_blups
gp_scenario_1         -0.04700  0.16000    0.2100      0.2800      0.160
gp_scenario_2          0.30000  0.32000    0.2900      0.1600      0.220
gp_scenario_3          0.19000  0.34000    0.4000      0.3000      0.430
gp_scenario_4          0.18000  0.16000    0.1500      0.1100      0.140
gp_scenario_5          0.32000  0.38000    0.3700      0.2900      0.300
gp_scenario_6          0.09700  0.23000    0.1200      0.1200      0.120
gp_scenario_7          0.27000  0.35000    0.3200      0.2000      0.230
gp_scenario_8          0.17000  0.27000    0.2300      0.1500      0.290
gp_scenario_9          0.27000  0.36000    0.3600      0.3000      0.300
gp_scenario_10         0.15000  0.25000    0.2700      0.2500      0.220
gp_scenario_11         0.17000  0.31000    0.3800      0.3200      0.270
gp_scenario_12         0.04500  0.21000    0.2000      0.1900      0.200
gp_scenario_13         0.15000  0.19000    0.2600      0.1200      0.250
gp_scenario_14         0.14000  0.28000    0.2700      0.3000      0.260
gp_scenario_15         0.24000  0.36000    0.3400      0.3900      0.350
gp_scenario_16         0.25000  0.41000    0.4700      0.4100      0.450
gp_scenario_17         0.21000  0.24000    0.2500      0.1900      0.240
gp_scenario_18         0.18000  0.33000    0.4100      0.2700      0.300
gp_scenario_19         0.30000  0.46000    0.3800      0.3700      0.390
gp_scenario_20         0.11000  0.05700    0.0600      0.1700      0.170
gp_scenario_21         0.13000  0.47000    0.4500      0.3400      0.350
gp_scenario_22         0.30000  0.23000    0.2800      0.2900      0.260
gp_scenario_23         0.15000  0.39000    0.4600      0.5600      0.480
gp_scenario_24         0.00047  0.20000    0.2200      0.1900      0.210
gp_scenario_25         0.17000  0.30000    0.2400      0.1600      0.260
gp_scenario_26         0.14000  0.26000    0.3600      0.1900      0.300
gp_scenario_27        -0.05300  0.09500    0.2000      0.1700      0.120
gp_scenario_28        -0.00230  0.31000    0.3600      0.3300      0.370
gp_scenario_29         0.08600  0.27000    0.2700      0.1900      0.210
gp_scenario_30              NA  0.32000    0.2700      0.2400      0.280
gp_scenario_31         0.00610  0.30000    0.3600      0.2800      0.330
gp_scenario_32         0.27000  0.47000    0.4100      0.3400      0.390
gp_scenario_33         0.15000  0.13000    0.0930      0.0270      0.098
gp_scenario_34         0.17000  0.16000    0.0640      0.1100      0.064
gp_scenario_35         0.11000  0.32000    0.3200      0.1200      0.340
gp_scenario_36         0.13000  0.24000    0.2000      0.1700      0.200
gp_scenario_37         0.20000  0.22000    0.4600      0.2900      0.360
gp_scenario_38         0.15000  0.23000    0.2600      0.2400      0.200
gp_scenario_39         0.32000  0.35000    0.2600      0.2100      0.300
gp_scenario_40         0.04800  0.34000    0.3600      0.1900      0.300
gp_scenario_41         0.26000  0.38000    0.3100      0.3800      0.340
gp_scenario_42         0.09500  0.29000    0.3400      0.3000      0.300
gp_scenario_43         0.16000  0.35000    0.5200      0.4900      0.370
gp_scenario_44         0.26000  0.30000    0.2900      0.2500      0.300
gp_scenario_45         0.19000  0.27000    0.3000      0.2800      0.350
gp_scenario_46         0.03800  0.32000    0.3800      0.4000      0.370
gp_scenario_47         0.31000  0.22000    0.1500      0.0930      0.180
gp_scenario_48         0.11000  0.47000    0.3300      0.2300      0.320
gp_scenario_49         0.09400  0.22000    0.1900      0.1600      0.130
gp_scenario_50         0.14000  0.42000    0.4700      0.3900      0.420
gp_scenario_51         0.23000  0.31000    0.2900      0.2200      0.260
gp_scenario_52         0.14000  0.21000    0.2000      0.1800      0.170
gp_scenario_53         0.24000  0.36000    0.3500      0.3000      0.290
gp_scenario_54         0.04000  0.18000    0.1500      0.0780      0.130
gp_scenario_55         0.23000  0.35000    0.3700      0.3300      0.320
gp_scenario_56         0.17000  0.32000    0.3100      0.2900      0.250
gp_scenario_57         0.09500  0.30000    0.3100      0.2100      0.270
gp_scenario_58        -0.02200  0.19000    0.2600      0.2500      0.290
gp_scenario_59         0.45000  0.49000    0.3400      0.2900      0.380
gp_scenario_60         0.05000  0.28000    0.3000      0.2900      0.270
gp_scenario_61              NA  0.26000    0.1800      0.1500      0.056
gp_scenario_62        -0.01200  0.28000    0.3700      0.2600      0.330
gp_scenario_63         0.06400  0.37000    0.3400      0.3400      0.420
gp_scenario_64         0.21000  0.16000    0.1200      0.1600      0.110
gp_scenario_65         0.18000  0.34000    0.0930     -0.0097      0.083
gp_scenario_66        -0.03400  0.37000    0.4100      0.2700      0.390
gp_scenario_67         0.38000  0.46000    0.3400      0.3100      0.340
gp_scenario_68         0.27000  0.28000    0.2500      0.2100      0.250
gp_scenario_69              NA  0.18000    0.0610     -0.0310      0.040
gp_scenario_70         0.02000  0.13000    0.1900      0.1400      0.150
gp_scenario_71         0.11000  0.35000    0.2700      0.2700      0.320
gp_scenario_72         0.23000  0.23000    0.1700      0.1100      0.180
gp_scenario_73              NA  0.30000    0.2500      0.2600      0.260
gp_scenario_74         0.16000  0.38000    0.4100      0.3400      0.300
gp_scenario_75         0.22000  0.36000    0.4000      0.2200      0.370
gp_scenario_76         0.14000  0.22000    0.2100      0.1600      0.180
gp_scenario_77        -0.03300  0.05300    0.0330     -0.0410      0.032
gp_scenario_78         0.14000  0.30000    0.2900      0.2700      0.260
gp_scenario_79         0.17000  0.28000    0.4800      0.4300      0.440
gp_scenario_80         0.19000  0.46000    0.4500      0.3900      0.430
gp_scenario_81         0.26000  0.24000    0.1800      0.0940      0.210
gp_scenario_82         0.05000  0.06300    0.1100      0.0680      0.100
gp_scenario_83        -0.04400  0.18000    0.1500      0.1500      0.160
gp_scenario_84         0.04000  0.32000    0.4400      0.3400      0.310
gp_scenario_85              NA  0.35000    0.3100      0.2200      0.290
gp_scenario_86         0.07800  0.26000    0.3100      0.2400      0.320
gp_scenario_87        -0.04100  0.00089   -0.0031      0.0033     -0.073
gp_scenario_88         0.24000  0.36000    0.3300      0.3000      0.260
gp_scenario_89         0.10000  0.26000    0.2600      0.2300      0.250
gp_scenario_90              NA  0.43000    0.4400      0.3400      0.410
gp_scenario_91         0.08500  0.38000    0.3900      0.3800      0.400
gp_scenario_92         0.24000  0.39000    0.3800      0.2100      0.340
gp_scenario_93        -0.02500  0.01800    0.0480      0.0480      0.046
gp_scenario_94         0.13000  0.13000    0.1900      0.2300      0.078
gp_scenario_95         0.11000  0.25000    0.3000      0.2800      0.290
gp_scenario_96         0.18000  0.30000    0.3500      0.2800      0.340
gp_scenario_97         0.25000  0.48000    0.3600      0.3100      0.370
gp_scenario_98         0.32000  0.25000    0.2100      0.2300      0.210
gp_scenario_99         0.23000  0.38000    0.3700      0.4000      0.430
gp_scenario_100        0.14000  0.30000    0.3000      0.2300      0.230
pa_median              0.15000  0.30000    0.3000      0.2400      0.280
pa_iqr                 0.14000  0.12000    0.1600      0.1300      0.140
                LASSO_blups RF_blups_pca SVR_blups_pca GBLUP_blups_pca
gp_scenario_1      -0.03900      0.02000        0.2600         0.29000
gp_scenario_2       0.29000      0.15000        0.1200        -0.04000
gp_scenario_3       0.24000      0.07700        0.1900         0.19000
gp_scenario_4       0.14000     -0.26000       -0.2000        -0.16000
gp_scenario_5       0.33000      0.20000        0.2400         0.10000
gp_scenario_6       0.10000      0.12000        0.0530         0.08200
gp_scenario_7       0.27000     -0.18000       -0.1600        -0.16000
gp_scenario_8       0.20000      0.17000        0.2100         0.20000
gp_scenario_9       0.33000      0.34000        0.2300         0.19000
gp_scenario_10      0.13000     -0.14000        0.0610        -0.00770
gp_scenario_11      0.17000      0.16000        0.3800         0.28000
gp_scenario_12      0.03400     -0.13000       -0.1400        -0.05000
gp_scenario_13      0.15000     -0.08900        0.1100        -0.07700
gp_scenario_14           NA      0.05200        0.0460         0.07600
gp_scenario_15           NA      0.18000        0.1500         0.26000
gp_scenario_16      0.32000      0.25000        0.4100         0.31000
gp_scenario_17      0.20000      0.08900        0.0530         0.03400
gp_scenario_18      0.16000      0.23000        0.3800         0.21000
gp_scenario_19      0.28000      0.06300       -0.0049         0.10000
gp_scenario_20      0.13000     -0.10000       -0.1000        -0.00014
gp_scenario_21     -0.03200      0.36000        0.3500         0.29000
gp_scenario_22      0.31000      0.15000        0.2500         0.19000
gp_scenario_23      0.19000      0.19000        0.3700         0.52000
gp_scenario_24      0.01800     -0.19000        0.0680        -0.04800
gp_scenario_25      0.02300     -0.27000       -0.2000        -0.15000
gp_scenario_26      0.17000      0.04300        0.2700         0.05900
gp_scenario_27     -0.03400      0.07300        0.2100         0.19000
gp_scenario_28      0.01100     -0.07500        0.0770         0.16000
gp_scenario_29      0.03900      0.22000        0.3100         0.22000
gp_scenario_30           NA      0.04600        0.0320         0.01800
gp_scenario_31      0.20000      0.20000        0.2500         0.21000
gp_scenario_32      0.29000      0.07200        0.0580         0.08800
gp_scenario_33      0.16000      0.00600        0.0600        -0.02000
gp_scenario_34           NA     -0.04000        0.0050         0.00710
gp_scenario_35      0.09300      0.07500        0.1500         0.09100
gp_scenario_36      0.10000     -0.04700       -0.0850        -0.03200
gp_scenario_37      0.19000      0.15000        0.4100         0.26000
gp_scenario_38           NA     -0.02400        0.0610         0.04100
gp_scenario_39      0.35000      0.16000        0.1900         0.13000
gp_scenario_40      0.07400      0.13000        0.2700         0.14000
gp_scenario_41      0.29000      0.18000        0.2000         0.30000
gp_scenario_42      0.12000      0.06600        0.2500         0.16000
gp_scenario_43      0.21000      0.44000        0.5400         0.51000
gp_scenario_44      0.24000     -0.00370        0.0041        -0.00260
gp_scenario_45      0.22000      0.10000        0.1200         0.14000
gp_scenario_46      0.14000      0.07900        0.2800         0.28000
gp_scenario_47      0.26000      0.01500        0.0430         0.04600
gp_scenario_48           NA      0.19000        0.0170        -0.01400
gp_scenario_49      0.07000      0.14000        0.1700         0.08600
gp_scenario_50      0.23000      0.21000        0.3300         0.20000
gp_scenario_51      0.26000      0.17000        0.2200         0.15000
gp_scenario_52      0.17000     -0.16000       -0.0680        -0.00260
gp_scenario_53      0.29000      0.26000        0.3200         0.28000
gp_scenario_54      0.12000     -0.03000       -0.0310        -0.04900
gp_scenario_55      0.21000      0.18000        0.2800         0.18000
gp_scenario_56      0.20000      0.08100        0.1200         0.11000
gp_scenario_57      0.13000      0.03200        0.1300         0.08500
gp_scenario_58     -0.00089     -0.00320        0.0830         0.15000
gp_scenario_59      0.28000      0.22000        0.2000         0.20000
gp_scenario_60      0.07400      0.14000        0.2300         0.23000
gp_scenario_61           NA      0.25000        0.2000         0.16000
gp_scenario_62      0.00110      0.06800        0.3100         0.18000
gp_scenario_63      0.09900      0.09900        0.0850         0.14000
gp_scenario_64      0.22000      0.03000        0.0420         0.11000
gp_scenario_65      0.07900      0.13000       -0.0840        -0.14000
gp_scenario_66      0.13000      0.02900        0.1400         0.00620
gp_scenario_67      0.43000      0.35000        0.2900         0.29000
gp_scenario_68      0.30000     -0.02700       -0.0370        -0.01900
gp_scenario_69           NA      0.01200       -0.0150        -0.13000
gp_scenario_70     -0.11000     -0.25000       -0.0140        -0.18000
gp_scenario_71      0.08800      0.08100        0.1800         0.09200
gp_scenario_72      0.18000      0.07100        0.0490         0.04000
gp_scenario_73           NA     -0.18000       -0.1200         0.02100
gp_scenario_74      0.18000      0.37000        0.3700         0.30000
gp_scenario_75      0.24000      0.20000        0.3200         0.20000
gp_scenario_76      0.16000      0.12000        0.1600         0.05800
gp_scenario_77      0.04100     -0.15000       -0.0340        -0.07100
gp_scenario_78      0.17000      0.08700        0.1800         0.09300
gp_scenario_79      0.20000      0.00086        0.3700         0.31000
gp_scenario_80      0.19000      0.09200        0.0830         0.11000
gp_scenario_81      0.35000      0.08300        0.0240        -0.03300
gp_scenario_82      0.14000      0.01500        0.1200         0.09800
gp_scenario_83     -0.04600     -0.20000       -0.0970        -0.04500
gp_scenario_84      0.07900      0.29000        0.4100         0.27000
gp_scenario_85      0.25000      0.04100       -0.0500        -0.02400
gp_scenario_86      0.15000      0.07900        0.1800         0.12000
gp_scenario_87     -0.08800     -0.24000       -0.1000        -0.05400
gp_scenario_88      0.23000      0.25000        0.2200         0.13000
gp_scenario_89      0.07700      0.03900        0.1700         0.19000
gp_scenario_90      0.19000      0.09000        0.0980         0.02200
gp_scenario_91      0.31000      0.06300        0.0650         0.15000
gp_scenario_92      0.26000      0.19000        0.2400         0.09400
gp_scenario_93     -0.03100     -0.04600        0.0190         0.03600
gp_scenario_94      0.15000      0.14000        0.3200         0.33000
gp_scenario_95      0.16000      0.03900        0.1400         0.08600
gp_scenario_96      0.26000      0.11000        0.1800         0.17000
gp_scenario_97      0.27000      0.22000        0.1200         0.14000
gp_scenario_98      0.38000      0.09300        0.1000         0.10000
gp_scenario_99      0.20000      0.19000        0.1800         0.25000
gp_scenario_100     0.19000      0.08700        0.2000         0.13000
pa_median           0.17000      0.08100        0.1400         0.11000
pa_iqr              0.15000      0.16000        0.2000         0.19000
                RKHS_blups_pca LASSO_blups_pca
gp_scenario_1         -1.2e-01        -0.13000
gp_scenario_2         -1.1e-01         0.22000
gp_scenario_3         -6.4e-02         0.00077
gp_scenario_4         -2.0e-01        -0.19000
gp_scenario_5         -6.4e-02         0.30000
gp_scenario_6         -4.0e-02              NA
gp_scenario_7         -1.6e-01              NA
gp_scenario_8          2.4e-02              NA
gp_scenario_9          1.8e-02         0.27000
gp_scenario_10        -2.6e-01        -0.06900
gp_scenario_11         9.3e-03         0.05700
gp_scenario_12        -1.4e-01              NA
gp_scenario_13        -6.5e-02        -0.17000
gp_scenario_14        -2.4e-01              NA
gp_scenario_15        -3.2e-03         0.08700
gp_scenario_16         2.7e-01         0.05300
gp_scenario_17        -2.4e-02              NA
gp_scenario_18         6.5e-02        -0.02800
gp_scenario_19         3.4e-02         0.11000
gp_scenario_20        -5.2e-02        -0.15000
gp_scenario_21         9.8e-02        -0.02800
gp_scenario_22        -3.6e-02         0.29000
gp_scenario_23         2.6e-01              NA
gp_scenario_24        -8.6e-02        -0.25000
gp_scenario_25        -2.6e-01              NA
gp_scenario_26        -1.2e-01        -0.03000
gp_scenario_27        -1.2e-01        -0.01900
gp_scenario_28         8.6e-02              NA
gp_scenario_29         1.1e-01              NA
gp_scenario_30        -2.2e-01              NA
gp_scenario_31         1.3e-01         0.19000
gp_scenario_32        -1.3e-01              NA
gp_scenario_33         4.1e-03         0.00340
gp_scenario_34        -1.8e-01         0.12000
gp_scenario_35        -5.6e-02        -0.17000
gp_scenario_36        -4.9e-02         0.11000
gp_scenario_37         1.2e-01         0.08500
gp_scenario_38        -1.3e-01              NA
gp_scenario_39         1.2e-01         0.20000
gp_scenario_40         2.7e-02         0.00440
gp_scenario_41         5.8e-03         0.10000
gp_scenario_42         1.5e-02         0.00230
gp_scenario_43         2.2e-01              NA
gp_scenario_44        -3.4e-02        -0.10000
gp_scenario_45        -4.3e-02         0.13000
gp_scenario_46         1.1e-02        -0.19000
gp_scenario_47        -1.2e-01              NA
gp_scenario_48        -1.7e-03              NA
gp_scenario_49        -1.6e-01        -0.19000
gp_scenario_50         6.1e-02         0.04600
gp_scenario_51         2.7e-02              NA
gp_scenario_52        -2.6e-02        -0.00850
gp_scenario_53         5.3e-02              NA
gp_scenario_54        -1.4e-01              NA
gp_scenario_55        -4.0e-02         0.13000
gp_scenario_56        -1.4e-01         0.07900
gp_scenario_57         1.5e-02              NA
gp_scenario_58         8.1e-04        -0.01400
gp_scenario_59         8.3e-02         0.21000
gp_scenario_60         8.4e-02        -0.08900
gp_scenario_61        -7.7e-02              NA
gp_scenario_62         1.1e-01              NA
gp_scenario_63         8.3e-02              NA
gp_scenario_64        -6.5e-02         0.02100
gp_scenario_65        -1.9e-01         0.03600
gp_scenario_66        -1.1e-01        -0.09100
gp_scenario_67         2.5e-01         0.28000
gp_scenario_68        -3.4e-02              NA
gp_scenario_69        -1.8e-01              NA
gp_scenario_70        -2.7e-01        -0.28000
gp_scenario_71         4.8e-02        -0.17000
gp_scenario_72        -1.6e-01         0.13000
gp_scenario_73        -1.5e-01              NA
gp_scenario_74        -3.8e-02         0.12000
gp_scenario_75         1.2e-01         0.02900
gp_scenario_76        -6.9e-02         0.24000
gp_scenario_77        -1.4e-01              NA
gp_scenario_78        -2.0e-03         0.01500
gp_scenario_79         1.4e-01              NA
gp_scenario_80         4.0e-02         0.04600
gp_scenario_81        -4.5e-02              NA
gp_scenario_82        -1.9e-01              NA
gp_scenario_83        -1.5e-01        -0.16000
gp_scenario_84         5.6e-02        -0.02000
gp_scenario_85        -7.9e-02              NA
gp_scenario_86        -8.4e-02              NA
gp_scenario_87        -2.9e-01              NA
gp_scenario_88        -9.9e-02         0.13000
gp_scenario_89        -5.1e-02              NA
gp_scenario_90        -1.3e-02              NA
gp_scenario_91         1.2e-01         0.04500
gp_scenario_92         9.9e-05         0.22000
gp_scenario_93        -8.4e-02        -0.03400
gp_scenario_94        -9.9e-02         0.13000
gp_scenario_95        -6.3e-02         0.02100
gp_scenario_96         7.7e-03              NA
gp_scenario_97         4.1e-02         0.23000
gp_scenario_98        -8.0e-02              NA
gp_scenario_99         3.6e-02        -0.10000
gp_scenario_100       -3.1e-02         0.02600
pa_median             -3.9e-02         0.02600
pa_iqr                 1.5e-01         0.18000
                GBLUP_wiser GBLUP_ls_means GBLUP_blups GBLUP_blups_pca
gp_scenario_1          0.67           0.58        0.54         0.00073
gp_scenario_2          0.74           0.61        0.58         0.00160
gp_scenario_3          0.69           0.53        0.46         0.00089
gp_scenario_4          0.73           0.75        0.76         0.72000
gp_scenario_5          0.66           0.71        0.65         0.00180
gp_scenario_6          0.67           0.42        0.39         0.00100
gp_scenario_7          0.74           0.91        0.91         0.88000
gp_scenario_8          0.69           0.57        0.52         0.00067
gp_scenario_9          0.73           0.55        0.49         0.00069
gp_scenario_10         0.66           0.74        0.70         0.00430
gp_scenario_11         0.64           0.56        0.51         0.00063
gp_scenario_12         0.70           0.67        0.70         0.62000
gp_scenario_13         0.74           0.72        0.65         0.00099
gp_scenario_14         0.72           0.55        0.51         0.00160
gp_scenario_15         0.67           0.61        0.54         0.00140
gp_scenario_16         0.80           0.57        0.50         0.00053
gp_scenario_17         0.67           0.45        0.42         0.00110
gp_scenario_18         0.69           0.57        0.53         0.00078
gp_scenario_19         0.69           0.81        0.82         0.74000
gp_scenario_20         0.67           0.60        0.56         0.00180
gp_scenario_21         0.72           0.58        0.54         0.00090
gp_scenario_22         0.72           0.69        0.62         0.00094
gp_scenario_23         0.68           0.44        0.38         0.00040
gp_scenario_24         0.69           0.69        0.64         0.00250
gp_scenario_25         0.71           0.55        0.56         0.47000
gp_scenario_26         0.71           0.65        0.60         0.00110
gp_scenario_27         0.73           0.61        0.56         0.00110
gp_scenario_28         0.70           0.70        0.69         0.57000
gp_scenario_29         0.71           0.55        0.49         0.00064
gp_scenario_30         0.63           0.38        0.32         0.00170
gp_scenario_31         0.64           0.49        0.43         0.00055
gp_scenario_32         0.80           0.74        0.76         0.01400
gp_scenario_33         0.66           0.58        0.54         0.00130
gp_scenario_34         0.68           0.70        0.63         0.00300
gp_scenario_35         0.73           0.66        0.60         0.00290
gp_scenario_36         0.77           0.80        0.79         0.74000
gp_scenario_37         0.68           0.53        0.46         0.00049
gp_scenario_38         0.68           0.50        0.48         0.20000
gp_scenario_39         0.71           0.62        0.57         0.00088
gp_scenario_40         0.69           0.60        0.53         0.00074
gp_scenario_41         0.65           0.50        0.45         0.00070
gp_scenario_42         0.73           0.64        0.59         0.00097
gp_scenario_43         0.68           0.52        0.47         0.00047
gp_scenario_44         0.70           0.59        0.59         0.50000
gp_scenario_45         0.75           0.63        0.58         0.00170
gp_scenario_46         0.68           0.60        0.54         0.00110
gp_scenario_47         0.71           0.50        0.45         0.00150
gp_scenario_48         0.69           0.78        0.77         0.67000
gp_scenario_49         0.71           0.57        0.55         0.00110
gp_scenario_50         0.65           0.57        0.51         0.00065
gp_scenario_51         0.74           0.60        0.56         0.00110
gp_scenario_52         0.68           0.91        0.92         0.90000
gp_scenario_53         0.70           0.55        0.50         0.00080
gp_scenario_54         0.68           0.53        0.50         0.01000
gp_scenario_55         0.69           0.51        0.44         0.00055
gp_scenario_56         0.69           0.38        0.35         0.00110
gp_scenario_57         0.67           0.81        0.79         0.70000
gp_scenario_58         0.66           0.59        0.53         0.00120
gp_scenario_59         0.70           0.63        0.56         0.00097
gp_scenario_60         0.76           0.54        0.50         0.00075
gp_scenario_61         0.68           0.60        0.56         0.00290
gp_scenario_62         0.66           0.61        0.55         0.00074
gp_scenario_63         0.68           0.79        0.75         0.00280
gp_scenario_64         0.65           0.51        0.47         0.00160
gp_scenario_65         0.80           0.64        0.59         0.00170
gp_scenario_66         0.72           0.70        0.64         0.00980
gp_scenario_67         0.68           0.51        0.44         0.00046
gp_scenario_68         0.77           0.68        0.70         0.56000
gp_scenario_69         0.68           0.65        0.60         0.00200
gp_scenario_70         0.67           0.74        0.68         0.01400
gp_scenario_71         0.66           0.59        0.52         0.00068
gp_scenario_72         0.71           0.62        0.56         0.00190
gp_scenario_73         0.72           0.64        0.64         0.56000
gp_scenario_74         0.72           0.50        0.46         0.00053
gp_scenario_75         0.69           0.59        0.52         0.00065
gp_scenario_76         0.71           0.72        0.64         0.00098
gp_scenario_77         0.71           0.59        0.54         0.07600
gp_scenario_78         0.69           0.65        0.62         0.00120
gp_scenario_79         0.71           0.45        0.42         0.00058
gp_scenario_80         0.67           0.74        0.72         0.69000
gp_scenario_81         0.65           0.48        0.44         0.00150
gp_scenario_82         0.74           0.69        0.64         0.00120
gp_scenario_83         0.67           0.72        0.67         0.53000
gp_scenario_84         0.71           0.49        0.46         0.00055
gp_scenario_85         0.71           0.80        0.78         0.71000
gp_scenario_86         0.69           0.59        0.54         0.00090
gp_scenario_87         0.74           0.54        0.52         0.10000
gp_scenario_88         0.67           0.55        0.50         0.00087
gp_scenario_89         0.70           0.62        0.57         0.00130
gp_scenario_90         0.67           0.77        0.75         0.67000
gp_scenario_91         0.68           0.91        0.88         0.86000
gp_scenario_92         0.75           0.58        0.48         0.00066
gp_scenario_93         0.67           0.48        0.44         0.00120
gp_scenario_94         0.70           0.55        0.51         0.00068
gp_scenario_95         0.73           0.64        0.61         0.00250
gp_scenario_96         0.75           0.46        0.43         0.00083
gp_scenario_97         0.68           0.80        0.79         0.71000
gp_scenario_98         0.70           0.47        0.44         0.00120
gp_scenario_99         0.77           0.56        0.49         0.00079
gp_scenario_100        0.65           0.71        0.65         0.00200
h2_median              0.69           0.60        0.55         0.00120
h2_iqr                 0.05           0.14        0.15         0.00910
