[1] "using maize_env"
Le chargement a nécessité le package : Matrix

Attachement du package : ‘tidyr’

Les objets suivants sont masqués depuis ‘package:Matrix’:

    expand, pack, unpack

Le chargement a nécessité le package : foreach
Le chargement a nécessité le package : iterators
Le chargement a nécessité le package : parallel
Le chargement a nécessité le package : rngtools
This build of rgl does not include OpenGL functions.  Use
 rglwidget() to display results, e.g. via options(rgl.printRglwidget = TRUE).
Le chargement a nécessité le package : Rcpp
Le chargement a nécessité le package : zigg
Le chargement a nécessité le package : RcppParallel

Attachement du package : ‘RcppParallel’

L'objet suivant est masqué depuis ‘package:Rcpp’:

    LdFlags


Rfast: 2.1.5.1
 ___ __ __ __ __    __ __ __ __ __ _             _               __ __ __ __ __     __ __ __ __ __ __   
|  __ __ __ __  |  |  __ __ __ __ _/            / \             |  __ __ __ __ /   /__ __ _   _ __ __\  
| |           | |  | |                         / _ \            | |                        / /          
| |           | |  | |                        / / \ \           | |                       / /          
| |           | |  | |                       / /   \ \          | |                      / /          
| |__ __ __ __| |  | |__ __ __ __           / /     \ \         | |__ __ __ __ _        / /__/\          
|    __ __ __ __|  |  __ __ __ __|         / /__ _ __\ \        |_ __ __ __ _   |      / ___  /           
|   \              | |                    / _ _ _ _ _ _ \                     | |      \/  / /       
| |\ \             | |                   / /           \ \                    | |         / /          
| | \ \            | |                  / /             \ \                   | |        / /          
| |  \ \           | |                 / /               \ \                  | |       / /          
| |   \ \__ __ _   | |                / /                 \ \     _ __ __ __ _| |      / /          
|_|    \__ __ __\  |_|               /_/                   \_\   /_ __ __ __ ___|      \/             team

Attachement du package : ‘Rfast’

Les objets suivants sont masqués depuis ‘package:robustbase’:

    colMedians, rowMedians

L'objet suivant est masqué depuis ‘package:data.table’:

    transpose

Le chargement a nécessité le package : lattice

Attachement du package : ‘plotly’

L'objet suivant est masqué depuis ‘package:ggplot2’:

    last_plot

L'objet suivant est masqué depuis ‘package:MASS’:

    select

L'objet suivant est masqué depuis ‘package:stats’:

    filter

L'objet suivant est masqué depuis ‘package:graphics’:

    layout


Attachement du package : ‘dplyr’

L'objet suivant est masqué depuis ‘package:Rfast’:

    nth

Les objets suivants sont masqués depuis ‘package:data.table’:

    between, first, last

L'objet suivant est masqué depuis ‘package:MASS’:

    select

Les objets suivants sont masqués depuis ‘package:stats’:

    filter, lag

Les objets suivants sont masqués depuis ‘package:base’:

    intersect, setdiff, setequal, union


Attachement du package : ‘kernlab’

L'objet suivant est masqué depuis ‘package:ggplot2’:

    alpha

Le chargement a nécessité le package : corpcor

Attachement du package : ‘corpcor’

L'objet suivant est masqué depuis ‘package:matrixcalc’:

    is.positive.definite

Loaded glmnet 4.1-8

Loaded mixOmics 6.31.5
Thank you for using mixOmics!
Tutorials: http://mixomics.org
Bookdown vignette: https://mixomicsteam.github.io/Bookdown
Questions, issues: Follow the prompts at http://mixomics.org/contact-us
Cite us:  citation('mixOmics')

[1] "kernel: linear"
[1] "trait: grain.weight"
                RF_wiser SVR_wiser GBLUP_wiser RKHS_wiser LASSO_wiser
gp_scenario_1       0.70      0.71        0.64       0.73        0.74
gp_scenario_2       0.71      0.73        0.70       0.72        0.66
gp_scenario_3       0.67      0.69        0.62       0.71        0.68
gp_scenario_4       0.59      0.57        0.55       0.58        0.56
gp_scenario_5       0.63      0.62        0.54       0.64        0.57
gp_scenario_6       0.77      0.73        0.68       0.75        0.75
gp_scenario_7       0.72      0.73        0.68       0.71        0.68
gp_scenario_8       0.62      0.68        0.64       0.68        0.64
gp_scenario_9       0.54      0.54        0.49       0.54        0.56
gp_scenario_10      0.61      0.57        0.53       0.60        0.60
gp_scenario_11      0.68      0.70        0.65       0.70        0.69
gp_scenario_12      0.82      0.80        0.74       0.82        0.75
gp_scenario_13      0.59      0.56        0.56       0.57        0.57
gp_scenario_14      0.37      0.40        0.36       0.41        0.38
gp_scenario_15      0.61      0.67        0.63       0.67        0.59
gp_scenario_16      0.29      0.26        0.24       0.26        0.28
gp_scenario_17      0.62      0.65        0.64       0.65        0.55
gp_scenario_18      0.70      0.69        0.65       0.70        0.71
gp_scenario_19      0.75      0.77        0.68       0.78        0.72
gp_scenario_20      0.70      0.73        0.68       0.74        0.71
gp_scenario_21      0.67      0.70        0.63       0.70        0.59
gp_scenario_22      0.58      0.57        0.55       0.59        0.55
gp_scenario_23      0.54      0.54        0.42       0.55        0.60
gp_scenario_24      0.63      0.62        0.56       0.62        0.53
gp_scenario_25      0.67      0.65        0.58       0.65        0.59
gp_scenario_26      0.61      0.60        0.57       0.62        0.64
gp_scenario_27      0.71      0.65        0.60       0.64        0.66
gp_scenario_28      0.67      0.63        0.61       0.66        0.66
gp_scenario_29      0.67      0.66        0.59       0.67        0.62
gp_scenario_30      0.67      0.71        0.69       0.74        0.71
gp_scenario_31      0.68      0.72        0.68       0.73        0.67
gp_scenario_32      0.62      0.64        0.63       0.64        0.66
gp_scenario_33      0.68      0.67        0.64       0.68        0.74
gp_scenario_34      0.58      0.61        0.58       0.61        0.54
gp_scenario_35      0.67      0.59        0.43       0.62        0.61
gp_scenario_36      0.51      0.54        0.46       0.52        0.50
gp_scenario_37      0.64      0.60        0.55       0.61        0.56
gp_scenario_38      0.74      0.78        0.68       0.77        0.75
gp_scenario_39      0.59      0.62        0.55       0.63        0.66
gp_scenario_40      0.65      0.68        0.64       0.69        0.67
gp_scenario_41      0.68      0.72        0.67       0.73        0.64
gp_scenario_42      0.54      0.55        0.55       0.56        0.57
gp_scenario_43      0.60      0.65        0.57       0.65        0.64
gp_scenario_44      0.61      0.66        0.63       0.65        0.58
gp_scenario_45      0.66      0.65        0.61       0.67        0.66
gp_scenario_46      0.70      0.73        0.65       0.73        0.65
gp_scenario_47      0.56      0.58        0.55       0.57        0.58
gp_scenario_48      0.64      0.65        0.63       0.67        0.67
gp_scenario_49      0.65      0.70        0.67       0.69        0.69
gp_scenario_50      0.62      0.65        0.64       0.66        0.70
gp_scenario_51      0.45      0.52        0.51       0.52        0.45
gp_scenario_52      0.72      0.76        0.75       0.79        0.75
gp_scenario_53      0.64      0.66        0.59       0.66        0.62
gp_scenario_54      0.69      0.65        0.60       0.68        0.71
gp_scenario_55      0.67      0.70        0.65       0.70        0.56
gp_scenario_56      0.62      0.63        0.59       0.64        0.56
gp_scenario_57      0.63      0.68        0.65       0.73        0.71
gp_scenario_58      0.71      0.66        0.67       0.68        0.76
gp_scenario_59      0.50      0.52        0.44       0.51        0.47
gp_scenario_60      0.61      0.66        0.64       0.66        0.62
gp_scenario_61      0.62      0.62        0.61       0.65        0.59
gp_scenario_62      0.72      0.73        0.72       0.75        0.70
gp_scenario_63      0.55      0.54        0.45       0.57        0.51
gp_scenario_64      0.65      0.68        0.61       0.68        0.61
gp_scenario_65      0.58      0.57        0.52       0.57        0.49
gp_scenario_66      0.46      0.46        0.38       0.49        0.51
gp_scenario_67      0.73      0.74        0.65       0.75        0.74
gp_scenario_68      0.58      0.58        0.55       0.59        0.58
gp_scenario_69      0.60      0.62        0.64       0.66        0.61
gp_scenario_70      0.60      0.62        0.60       0.61        0.69
gp_scenario_71      0.65      0.64        0.64       0.66        0.67
gp_scenario_72      0.68      0.68        0.58       0.69        0.71
gp_scenario_73      0.49      0.53        0.50       0.53        0.52
gp_scenario_74      0.65      0.63        0.59       0.62        0.63
gp_scenario_75      0.71      0.70        0.65       0.72        0.67
gp_scenario_76      0.51      0.53        0.51       0.55        0.56
gp_scenario_77      0.66      0.63        0.64       0.64        0.64
gp_scenario_78      0.69      0.70        0.65       0.71        0.68
gp_scenario_79      0.73      0.72        0.65       0.72        0.70
gp_scenario_80      0.67      0.69        0.65       0.71        0.65
gp_scenario_81      0.75      0.73        0.67       0.76        0.73
gp_scenario_82      0.62      0.60        0.64       0.63        0.59
gp_scenario_83      0.66      0.64        0.55       0.67        0.69
gp_scenario_84      0.61      0.55        0.51       0.56        0.61
gp_scenario_85      0.60      0.65        0.62       0.66        0.64
gp_scenario_86      0.67      0.68        0.62       0.69        0.66
gp_scenario_87      0.68      0.70        0.66       0.72        0.64
gp_scenario_88      0.59      0.58        0.51       0.58        0.58
gp_scenario_89      0.63      0.60        0.55       0.62        0.67
gp_scenario_90      0.62      0.64        0.65       0.67        0.64
gp_scenario_91      0.67      0.69        0.64       0.71        0.66
gp_scenario_92      0.65      0.62        0.61       0.63        0.67
gp_scenario_93      0.78      0.72        0.58       0.75        0.75
gp_scenario_94      0.56      0.60        0.51       0.59        0.59
gp_scenario_95      0.59      0.60        0.61       0.62        0.59
gp_scenario_96      0.60      0.60        0.56       0.61        0.63
gp_scenario_97      0.68      0.65        0.59       0.67        0.69
gp_scenario_98      0.64      0.65        0.57       0.66        0.64
gp_scenario_99      0.58      0.62        0.59       0.61        0.56
gp_scenario_100     0.72      0.74        0.68       0.75        0.75
pa_median           0.64      0.65        0.61       0.66        0.64
pa_iqr              0.08      0.10        0.10       0.10        0.11
                RF_ls_means SVR_ls_means GBLUP_ls_means RKHS_ls_means
gp_scenario_1          0.67         0.65           0.57          0.64
gp_scenario_2          0.46         0.51           0.51          0.51
gp_scenario_3          0.67         0.67           0.64          0.66
gp_scenario_4          0.48         0.48           0.43          0.48
gp_scenario_5          0.58         0.55           0.50          0.53
gp_scenario_6          0.59         0.55           0.51          0.54
gp_scenario_7          0.56         0.58           0.58          0.59
gp_scenario_8          0.57         0.54           0.48          0.53
gp_scenario_9          0.66         0.66           0.59          0.66
gp_scenario_10         0.56         0.57           0.54          0.56
gp_scenario_11         0.56         0.54           0.46          0.51
gp_scenario_12         0.55         0.52           0.51          0.52
gp_scenario_13         0.53         0.56           0.55          0.57
gp_scenario_14         0.69         0.65           0.61          0.65
gp_scenario_15         0.52         0.50           0.47          0.52
gp_scenario_16         0.63         0.63           0.60          0.62
gp_scenario_17         0.52         0.48           0.46          0.49
gp_scenario_18         0.64         0.72           0.67          0.72
gp_scenario_19         0.54         0.51           0.50          0.51
gp_scenario_20         0.60         0.58           0.48          0.56
gp_scenario_21         0.51         0.54           0.55          0.55
gp_scenario_22         0.57         0.52           0.46          0.50
gp_scenario_23         0.59         0.58           0.52          0.56
gp_scenario_24         0.56         0.52           0.43          0.50
gp_scenario_25         0.63         0.56           0.52          0.56
gp_scenario_26         0.54         0.49           0.46          0.50
gp_scenario_27         0.66         0.63           0.61          0.62
gp_scenario_28         0.44         0.39           0.34          0.38
gp_scenario_29         0.66         0.67           0.59          0.64
gp_scenario_30         0.68         0.72           0.71          0.73
gp_scenario_31         0.64         0.62           0.57          0.63
gp_scenario_32         0.60         0.61           0.59          0.60
gp_scenario_33         0.57         0.57           0.51          0.55
gp_scenario_34         0.48         0.45           0.43          0.44
gp_scenario_35         0.62         0.61           0.54          0.59
gp_scenario_36         0.72         0.63           0.56          0.61
gp_scenario_37         0.51         0.45           0.34          0.40
gp_scenario_38         0.56         0.55           0.56          0.55
gp_scenario_39         0.48         0.57           0.59          0.60
gp_scenario_40         0.72         0.68           0.64          0.68
gp_scenario_41         0.43         0.44           0.44          0.44
gp_scenario_42         0.72         0.70           0.64          0.70
gp_scenario_43         0.57         0.56           0.45          0.54
gp_scenario_44         0.66         0.66           0.68          0.66
gp_scenario_45         0.65         0.58           0.56          0.58
gp_scenario_46         0.55         0.55           0.49          0.54
gp_scenario_47         0.64         0.63           0.58          0.62
gp_scenario_48         0.40         0.37           0.36          0.38
gp_scenario_49         0.59         0.57           0.58          0.58
gp_scenario_50         0.62         0.65           0.57          0.65
gp_scenario_51         0.61         0.63           0.58          0.63
gp_scenario_52         0.68         0.68           0.66          0.68
gp_scenario_53         0.59         0.57           0.51          0.55
gp_scenario_54         0.35         0.41           0.42          0.41
gp_scenario_55         0.51         0.46           0.38          0.43
gp_scenario_56         0.67         0.64           0.62          0.65
gp_scenario_57         0.67         0.62           0.54          0.60
gp_scenario_58         0.68         0.68           0.63          0.67
gp_scenario_59         0.49         0.57           0.55          0.58
gp_scenario_60         0.41         0.42           0.42          0.41
gp_scenario_61         0.55         0.52           0.50          0.51
gp_scenario_62         0.39         0.35           0.24          0.33
gp_scenario_63         0.63         0.71           0.68          0.69
gp_scenario_64         0.71         0.68           0.66          0.69
gp_scenario_65         0.52         0.57           0.56          0.57
gp_scenario_66         0.75         0.72           0.69          0.73
gp_scenario_67         0.56         0.54           0.48          0.54
gp_scenario_68         0.45         0.38           0.37          0.37
gp_scenario_69         0.51         0.51           0.46          0.51
gp_scenario_70         0.58         0.58           0.53          0.58
gp_scenario_71         0.47         0.47           0.44          0.46
gp_scenario_72         0.64         0.65           0.60          0.64
gp_scenario_73         0.62         0.56           0.52          0.56
gp_scenario_74         0.65         0.68           0.68          0.68
gp_scenario_75         0.54         0.52           0.45          0.53
gp_scenario_76         0.70         0.69           0.61          0.68
gp_scenario_77         0.69         0.61           0.55          0.60
gp_scenario_78         0.48         0.44           0.44          0.44
gp_scenario_79         0.65         0.64           0.60          0.65
gp_scenario_80         0.48         0.49           0.46          0.50
gp_scenario_81         0.47         0.52           0.52          0.52
gp_scenario_82         0.58         0.53           0.50          0.51
gp_scenario_83         0.64         0.62           0.58          0.64
gp_scenario_84         0.66         0.62           0.55          0.61
gp_scenario_85         0.61         0.55           0.45          0.52
gp_scenario_86         0.62         0.63           0.60          0.64
gp_scenario_87         0.55         0.52           0.52          0.52
gp_scenario_88         0.40         0.36           0.27          0.34
gp_scenario_89         0.63         0.62           0.56          0.64
gp_scenario_90         0.55         0.50           0.43          0.48
gp_scenario_91         0.51         0.57           0.55          0.57
gp_scenario_92         0.74         0.73           0.70          0.73
gp_scenario_93         0.56         0.50           0.48          0.51
gp_scenario_94         0.59         0.60           0.55          0.59
gp_scenario_95         0.53         0.50           0.50          0.50
gp_scenario_96         0.62         0.57           0.47          0.52
gp_scenario_97         0.45         0.41           0.35          0.39
gp_scenario_98         0.62         0.66           0.65          0.67
gp_scenario_99         0.57         0.62           0.64          0.63
gp_scenario_100        0.52         0.54           0.51          0.54
pa_median              0.58         0.57           0.54          0.56
pa_iqr                 0.12         0.11           0.13          0.13
                LASSO_ls_means RF_blups SVR_blups GBLUP_blups RKHS_blups
gp_scenario_1             0.53     0.66      0.64        0.57       0.64
gp_scenario_2             0.49     0.48      0.51        0.51       0.51
gp_scenario_3             0.67     0.67      0.66        0.64       0.66
gp_scenario_4             0.52     0.51      0.49        0.43       0.48
gp_scenario_5             0.51     0.60      0.55        0.50       0.53
gp_scenario_6             0.48     0.57      0.56        0.51       0.53
gp_scenario_7             0.59     0.56      0.59        0.58       0.59
gp_scenario_8             0.57     0.57      0.54        0.48       0.52
gp_scenario_9             0.49     0.66      0.66        0.59       0.66
gp_scenario_10            0.50     0.58      0.56        0.54       0.56
gp_scenario_11            0.46     0.57      0.53        0.46       0.51
gp_scenario_12            0.47     0.53      0.52        0.51       0.51
gp_scenario_13            0.39     0.54      0.56        0.55       0.57
gp_scenario_14            0.59     0.70      0.66        0.61       0.65
gp_scenario_15            0.40     0.50      0.50        0.46       0.51
gp_scenario_16            0.52     0.62      0.63        0.60       0.62
gp_scenario_17            0.43     0.50      0.47        0.46       0.48
gp_scenario_18            0.57     0.65      0.70        0.67       0.71
gp_scenario_19            0.49     0.53      0.51        0.50       0.51
gp_scenario_20            0.42     0.60      0.60        0.48       0.56
gp_scenario_21            0.45     0.50      0.54        0.55       0.54
gp_scenario_22            0.44     0.59      0.52        0.46       0.50
gp_scenario_23            0.46     0.59      0.57        0.51       0.55
gp_scenario_24            0.44     0.54      0.52        0.43       0.50
gp_scenario_25            0.58     0.63      0.56        0.51       0.55
gp_scenario_26            0.40     0.54      0.49        0.46       0.50
gp_scenario_27            0.56     0.66      0.62        0.61       0.62
gp_scenario_28            0.39     0.47      0.42        0.34       0.38
gp_scenario_29            0.52     0.68      0.67        0.59       0.64
gp_scenario_30            0.67     0.67      0.71        0.71       0.72
gp_scenario_31            0.54     0.63      0.62        0.58       0.63
gp_scenario_32            0.51     0.61      0.60        0.59       0.59
gp_scenario_33            0.52     0.57      0.57        0.51       0.55
gp_scenario_34            0.39     0.48      0.46        0.43       0.44
gp_scenario_35            0.59     0.62      0.61        0.54       0.59
gp_scenario_36            0.71     0.71      0.64        0.55       0.61
gp_scenario_37            0.41     0.51      0.45        0.34       0.39
gp_scenario_38            0.47     0.56      0.55        0.56       0.55
gp_scenario_39            0.43     0.47      0.57        0.60       0.60
gp_scenario_40            0.52     0.72      0.68        0.64       0.68
gp_scenario_41            0.41     0.42      0.43        0.43       0.43
gp_scenario_42            0.64     0.71      0.71        0.64       0.70
gp_scenario_43            0.30     0.58      0.55        0.45       0.54
gp_scenario_44            0.62     0.66      0.66        0.68       0.67
gp_scenario_45            0.60     0.65      0.59        0.56       0.58
gp_scenario_46            0.42     0.58      0.56        0.49       0.54
gp_scenario_47            0.61     0.64      0.63        0.57       0.61
gp_scenario_48            0.36     0.41      0.38        0.35       0.37
gp_scenario_49            0.44     0.56      0.57        0.58       0.58
gp_scenario_50            0.52     0.61      0.66        0.57       0.65
gp_scenario_51            0.62     0.60      0.63        0.59       0.63
gp_scenario_52            0.52     0.68      0.68        0.66       0.68
gp_scenario_53            0.43     0.61      0.58        0.50       0.54
gp_scenario_54            0.37     0.35      0.40        0.42       0.41
gp_scenario_55            0.41     0.53      0.46        0.37       0.43
gp_scenario_56            0.62     0.68      0.65        0.62       0.65
gp_scenario_57            0.58     0.65      0.62        0.54       0.60
gp_scenario_58            0.52     0.66      0.68        0.63       0.67
gp_scenario_59            0.38     0.51      0.57        0.55       0.58
gp_scenario_60            0.34     0.41      0.42        0.42       0.41
gp_scenario_61            0.56     0.55      0.52        0.50       0.50
gp_scenario_62            0.25     0.39      0.34        0.23       0.32
gp_scenario_63            0.56     0.66      0.70        0.67       0.69
gp_scenario_64            0.68     0.70      0.68        0.65       0.69
gp_scenario_65            0.53     0.52      0.57        0.56       0.57
gp_scenario_66            0.69     0.74      0.73        0.69       0.73
gp_scenario_67            0.51     0.55      0.54        0.48       0.53
gp_scenario_68            0.36     0.44      0.39        0.38       0.38
gp_scenario_69            0.41     0.51      0.50        0.46       0.50
gp_scenario_70            0.49     0.60      0.59        0.53       0.58
gp_scenario_71            0.39     0.48      0.47        0.43       0.46
gp_scenario_72            0.55     0.65      0.64        0.60       0.63
gp_scenario_73            0.49     0.62      0.56        0.52       0.55
gp_scenario_74            0.64     0.64      0.68        0.68       0.68
gp_scenario_75            0.37     0.56      0.53        0.45       0.53
gp_scenario_76            0.69     0.69      0.68        0.60       0.68
gp_scenario_77            0.66     0.69      0.62        0.55       0.60
gp_scenario_78            0.41     0.49      0.44        0.44       0.44
gp_scenario_79            0.55     0.63      0.64        0.60       0.65
gp_scenario_80            0.55     0.48      0.49        0.47       0.50
gp_scenario_81            0.40     0.44      0.51        0.51       0.52
gp_scenario_82            0.43     0.59      0.54        0.49       0.51
gp_scenario_83            0.56     0.65      0.62        0.57       0.63
gp_scenario_84            0.64     0.66      0.62        0.55       0.61
gp_scenario_85            0.49     0.59      0.55        0.45       0.51
gp_scenario_86            0.53     0.62      0.63        0.60       0.64
gp_scenario_87            0.55     0.55      0.52        0.52       0.52
gp_scenario_88            0.22     0.39      0.37        0.27       0.34
gp_scenario_89            0.60     0.63      0.63        0.56       0.63
gp_scenario_90            0.51     0.56      0.50        0.43       0.48
gp_scenario_91            0.40     0.49      0.58        0.55       0.57
gp_scenario_92            0.66     0.73      0.73        0.69       0.72
gp_scenario_93            0.40     0.55      0.50        0.47       0.51
gp_scenario_94            0.54     0.59      0.59        0.54       0.58
gp_scenario_95            0.47     0.55      0.50        0.50       0.50
gp_scenario_96            0.59     0.59      0.57        0.47       0.52
gp_scenario_97            0.32     0.43      0.40        0.35       0.38
gp_scenario_98            0.48     0.63      0.65        0.64       0.66
gp_scenario_99            0.47     0.58      0.63        0.64       0.63
gp_scenario_100           0.42     0.51      0.54        0.51       0.54
pa_median                 0.50     0.58      0.57        0.54       0.56
pa_iqr                    0.14     0.13      0.12        0.13       0.12
                LASSO_blups RF_blups_pca SVR_blups_pca GBLUP_blups_pca
gp_scenario_1          0.54       0.0190         0.140         0.12000
gp_scenario_2          0.45       0.1800         0.200         0.25000
gp_scenario_3          0.68       0.2500         0.220         0.23000
gp_scenario_4          0.53       0.0670         0.026         0.03000
gp_scenario_5          0.49       0.2000         0.180         0.14000
gp_scenario_6          0.49       0.1500         0.074         0.06100
gp_scenario_7          0.58       0.1800         0.300         0.27000
gp_scenario_8          0.57      -0.0180        -0.057        -0.00820
gp_scenario_9          0.49       0.1900         0.290         0.25000
gp_scenario_10         0.51       0.2500         0.180         0.19000
gp_scenario_11         0.48      -0.2000        -0.120        -0.06600
gp_scenario_12         0.45       0.1500         0.091         0.08200
gp_scenario_13         0.39      -0.0360         0.110         0.15000
gp_scenario_14         0.58       0.0970         0.150         0.12000
gp_scenario_15         0.39       0.1200         0.120         0.17000
gp_scenario_16         0.52      -0.0340         0.054         0.09900
gp_scenario_17         0.43       0.1100         0.100         0.16000
gp_scenario_18         0.59       0.3200         0.300         0.32000
gp_scenario_19         0.48       0.1100         0.150         0.09800
gp_scenario_20         0.43       0.0750         0.140         0.06900
gp_scenario_21         0.49      -0.0470         0.096         0.19000
gp_scenario_22         0.44       0.1000         0.073         0.08000
gp_scenario_23         0.49       0.0850         0.049        -0.01700
gp_scenario_24         0.44       0.0540         0.042        -0.00033
gp_scenario_25         0.57       0.0560        -0.022         0.00240
gp_scenario_26         0.41       0.1100         0.110         0.15000
gp_scenario_27         0.53       0.1300         0.190         0.17000
gp_scenario_28         0.41      -0.1300        -0.120        -0.09800
gp_scenario_29         0.56       0.2900         0.280         0.22000
gp_scenario_30         0.67       0.4300         0.410         0.44000
gp_scenario_31         0.55       0.1900         0.270         0.25000
gp_scenario_32         0.51       0.0450         0.200         0.18000
gp_scenario_33         0.52       0.0840        -0.032        -0.03700
gp_scenario_34         0.38      -0.0730        -0.065        -0.01200
gp_scenario_35         0.61       0.1400         0.110         0.09200
gp_scenario_36         0.67       0.0730         0.019        -0.05200
gp_scenario_37         0.41       0.0560         0.041        -0.01400
gp_scenario_38         0.46       0.1800         0.240         0.26000
gp_scenario_39         0.39       0.1300         0.200         0.30000
gp_scenario_40         0.52       0.1600         0.180         0.16000
gp_scenario_41         0.41       0.0650         0.130         0.18000
gp_scenario_42         0.65       0.1600         0.230         0.18000
gp_scenario_43         0.30       0.0270         0.092         0.02900
gp_scenario_44         0.59       0.3200         0.300         0.36000
gp_scenario_45         0.70       0.3400         0.190         0.18000
gp_scenario_46         0.53       0.2000         0.180         0.20000
gp_scenario_47         0.57       0.3200         0.270         0.25000
gp_scenario_48         0.37      -0.1000        -0.160        -0.06200
gp_scenario_49         0.43       0.2300         0.240         0.22000
gp_scenario_50         0.53       0.1500         0.090         0.00630
gp_scenario_51         0.62       0.0910         0.180         0.18000
gp_scenario_52         0.51       0.1300         0.160         0.17000
gp_scenario_53         0.42       0.0120        -0.038         0.01900
gp_scenario_54         0.26       0.2400         0.200         0.20000
gp_scenario_55         0.42       0.0044        -0.110        -0.06700
gp_scenario_56         0.62       0.0730         0.150         0.17000
gp_scenario_57         0.54       0.2500         0.180         0.18000
gp_scenario_58         0.50       0.2100         0.250         0.23000
gp_scenario_59         0.39       0.1700         0.250         0.24000
gp_scenario_60         0.36      -0.0190         0.027         0.02300
gp_scenario_61         0.55       0.0170         0.010         0.05900
gp_scenario_62         0.24      -0.0330        -0.120        -0.05700
gp_scenario_63         0.57       0.2000         0.250         0.21000
gp_scenario_64         0.69       0.2200         0.330         0.34000
gp_scenario_65         0.51       0.1600         0.140         0.11000
gp_scenario_66         0.68       0.1800         0.180         0.17000
gp_scenario_67         0.56       0.1100         0.031         0.04900
gp_scenario_68         0.36      -0.1200        -0.082        -0.07000
gp_scenario_69         0.41       0.1500         0.140         0.15000
gp_scenario_70         0.48       0.1800         0.260         0.21000
gp_scenario_71         0.47       0.0390         0.046         0.10000
gp_scenario_72         0.54       0.2900         0.230         0.19000
gp_scenario_73         0.55       0.0012         0.100         0.15000
gp_scenario_74         0.62       0.4000         0.320         0.30000
gp_scenario_75         0.37      -0.0270         0.037        -0.00330
gp_scenario_76         0.67       0.3400         0.300         0.24000
gp_scenario_77         0.66       0.2200         0.210         0.20000
gp_scenario_78         0.44       0.0028         0.045         0.03600
gp_scenario_79         0.54       0.0130         0.170         0.15000
gp_scenario_80         0.55       0.0061        -0.022        -0.00570
gp_scenario_81         0.38       0.2200         0.190         0.26000
gp_scenario_82         0.43       0.0510        -0.038        -0.10000
gp_scenario_83         0.56       0.2200         0.280         0.26000
gp_scenario_84         0.64      -0.0064        -0.043        -0.07900
gp_scenario_85         0.50       0.0810         0.076         0.05800
gp_scenario_86         0.57      -0.0860        -0.067         0.01500
gp_scenario_87         0.55       0.1400         0.150         0.19000
gp_scenario_88         0.23       0.0100        -0.070        -0.05400
gp_scenario_89         0.59       0.0490         0.093         0.07700
gp_scenario_90         0.52       0.0710         0.078         0.03700
gp_scenario_91         0.40       0.1400         0.170         0.22000
gp_scenario_92         0.67       0.2800         0.370         0.35000
gp_scenario_93         0.40      -0.0410         0.067         0.10000
gp_scenario_94         0.53       0.1100         0.110         0.06200
gp_scenario_95         0.47       0.2400         0.087         0.12000
gp_scenario_96         0.59      -0.0038        -0.063        -0.08800
gp_scenario_97         0.33       0.1000         0.015         0.02900
gp_scenario_98         0.45      -0.0600         0.086         0.13000
gp_scenario_99         0.47       0.0130         0.190         0.21000
gp_scenario_100        0.41       0.3500         0.310         0.29000
pa_median              0.51       0.1100         0.140         0.15000
pa_iqr                 0.14       0.1800         0.160         0.18000
                RKHS_blups_pca LASSO_blups_pca
gp_scenario_1         -3.4e-03              NA
gp_scenario_2         -7.6e-02              NA
gp_scenario_3         -9.0e-02          0.2400
gp_scenario_4         -2.1e-01         -0.0390
gp_scenario_5         -1.2e-01         -0.0350
gp_scenario_6         -1.8e-01              NA
gp_scenario_7         -1.4e-01              NA
gp_scenario_8         -2.5e-01          0.0530
gp_scenario_9         -8.5e-03              NA
gp_scenario_10        -4.0e-03         -0.0190
gp_scenario_11        -3.5e-01         -0.1400
gp_scenario_12        -1.7e-01              NA
gp_scenario_13        -1.4e-01         -0.0300
gp_scenario_14        -2.5e-01              NA
gp_scenario_15        -1.5e-01         -0.1200
gp_scenario_16        -3.1e-01         -0.1200
gp_scenario_17         9.4e-03              NA
gp_scenario_18         6.6e-02              NA
gp_scenario_19        -1.3e-01          0.0600
gp_scenario_20         1.0e-02         -0.0840
gp_scenario_21        -3.9e-01          0.0910
gp_scenario_22        -3.7e-02          0.1700
gp_scenario_23        -1.2e-01         -0.1200
gp_scenario_24        -2.2e-01              NA
gp_scenario_25        -1.6e-01          0.1400
gp_scenario_26        -1.5e-01          0.0940
gp_scenario_27        -1.3e-02          0.0580
gp_scenario_28        -3.1e-01          0.1500
gp_scenario_29        -3.8e-03          0.3200
gp_scenario_30         2.6e-01              NA
gp_scenario_31        -1.0e-02              NA
gp_scenario_32         4.8e-02         -0.0590
gp_scenario_33        -2.5e-01              NA
gp_scenario_34        -3.4e-01          0.0400
gp_scenario_35         3.1e-02              NA
gp_scenario_36        -1.6e-01          0.1200
gp_scenario_37        -9.7e-02          0.1200
gp_scenario_38        -1.0e-02              NA
gp_scenario_39        -1.3e-02          0.0270
gp_scenario_40         1.8e-02          0.0730
gp_scenario_41        -1.3e-01          0.1000
gp_scenario_42        -9.3e-02              NA
gp_scenario_43        -1.4e-02          0.0068
gp_scenario_44         5.9e-02              NA
gp_scenario_45         3.3e-02              NA
gp_scenario_46         1.3e-03              NA
gp_scenario_47         1.3e-01              NA
gp_scenario_48        -3.0e-01          0.0610
gp_scenario_49        -6.6e-02              NA
gp_scenario_50        -7.1e-02              NA
gp_scenario_51        -9.0e-02              NA
gp_scenario_52        -9.2e-02              NA
gp_scenario_53        -2.9e-01          0.0280
gp_scenario_54        -2.7e-02              NA
gp_scenario_55        -3.3e-01          0.1100
gp_scenario_56        -2.0e-01              NA
gp_scenario_57        -3.2e-02              NA
gp_scenario_58         8.6e-03              NA
gp_scenario_59         3.2e-02         -0.0400
gp_scenario_60        -3.3e-01          0.0510
gp_scenario_61        -2.2e-01         -0.0550
gp_scenario_62        -2.6e-01         -0.2200
gp_scenario_63        -1.7e-02         -0.0930
gp_scenario_64         1.9e-01              NA
gp_scenario_65        -1.5e-01              NA
gp_scenario_66        -1.3e-01         -0.0290
gp_scenario_67        -1.4e-01          0.0970
gp_scenario_68        -3.1e-01         -0.1600
gp_scenario_69        -7.7e-05          0.1400
gp_scenario_70        -2.7e-02          0.1100
gp_scenario_71        -2.0e-01          0.0400
gp_scenario_72         1.5e-02              NA
gp_scenario_73        -1.5e-01         -0.1200
gp_scenario_74        -1.3e-01          0.3900
gp_scenario_75        -2.0e-01          0.0900
gp_scenario_76         1.7e-01          0.3100
gp_scenario_77        -1.4e-01          0.0500
gp_scenario_78        -3.0e-01         -0.1500
gp_scenario_79        -9.8e-02              NA
gp_scenario_80        -1.9e-01          0.0670
gp_scenario_81         3.6e-02              NA
gp_scenario_82        -1.9e-01          0.0170
gp_scenario_83        -1.2e-01          0.2400
gp_scenario_84        -2.6e-01         -0.0490
gp_scenario_85         2.7e-02              NA
gp_scenario_86        -3.0e-01         -0.1700
gp_scenario_87        -1.2e-01          0.1400
gp_scenario_88        -1.7e-01          0.0470
gp_scenario_89        -1.3e-01              NA
gp_scenario_90        -8.9e-02              NA
gp_scenario_91        -2.5e-01              NA
gp_scenario_92         1.2e-01         -0.0098
gp_scenario_93        -7.1e-02              NA
gp_scenario_94        -1.1e-01              NA
gp_scenario_95        -5.4e-02          0.1200
gp_scenario_96        -1.3e-01          0.1700
gp_scenario_97        -1.1e-01              NA
gp_scenario_98        -2.3e-01              NA
gp_scenario_99        -3.0e-01         -0.2400
gp_scenario_100        1.5e-01          0.2700
pa_median             -1.2e-01          0.0500
pa_iqr                 1.9e-01          0.1600
                GBLUP_wiser GBLUP_ls_means GBLUP_blups GBLUP_blups_pca
gp_scenario_1          0.63           0.82       0.820         0.00038
gp_scenario_2          0.67           0.82       0.820         0.00055
gp_scenario_3          0.64           0.84       0.840         0.00053
gp_scenario_4          0.69           0.83       0.830         0.00058
gp_scenario_5          0.66           0.83       0.830         0.00042
gp_scenario_6          0.63           0.81       0.810         0.00068
gp_scenario_7          0.66           0.87       0.870         0.00047
gp_scenario_8          0.65           0.86       0.870         0.00068
gp_scenario_9          0.70           0.80       0.800         0.00042
gp_scenario_10         0.65           0.84       0.840         0.00042
gp_scenario_11         0.62           0.89       0.880         0.00076
gp_scenario_12         0.66           0.83       0.840         0.00056
gp_scenario_13         0.70           0.81       0.810         0.00052
gp_scenario_14         0.68           0.83       0.830         0.00075
gp_scenario_15         0.63           0.81       0.810         0.00048
gp_scenario_16         0.79           0.80       0.810         0.00082
gp_scenario_17         0.62           0.78       0.790         0.00039
gp_scenario_18         0.65           0.78       0.780         0.00030
gp_scenario_19         0.64           0.89       0.890         0.00075
gp_scenario_20         0.63           0.86       0.860         0.00047
gp_scenario_21         0.69           0.83       0.830         0.00110
gp_scenario_22         0.69           0.88       0.880         0.00047
gp_scenario_23         0.64           0.85       0.850         0.00049
gp_scenario_24         0.64           0.85       0.850         0.00055
gp_scenario_25         0.67           0.82       0.820         0.00072
gp_scenario_26         0.66           0.79       0.790         0.00051
gp_scenario_27         0.70           0.86       0.850         0.00067
gp_scenario_28         0.65           0.86       0.860         0.00180
gp_scenario_29         0.71           0.87       0.880         0.00036
gp_scenario_30         0.59           0.76       0.760         0.00028
gp_scenario_31         0.60           0.76       0.760         0.00029
gp_scenario_32         0.74           0.89       0.890         0.00032
gp_scenario_33         0.61           0.87       0.880         0.00091
gp_scenario_34         0.64           0.82       0.820         0.00370
gp_scenario_35         0.72           0.83       0.830         0.00046
gp_scenario_36         0.71           0.87       0.870         0.00110
gp_scenario_37         0.64           0.90       0.900         0.00100
gp_scenario_38         0.66           0.80       0.800         0.00030
gp_scenario_39         0.66           0.77       0.770         0.00035
gp_scenario_40         0.64           0.82       0.830         0.00036
gp_scenario_41         0.60           0.84       0.840         0.00092
gp_scenario_42         0.72           0.85       0.850         0.00057
gp_scenario_43         0.63           0.82       0.820         0.00040
gp_scenario_44         0.64           0.75       0.750         0.00032
gp_scenario_45         0.70           0.91       0.900         0.00039
gp_scenario_46         0.63           0.86       0.860         0.00041
gp_scenario_47         0.66           0.77       0.770         0.00034
gp_scenario_48         0.67           0.88       0.880         0.00120
gp_scenario_49         0.69           0.84       0.840         0.00044
gp_scenario_50         0.59           0.79       0.790         0.00044
gp_scenario_51         0.71           0.81       0.810         0.00043
gp_scenario_52         0.61           0.88       0.880         0.00045
gp_scenario_53         0.66           0.81       0.810         0.00065
gp_scenario_54         0.66           0.85       0.850         0.00032
gp_scenario_55         0.65           0.85       0.850         0.00180
gp_scenario_56         0.66           0.75       0.750         0.00062
gp_scenario_57         0.61           0.79       0.790         0.00032
gp_scenario_58         0.63           0.80       0.800         0.00039
gp_scenario_59         0.66           0.87       0.870         0.00041
gp_scenario_60         0.71           0.87       0.870         0.00570
gp_scenario_61         0.66           0.84       0.840         0.00099
gp_scenario_62         0.59           0.84       0.840         0.00054
gp_scenario_63         0.65           0.78       0.780         0.00042
gp_scenario_64         0.60           0.82       0.820         0.00036
gp_scenario_65         0.79           0.85       0.850         0.00052
gp_scenario_66         0.69           0.82       0.820         0.00050
gp_scenario_67         0.64           0.84       0.840         0.00061
gp_scenario_68         0.76           0.96       0.960         0.00740
gp_scenario_69         0.62           0.79       0.800         0.00031
gp_scenario_70         0.63           0.80       0.800         0.00034
gp_scenario_71         0.63           0.84       0.850         0.00053
gp_scenario_72         0.65           0.84       0.850         0.00035
gp_scenario_73         0.68           0.79       0.790         0.00047
gp_scenario_74         0.69           0.85       0.850         0.00063
gp_scenario_75         0.64           0.76       0.760         0.00051
gp_scenario_76         0.69           0.79       0.790         0.00027
gp_scenario_77         0.66           0.80       0.800         0.00044
gp_scenario_78         0.65           0.92       0.920         0.00110
gp_scenario_79         0.66           0.84       0.840         0.00049
gp_scenario_80         0.62           0.84       0.840         0.00084
gp_scenario_81         0.59           0.79       0.790         0.00031
gp_scenario_82         0.73           0.92       0.920         0.00100
gp_scenario_83         0.63           0.80       0.800         0.00035
gp_scenario_84         0.65           0.80       0.800         0.00080
gp_scenario_85         0.68           0.90       0.900         0.00042
gp_scenario_86         0.64           0.84       0.850         0.00098
gp_scenario_87         0.69           0.89       0.890         0.00063
gp_scenario_88         0.62           0.83       0.830         0.00051
gp_scenario_89         0.68           0.81       0.810         0.00045
gp_scenario_90         0.63           0.82       0.820         0.00042
gp_scenario_91         0.64           0.83       0.830         0.00062
gp_scenario_92         0.71           0.79       0.790         0.00028
gp_scenario_93         0.63           0.81       0.810         0.00048
gp_scenario_94         0.65           0.82       0.820         0.00042
gp_scenario_95         0.70           0.89       0.890         0.00098
gp_scenario_96         0.72           0.92       0.920         0.00140
gp_scenario_97         0.64           0.85       0.850         0.00056
gp_scenario_98         0.69           0.81       0.810         0.00064
gp_scenario_99         0.72           0.84       0.840         0.00068
gp_scenario_100        0.59           0.75       0.750         0.00024
h2_median              0.65           0.83       0.830         0.00050
h2_iqr                 0.06           0.06       0.052         0.00028
