[1] "using maize_env"
Le chargement a nécessité le package : Matrix

Attachement du package : ‘tidyr’

Les objets suivants sont masqués depuis ‘package:Matrix’:

    expand, pack, unpack

Le chargement a nécessité le package : foreach
Le chargement a nécessité le package : iterators
Le chargement a nécessité le package : parallel
Le chargement a nécessité le package : rngtools
This build of rgl does not include OpenGL functions.  Use
 rglwidget() to display results, e.g. via options(rgl.printRglwidget = TRUE).
Le chargement a nécessité le package : Rcpp
Le chargement a nécessité le package : zigg
Le chargement a nécessité le package : RcppParallel

Attachement du package : ‘RcppParallel’

L'objet suivant est masqué depuis ‘package:Rcpp’:

    LdFlags


Rfast: 2.1.5.1
 ___ __ __ __ __    __ __ __ __ __ _             _               __ __ __ __ __     __ __ __ __ __ __   
|  __ __ __ __  |  |  __ __ __ __ _/            / \             |  __ __ __ __ /   /__ __ _   _ __ __\  
| |           | |  | |                         / _ \            | |                        / /          
| |           | |  | |                        / / \ \           | |                       / /          
| |           | |  | |                       / /   \ \          | |                      / /          
| |__ __ __ __| |  | |__ __ __ __           / /     \ \         | |__ __ __ __ _        / /__/\          
|    __ __ __ __|  |  __ __ __ __|         / /__ _ __\ \        |_ __ __ __ _   |      / ___  /           
|   \              | |                    / _ _ _ _ _ _ \                     | |      \/  / /       
| |\ \             | |                   / /           \ \                    | |         / /          
| | \ \            | |                  / /             \ \                   | |        / /          
| |  \ \           | |                 / /               \ \                  | |       / /          
| |   \ \__ __ _   | |                / /                 \ \     _ __ __ __ _| |      / /          
|_|    \__ __ __\  |_|               /_/                   \_\   /_ __ __ __ ___|      \/             team

Attachement du package : ‘Rfast’

Les objets suivants sont masqués depuis ‘package:robustbase’:

    colMedians, rowMedians

L'objet suivant est masqué depuis ‘package:data.table’:

    transpose

Le chargement a nécessité le package : lattice

Attachement du package : ‘plotly’

L'objet suivant est masqué depuis ‘package:ggplot2’:

    last_plot

L'objet suivant est masqué depuis ‘package:MASS’:

    select

L'objet suivant est masqué depuis ‘package:stats’:

    filter

L'objet suivant est masqué depuis ‘package:graphics’:

    layout


Attachement du package : ‘dplyr’

L'objet suivant est masqué depuis ‘package:Rfast’:

    nth

Les objets suivants sont masqués depuis ‘package:data.table’:

    between, first, last

L'objet suivant est masqué depuis ‘package:MASS’:

    select

Les objets suivants sont masqués depuis ‘package:stats’:

    filter, lag

Les objets suivants sont masqués depuis ‘package:base’:

    intersect, setdiff, setequal, union


Attachement du package : ‘kernlab’

L'objet suivant est masqué depuis ‘package:ggplot2’:

    alpha

Le chargement a nécessité le package : corpcor

Attachement du package : ‘corpcor’

L'objet suivant est masqué depuis ‘package:matrixcalc’:

    is.positive.definite

Loaded glmnet 4.1-8

Loaded mixOmics 6.31.5
Thank you for using mixOmics!
Tutorials: http://mixomics.org
Bookdown vignette: https://mixomicsteam.github.io/Bookdown
Questions, issues: Follow the prompts at http://mixomics.org/contact-us
Cite us:  citation('mixOmics')

[1] "kernel: linear"
[1] "trait: silking"
                RF_wiser SVR_wiser GBLUP_wiser RKHS_wiser LASSO_wiser
gp_scenario_1       0.78     0.770        0.69      0.780       0.760
gp_scenario_2       0.79     0.800        0.78      0.790       0.780
gp_scenario_3       0.72     0.750        0.71      0.770       0.770
gp_scenario_4       0.69     0.660        0.64      0.660       0.630
gp_scenario_5       0.71     0.720        0.65      0.740       0.680
gp_scenario_6       0.80     0.750        0.73      0.770       0.770
gp_scenario_7       0.78     0.760        0.73      0.750       0.700
gp_scenario_8       0.69     0.750        0.73      0.760       0.670
gp_scenario_9       0.62     0.630        0.58      0.630       0.600
gp_scenario_10      0.70     0.700        0.65      0.730       0.690
gp_scenario_11      0.72     0.750        0.72      0.770       0.710
gp_scenario_12      0.86     0.850        0.80      0.850       0.780
gp_scenario_13      0.69     0.680        0.67      0.680       0.670
gp_scenario_14      0.53     0.580        0.54      0.590       0.530
gp_scenario_15      0.70     0.740        0.70      0.740       0.710
gp_scenario_16      0.48     0.460        0.43      0.460       0.460
gp_scenario_17      0.70     0.710        0.69      0.720       0.630
gp_scenario_18      0.78     0.750        0.72      0.760       0.770
gp_scenario_19      0.82     0.820        0.77      0.820       0.810
gp_scenario_20      0.77     0.800        0.77      0.810       0.750
gp_scenario_21      0.79     0.810        0.76      0.810       0.790
gp_scenario_22      0.67     0.660        0.63      0.670       0.610
gp_scenario_23      0.62     0.640        0.56      0.660       0.600
gp_scenario_24      0.70     0.710        0.67      0.720       0.620
gp_scenario_25      0.75     0.740        0.68      0.740       0.690
gp_scenario_26      0.70     0.700        0.66      0.710       0.720
gp_scenario_27      0.76     0.750        0.70      0.740       0.740
gp_scenario_28      0.77     0.740        0.71      0.770       0.740
gp_scenario_29      0.78     0.760        0.71      0.760       0.660
gp_scenario_30      0.75     0.790        0.75      0.790       0.730
gp_scenario_31      0.72     0.780        0.74      0.790       0.700
gp_scenario_32      0.74     0.730        0.70      0.720       0.690
gp_scenario_33      0.76     0.750        0.74      0.770       0.760
gp_scenario_34      0.67     0.710        0.68      0.710       0.620
gp_scenario_35      0.76     0.690        0.56      0.700       0.720
gp_scenario_36      0.60     0.620        0.56      0.620       0.550
gp_scenario_37      0.77     0.750        0.73      0.760       0.710
gp_scenario_38      0.83     0.880        0.79      0.860       0.860
gp_scenario_39      0.64     0.650        0.58      0.660       0.670
gp_scenario_40      0.72     0.750        0.70      0.750       0.710
gp_scenario_41      0.74     0.780        0.74      0.790       0.690
gp_scenario_42      0.71     0.700        0.69      0.710       0.670
gp_scenario_43      0.67     0.710        0.66      0.720       0.700
gp_scenario_44      0.67     0.690        0.64      0.680       0.660
gp_scenario_45      0.73     0.730        0.69      0.740       0.730
gp_scenario_46      0.75     0.770        0.70      0.760       0.730
gp_scenario_47      0.64     0.670        0.64      0.660       0.670
gp_scenario_48      0.72     0.750        0.73      0.760       0.770
gp_scenario_49      0.76     0.770        0.74      0.770       0.720
gp_scenario_50      0.71     0.730        0.72      0.740       0.700
gp_scenario_51      0.65     0.660        0.64      0.660       0.660
gp_scenario_52      0.77     0.830        0.81      0.850       0.770
gp_scenario_53      0.70     0.700        0.65      0.710       0.650
gp_scenario_54      0.73     0.720        0.67      0.740       0.690
gp_scenario_55      0.73     0.770        0.72      0.760       0.710
gp_scenario_56      0.77     0.770        0.73      0.770       0.740
gp_scenario_57      0.66     0.750        0.71      0.780       0.720
gp_scenario_58      0.78     0.750        0.75      0.770       0.750
gp_scenario_59      0.59     0.600        0.54      0.590       0.560
gp_scenario_60      0.71     0.720        0.70      0.720       0.680
gp_scenario_61      0.73     0.750        0.74      0.770       0.720
gp_scenario_62      0.79     0.800        0.77      0.800       0.790
gp_scenario_63      0.68     0.680        0.62      0.710       0.610
gp_scenario_64      0.69     0.720        0.67      0.720       0.660
gp_scenario_65      0.67     0.690        0.63      0.680       0.630
gp_scenario_66      0.51     0.550        0.48      0.580       0.540
gp_scenario_67      0.80     0.800        0.74      0.810       0.780
gp_scenario_68      0.69     0.700        0.67      0.700       0.590
gp_scenario_69      0.69     0.740        0.73      0.760       0.720
gp_scenario_70      0.69     0.700        0.70      0.710       0.670
gp_scenario_71      0.73     0.740        0.73      0.750       0.740
gp_scenario_72      0.70     0.700        0.62      0.700       0.670
gp_scenario_73      0.61     0.630        0.61      0.630       0.600
gp_scenario_74      0.76     0.750        0.71      0.750       0.720
gp_scenario_75      0.75     0.780        0.76      0.790       0.750
gp_scenario_76      0.55     0.580        0.59      0.610       0.520
gp_scenario_77      0.75     0.720        0.72      0.740       0.710
gp_scenario_78      0.76     0.770        0.73      0.770       0.740
gp_scenario_79      0.79     0.780        0.73      0.780       0.730
gp_scenario_80      0.72     0.770        0.73      0.780       0.750
gp_scenario_81      0.83     0.810        0.75      0.830       0.770
gp_scenario_82      0.72     0.730        0.76      0.740       0.680
gp_scenario_83      0.73     0.730        0.65      0.760       0.720
gp_scenario_84      0.64     0.630        0.59      0.640       0.630
gp_scenario_85      0.70     0.740        0.73      0.750       0.710
gp_scenario_86      0.75     0.720        0.67      0.730       0.740
gp_scenario_87      0.75     0.780        0.75      0.790       0.760
gp_scenario_88      0.63     0.670        0.62      0.680       0.670
gp_scenario_89      0.73     0.720        0.67      0.730       0.720
gp_scenario_90      0.69     0.720        0.73      0.740       0.680
gp_scenario_91      0.76     0.750        0.72      0.770       0.720
gp_scenario_92      0.74     0.720        0.70      0.720       0.750
gp_scenario_93      0.77     0.780        0.65      0.790       0.780
gp_scenario_94      0.65     0.690        0.63      0.700       0.640
gp_scenario_95      0.75     0.720        0.70      0.730       0.670
gp_scenario_96      0.68     0.680        0.65      0.680       0.690
gp_scenario_97      0.76     0.760        0.71      0.770       0.780
gp_scenario_98      0.78     0.780        0.72      0.790       0.760
gp_scenario_99      0.66     0.690        0.65      0.690       0.640
gp_scenario_100     0.76     0.760        0.68      0.760       0.730
pa_median           0.72     0.740        0.70      0.740       0.710
pa_iqr              0.07     0.063        0.08      0.062       0.072
                RF_ls_means SVR_ls_means GBLUP_ls_means RKHS_ls_means
gp_scenario_1         0.560        0.600          0.600          0.60
gp_scenario_2         0.690        0.690          0.690          0.71
gp_scenario_3         0.680        0.710          0.660          0.68
gp_scenario_4         0.590        0.620          0.640          0.63
gp_scenario_5         0.600        0.640          0.650          0.66
gp_scenario_6         0.660        0.680          0.720          0.72
gp_scenario_7         0.700        0.740          0.740          0.75
gp_scenario_8         0.610        0.680          0.680          0.69
gp_scenario_9         0.620        0.700          0.700          0.71
gp_scenario_10        0.610        0.590          0.580          0.59
gp_scenario_11        0.550        0.630          0.630          0.63
gp_scenario_12        0.610        0.660          0.650          0.66
gp_scenario_13        0.670        0.650          0.640          0.64
gp_scenario_14        0.450        0.540          0.580          0.57
gp_scenario_15        0.720        0.740          0.730          0.74
gp_scenario_16        0.630        0.670          0.630          0.64
gp_scenario_17        0.610        0.680          0.670          0.69
gp_scenario_18        0.780        0.810          0.790          0.81
gp_scenario_19        0.650        0.670          0.680          0.68
gp_scenario_20        0.420        0.480          0.500          0.50
gp_scenario_21        0.650        0.720          0.740          0.74
gp_scenario_22        0.530        0.570          0.580          0.59
gp_scenario_23        0.670        0.710          0.720          0.72
gp_scenario_24        0.770        0.790          0.800          0.80
gp_scenario_25        0.610        0.670          0.700          0.69
gp_scenario_26        0.720        0.720          0.720          0.73
gp_scenario_27        0.710        0.710          0.700          0.70
gp_scenario_28        0.660        0.680          0.650          0.67
gp_scenario_29        0.590        0.650          0.660          0.66
gp_scenario_30        0.510        0.540          0.550          0.56
gp_scenario_31        0.620        0.660          0.680          0.69
gp_scenario_32        0.740        0.740          0.740          0.75
gp_scenario_33        0.560        0.580          0.620          0.61
gp_scenario_34        0.710        0.730          0.740          0.75
gp_scenario_35        0.490        0.570          0.600          0.60
gp_scenario_36        0.690        0.710          0.700          0.71
gp_scenario_37        0.570        0.590          0.570          0.58
gp_scenario_38        0.640        0.660          0.660          0.66
gp_scenario_39        0.650        0.670          0.680          0.69
gp_scenario_40        0.640        0.690          0.690          0.70
gp_scenario_41        0.640        0.690          0.690          0.70
gp_scenario_42        0.670        0.700          0.700          0.71
gp_scenario_43        0.640        0.680          0.680          0.68
gp_scenario_44        0.580        0.670          0.670          0.69
gp_scenario_45        0.620        0.630          0.650          0.65
gp_scenario_46        0.630        0.610          0.620          0.62
gp_scenario_47        0.720        0.710          0.680          0.69
gp_scenario_48        0.610        0.650          0.660          0.66
gp_scenario_49        0.510        0.580          0.600          0.59
gp_scenario_50        0.700        0.770          0.780          0.79
gp_scenario_51        0.640        0.670          0.680          0.68
gp_scenario_52        0.550        0.540          0.570          0.56
gp_scenario_53        0.680        0.710          0.720          0.72
gp_scenario_54        0.670        0.700          0.690          0.70
gp_scenario_55        0.640        0.680          0.690          0.69
gp_scenario_56        0.680        0.700          0.690          0.70
gp_scenario_57        0.570        0.550          0.570          0.57
gp_scenario_58        0.570        0.670          0.690          0.70
gp_scenario_59        0.660        0.710          0.710          0.72
gp_scenario_60        0.670        0.700          0.690          0.70
gp_scenario_61        0.680        0.720          0.710          0.71
gp_scenario_62        0.650        0.670          0.660          0.67
gp_scenario_63        0.550        0.610          0.600          0.60
gp_scenario_64        0.630        0.650          0.660          0.66
gp_scenario_65        0.680        0.690          0.690          0.69
gp_scenario_66        0.520        0.590          0.580          0.59
gp_scenario_67        0.710        0.720          0.710          0.72
gp_scenario_68        0.590        0.640          0.620          0.63
gp_scenario_69        0.700        0.710          0.710          0.71
gp_scenario_70        0.590        0.640          0.660          0.66
gp_scenario_71        0.610        0.680          0.670          0.69
gp_scenario_72        0.590        0.610          0.620          0.62
gp_scenario_73        0.680        0.670          0.650          0.66
gp_scenario_74        0.630        0.630          0.640          0.65
gp_scenario_75        0.740        0.770          0.750          0.76
gp_scenario_76        0.630        0.650          0.650          0.66
gp_scenario_77        0.640        0.690          0.700          0.70
gp_scenario_78        0.640        0.650          0.640          0.65
gp_scenario_79        0.700        0.750          0.740          0.74
gp_scenario_80        0.600        0.600          0.620          0.62
gp_scenario_81        0.640        0.660          0.620          0.64
gp_scenario_82        0.630        0.680          0.700          0.70
gp_scenario_83        0.650        0.670          0.690          0.69
gp_scenario_84        0.540        0.610          0.630          0.63
gp_scenario_85        0.730        0.740          0.720          0.73
gp_scenario_86        0.620        0.640          0.650          0.65
gp_scenario_87        0.560        0.570          0.560          0.57
gp_scenario_88        0.630        0.670          0.670          0.67
gp_scenario_89        0.660        0.730          0.750          0.75
gp_scenario_90        0.710        0.760          0.760          0.77
gp_scenario_91        0.650        0.670          0.680          0.68
gp_scenario_92        0.680        0.740          0.740          0.75
gp_scenario_93        0.570        0.580          0.570          0.58
gp_scenario_94        0.670        0.670          0.640          0.66
gp_scenario_95        0.510        0.560          0.600          0.60
gp_scenario_96        0.730        0.750          0.760          0.76
gp_scenario_97        0.670        0.670          0.660          0.67
gp_scenario_98        0.610        0.660          0.650          0.66
gp_scenario_99        0.640        0.650          0.640          0.64
gp_scenario_100       0.600        0.650          0.640          0.66
pa_median             0.640        0.670          0.670          0.68
pa_iqr                0.083        0.073          0.062          0.07
                LASSO_ls_means RF_blups SVR_blups GBLUP_blups RKHS_blups
gp_scenario_1            0.490     0.55      0.59        0.59      0.590
gp_scenario_2            0.690     0.68      0.69        0.70      0.710
gp_scenario_3            0.630     0.69      0.71        0.66      0.680
gp_scenario_4            0.540     0.57      0.61        0.63      0.630
gp_scenario_5            0.670     0.62      0.64        0.65      0.660
gp_scenario_6            0.560     0.65      0.68        0.72      0.720
gp_scenario_7            0.720     0.69      0.74        0.74      0.750
gp_scenario_8            0.570     0.62      0.67        0.68      0.690
gp_scenario_9            0.630     0.62      0.70        0.70      0.710
gp_scenario_10           0.580     0.60      0.59        0.58      0.590
gp_scenario_11           0.650     0.55      0.63        0.63      0.630
gp_scenario_12           0.600     0.61      0.66        0.65      0.660
gp_scenario_13           0.650     0.67      0.65        0.63      0.640
gp_scenario_14           0.640     0.46      0.54        0.58      0.570
gp_scenario_15           0.720     0.72      0.73        0.72      0.740
gp_scenario_16           0.620     0.62      0.67        0.63      0.640
gp_scenario_17           0.650     0.60      0.69        0.66      0.690
gp_scenario_18           0.750     0.77      0.81        0.79      0.810
gp_scenario_19           0.650     0.65      0.67        0.68      0.680
gp_scenario_20           0.400     0.41      0.47        0.50      0.500
gp_scenario_21           0.640     0.64      0.71        0.74      0.740
gp_scenario_22           0.540     0.53      0.58        0.59      0.590
gp_scenario_23           0.680     0.66      0.71        0.72      0.720
gp_scenario_24           0.770     0.76      0.79        0.80      0.800
gp_scenario_25           0.640     0.61      0.66        0.70      0.690
gp_scenario_26           0.660     0.73      0.71        0.72      0.730
gp_scenario_27           0.760     0.71      0.70        0.70      0.700
gp_scenario_28           0.660     0.66      0.68        0.65      0.670
gp_scenario_29           0.650     0.59      0.64        0.65      0.660
gp_scenario_30           0.630     0.50      0.54        0.55      0.560
gp_scenario_31           0.660     0.61      0.65        0.68      0.690
gp_scenario_32           0.750     0.74      0.74        0.74      0.750
gp_scenario_33           0.620     0.56      0.58        0.62      0.610
gp_scenario_34           0.720     0.71      0.73        0.74      0.750
gp_scenario_35           0.470     0.51      0.57        0.60      0.590
gp_scenario_36           0.700     0.70      0.71        0.70      0.710
gp_scenario_37           0.580     0.57      0.59        0.57      0.580
gp_scenario_38           0.680     0.66      0.67        0.66      0.670
gp_scenario_39           0.600     0.63      0.66        0.68      0.680
gp_scenario_40           0.670     0.63      0.69        0.69      0.700
gp_scenario_41           0.670     0.65      0.69        0.69      0.700
gp_scenario_42           0.670     0.67      0.70        0.70      0.710
gp_scenario_43           0.610     0.66      0.68        0.68      0.680
gp_scenario_44           0.660     0.60      0.67        0.67      0.690
gp_scenario_45           0.580     0.61      0.63        0.65      0.650
gp_scenario_46           0.570     0.64      0.61        0.62      0.620
gp_scenario_47           0.690     0.71      0.70        0.68      0.690
gp_scenario_48           0.640     0.60      0.65        0.65      0.660
gp_scenario_49           0.610     0.53      0.58        0.61      0.600
gp_scenario_50           0.700     0.71      0.77        0.78      0.790
gp_scenario_51           0.540     0.63      0.67        0.68      0.680
gp_scenario_52           0.650     0.55      0.54        0.57      0.570
gp_scenario_53           0.680     0.68      0.71        0.72      0.720
gp_scenario_54           0.650     0.64      0.69        0.69      0.700
gp_scenario_55           0.610     0.62      0.68        0.69      0.690
gp_scenario_56           0.640     0.69      0.70        0.69      0.700
gp_scenario_57           0.520     0.56      0.55        0.58      0.570
gp_scenario_58           0.560     0.57      0.67        0.69      0.700
gp_scenario_59           0.600     0.66      0.71        0.71      0.720
gp_scenario_60           0.700     0.68      0.70        0.70      0.710
gp_scenario_61           0.700     0.67      0.72        0.71      0.710
gp_scenario_62           0.590     0.63      0.67        0.66      0.670
gp_scenario_63           0.650     0.55      0.61        0.60      0.600
gp_scenario_64           0.660     0.62      0.64        0.66      0.660
gp_scenario_65           0.630     0.67      0.69        0.69      0.690
gp_scenario_66           0.420     0.50      0.59        0.58      0.590
gp_scenario_67           0.750     0.70      0.71        0.71      0.720
gp_scenario_68           0.590     0.58      0.64        0.62      0.630
gp_scenario_69           0.600     0.70      0.71        0.71      0.710
gp_scenario_70           0.690     0.61      0.63        0.66      0.660
gp_scenario_71           0.620     0.60      0.68        0.68      0.690
gp_scenario_72           0.670     0.58      0.61        0.62      0.620
gp_scenario_73           0.620     0.68      0.67        0.65      0.660
gp_scenario_74           0.650     0.63      0.63        0.64      0.650
gp_scenario_75           0.730     0.74      0.77        0.75      0.760
gp_scenario_76           0.610     0.62      0.64        0.65      0.660
gp_scenario_77           0.630     0.65      0.68        0.69      0.700
gp_scenario_78           0.610     0.63      0.65        0.64      0.650
gp_scenario_79           0.670     0.68      0.74        0.73      0.740
gp_scenario_80           0.570     0.57      0.60        0.62      0.620
gp_scenario_81           0.600     0.63      0.64        0.62      0.630
gp_scenario_82           0.670     0.64      0.68        0.70      0.700
gp_scenario_83           0.740     0.67      0.66        0.69      0.690
gp_scenario_84           0.620     0.54      0.61        0.63      0.630
gp_scenario_85           0.720     0.72      0.73        0.72      0.730
gp_scenario_86           0.640     0.62      0.64        0.65      0.650
gp_scenario_87           0.520     0.56      0.57        0.56      0.570
gp_scenario_88           0.520     0.63      0.67        0.66      0.670
gp_scenario_89           0.660     0.65      0.73        0.75      0.750
gp_scenario_90           0.700     0.70      0.76        0.76      0.770
gp_scenario_91           0.650     0.64      0.67        0.68      0.680
gp_scenario_92           0.710     0.68      0.73        0.74      0.750
gp_scenario_93           0.600     0.55      0.58        0.57      0.580
gp_scenario_94           0.700     0.68      0.67        0.64      0.660
gp_scenario_95           0.560     0.53      0.56        0.60      0.600
gp_scenario_96           0.790     0.73      0.75        0.75      0.760
gp_scenario_97           0.640     0.68      0.67        0.66      0.660
gp_scenario_98           0.630     0.61      0.66        0.65      0.660
gp_scenario_99           0.620     0.66      0.65        0.64      0.640
gp_scenario_100          0.570     0.61      0.65        0.64      0.660
pa_median                0.640     0.63      0.67        0.66      0.680
pa_iqr                   0.073     0.08      0.07        0.07      0.073
                LASSO_blups RF_blups_pca SVR_blups_pca GBLUP_blups_pca
gp_scenario_1          0.54         0.26          0.38            0.40
gp_scenario_2          0.67         0.25          0.29            0.31
gp_scenario_3          0.61         0.27          0.38            0.32
gp_scenario_4          0.55         0.24          0.22            0.29
gp_scenario_5          0.67         0.32          0.34            0.37
gp_scenario_6          0.64         0.37          0.43            0.51
gp_scenario_7          0.74         0.43          0.46            0.45
gp_scenario_8          0.57         0.43          0.50            0.50
gp_scenario_9          0.64         0.43          0.47            0.45
gp_scenario_10         0.58         0.30          0.28            0.27
gp_scenario_11         0.64         0.31          0.40            0.42
gp_scenario_12         0.63         0.32          0.43            0.44
gp_scenario_13         0.67         0.22          0.16            0.20
gp_scenario_14         0.66         0.36          0.38            0.41
gp_scenario_15         0.71         0.37          0.37            0.35
gp_scenario_16         0.60         0.29          0.32            0.31
gp_scenario_17         0.65         0.46          0.54            0.49
gp_scenario_18         0.76         0.46          0.57            0.54
gp_scenario_19         0.66         0.23          0.27            0.35
gp_scenario_20         0.38         0.10          0.17            0.21
gp_scenario_21         0.60         0.45          0.52            0.58
gp_scenario_22         0.57         0.28          0.35            0.36
gp_scenario_23         0.67         0.28          0.41            0.46
gp_scenario_24         0.70         0.44          0.50            0.51
gp_scenario_25         0.64         0.44          0.49            0.54
gp_scenario_26         0.64         0.37          0.45            0.44
gp_scenario_27         0.76         0.39          0.27            0.30
gp_scenario_28         0.64         0.46          0.45            0.37
gp_scenario_29         0.61         0.50          0.44            0.46
gp_scenario_30         0.52         0.36          0.34            0.33
gp_scenario_31         0.64         0.35          0.43            0.48
gp_scenario_32         0.70         0.18          0.27            0.35
gp_scenario_33         0.61         0.21          0.25            0.36
gp_scenario_34         0.72         0.49          0.52            0.49
gp_scenario_35         0.40         0.39          0.43            0.47
gp_scenario_36         0.69         0.51          0.51            0.47
gp_scenario_37         0.57         0.30          0.27            0.29
gp_scenario_38         0.64         0.25          0.32            0.31
gp_scenario_39         0.61         0.48          0.46            0.47
gp_scenario_40         0.69         0.31          0.37            0.40
gp_scenario_41         0.63         0.34          0.37            0.41
gp_scenario_42         0.68         0.30          0.33            0.35
gp_scenario_43         0.61         0.42          0.42            0.42
gp_scenario_44         0.71         0.53          0.54            0.48
gp_scenario_45         0.59         0.30          0.33            0.41
gp_scenario_46         0.58         0.33          0.29            0.31
gp_scenario_47         0.69         0.44          0.38            0.36
gp_scenario_48         0.64         0.29          0.31            0.33
gp_scenario_49         0.60         0.42          0.50            0.51
gp_scenario_50         0.74         0.39          0.51            0.53
gp_scenario_51         0.54         0.27          0.40            0.44
gp_scenario_52         0.69         0.37          0.32            0.36
gp_scenario_53         0.69         0.31          0.35            0.35
gp_scenario_54         0.62         0.30          0.34            0.36
gp_scenario_55         0.61         0.39          0.44            0.48
gp_scenario_56         0.64         0.25          0.32            0.35
gp_scenario_57         0.52         0.20          0.25            0.32
gp_scenario_58         0.58         0.46          0.48            0.51
gp_scenario_59         0.61         0.43          0.46            0.49
gp_scenario_60         0.69         0.29          0.39            0.37
gp_scenario_61         0.70         0.54          0.46            0.42
gp_scenario_62         0.56         0.43          0.50            0.43
gp_scenario_63         0.64         0.25          0.41            0.39
gp_scenario_64         0.64         0.40          0.48            0.50
gp_scenario_65         0.63         0.19          0.12            0.14
gp_scenario_66         0.38         0.49          0.47            0.42
gp_scenario_67         0.75         0.42          0.38            0.41
gp_scenario_68         0.59         0.20          0.27            0.27
gp_scenario_69         0.60         0.29          0.29            0.33
gp_scenario_70         0.73         0.38          0.38            0.47
gp_scenario_71         0.61         0.43          0.51            0.46
gp_scenario_72         0.62         0.36          0.38            0.40
gp_scenario_73         0.64         0.33          0.30            0.33
gp_scenario_74         0.65         0.29          0.35            0.35
gp_scenario_75         0.73         0.45          0.43            0.42
gp_scenario_76         0.60         0.22          0.26            0.33
gp_scenario_77         0.65         0.54          0.54            0.53
gp_scenario_78         0.61         0.29          0.32            0.32
gp_scenario_79         0.66         0.48          0.50            0.50
gp_scenario_80         0.56         0.26          0.29            0.35
gp_scenario_81         0.60         0.37          0.36            0.36
gp_scenario_82         0.70         0.46          0.49            0.48
gp_scenario_83         0.75         0.34          0.36            0.40
gp_scenario_84         0.62         0.44          0.48            0.47
gp_scenario_85         0.72         0.29          0.25            0.27
gp_scenario_86         0.67         0.27          0.31            0.34
gp_scenario_87         0.52         0.21          0.24            0.23
gp_scenario_88         0.52         0.38          0.40            0.41
gp_scenario_89         0.65         0.53          0.61            0.60
gp_scenario_90         0.71         0.51          0.55            0.54
gp_scenario_91         0.71         0.22          0.23            0.28
gp_scenario_92         0.71         0.33          0.41            0.45
gp_scenario_93         0.59         0.45          0.40            0.38
gp_scenario_94         0.72         0.25          0.27            0.27
gp_scenario_95         0.56         0.35          0.31            0.36
gp_scenario_96         0.73         0.43          0.41            0.43
gp_scenario_97         0.70         0.41          0.40            0.36
gp_scenario_98         0.69         0.47          0.50            0.44
gp_scenario_99         0.61         0.22          0.24            0.28
gp_scenario_100        0.58         0.52          0.51            0.49
pa_median              0.64         0.36          0.38            0.40
pa_iqr                 0.09         0.15          0.15            0.13
                RKHS_blups_pca LASSO_blups_pca
gp_scenario_1             0.39          0.2000
gp_scenario_2             0.34          0.1100
gp_scenario_3             0.34          0.2900
gp_scenario_4             0.29          0.1700
gp_scenario_5             0.38          0.2800
gp_scenario_6             0.49          0.1900
gp_scenario_7             0.48          0.3900
gp_scenario_8             0.54          0.4200
gp_scenario_9             0.49          0.3000
gp_scenario_10            0.30          0.2600
gp_scenario_11            0.42          0.3600
gp_scenario_12            0.47          0.0690
gp_scenario_13            0.20          0.2900
gp_scenario_14            0.42          0.5000
gp_scenario_15            0.37          0.1900
gp_scenario_16            0.32          0.1300
gp_scenario_17            0.54         -0.0860
gp_scenario_18            0.56          0.4600
gp_scenario_19            0.34          0.2900
gp_scenario_20            0.22          0.0059
gp_scenario_21            0.57          0.3800
gp_scenario_22            0.38          0.2600
gp_scenario_23            0.46          0.2400
gp_scenario_24            0.49          0.3200
gp_scenario_25            0.53          0.4500
gp_scenario_26            0.46          0.3800
gp_scenario_27            0.31          0.4800
gp_scenario_28            0.41          0.3500
gp_scenario_29            0.47          0.4100
gp_scenario_30            0.38          0.2900
gp_scenario_31            0.50          0.3000
gp_scenario_32            0.34          0.1200
gp_scenario_33            0.34          0.3000
gp_scenario_34            0.52          0.3700
gp_scenario_35            0.48          0.2900
gp_scenario_36            0.51          0.3200
gp_scenario_37            0.30          0.1500
gp_scenario_38            0.33          0.2400
gp_scenario_39            0.50          0.3300
gp_scenario_40            0.41          0.2600
gp_scenario_41            0.42          0.4600
gp_scenario_42            0.35          0.1700
gp_scenario_43            0.42          0.2500
gp_scenario_44            0.55          0.4800
gp_scenario_45            0.38          0.3300
gp_scenario_46            0.31          0.3900
gp_scenario_47            0.38              NA
gp_scenario_48            0.38          0.3700
gp_scenario_49            0.50          0.2300
gp_scenario_50            0.55          0.4200
gp_scenario_51            0.41          0.1500
gp_scenario_52            0.37          0.3700
gp_scenario_53            0.35          0.2900
gp_scenario_54            0.38          0.3100
gp_scenario_55            0.48          0.3300
gp_scenario_56            0.34          0.1100
gp_scenario_57            0.31          0.2400
gp_scenario_58            0.53          0.3100
gp_scenario_59            0.49          0.2900
gp_scenario_60            0.39          0.2300
gp_scenario_61            0.45          0.3400
gp_scenario_62            0.48          0.1800
gp_scenario_63            0.40          0.3600
gp_scenario_64            0.52          0.4200
gp_scenario_65            0.14          0.3600
gp_scenario_66            0.46          0.3000
gp_scenario_67            0.42          0.4200
gp_scenario_68            0.31          0.1900
gp_scenario_69            0.34          0.3000
gp_scenario_70            0.46          0.4800
gp_scenario_71            0.51          0.2000
gp_scenario_72            0.40          0.3400
gp_scenario_73            0.34          0.3600
gp_scenario_74            0.37          0.2100
gp_scenario_75            0.43          0.4200
gp_scenario_76            0.33          0.1100
gp_scenario_77            0.57          0.2400
gp_scenario_78            0.32          0.3000
gp_scenario_79            0.51          0.4700
gp_scenario_80            0.35          0.3000
gp_scenario_81            0.37          0.3000
gp_scenario_82            0.49          0.3500
gp_scenario_83            0.41          0.4500
gp_scenario_84            0.49          0.3700
gp_scenario_85            0.29          0.3000
gp_scenario_86            0.34          0.4000
gp_scenario_87            0.26          0.1100
gp_scenario_88            0.40          0.1900
gp_scenario_89            0.64          0.4200
gp_scenario_90            0.56          0.1700
gp_scenario_91            0.27          0.3200
gp_scenario_92            0.46          0.3800
gp_scenario_93            0.43          0.3500
gp_scenario_94            0.28          0.2100
gp_scenario_95            0.35          0.1100
gp_scenario_96            0.47          0.3600
gp_scenario_97            0.38          0.4700
gp_scenario_98            0.48          0.2800
gp_scenario_99            0.27          0.3300
gp_scenario_100           0.54          0.4900
pa_median                 0.41          0.3000
pa_iqr                    0.15          0.1400
                GBLUP_wiser GBLUP_ls_means GBLUP_blups GBLUP_blups_pca
gp_scenario_1         0.690           0.92       0.920            0.83
gp_scenario_2         0.730           0.90       0.890            0.82
gp_scenario_3         0.710           0.96       0.960            0.91
gp_scenario_4         0.740           0.90       0.900            0.83
gp_scenario_5         0.700           0.93       0.920            0.87
gp_scenario_6         0.690           0.92       0.910            0.86
gp_scenario_7         0.730           0.92       0.920            0.84
gp_scenario_8         0.710           0.93       0.930            0.85
gp_scenario_9         0.760           0.88       0.880            0.79
gp_scenario_10        0.680           0.93       0.930            0.87
gp_scenario_11        0.660           0.98       0.970            0.95
gp_scenario_12        0.720           0.89       0.890            0.80
gp_scenario_13        0.740           0.96       0.960            0.94
gp_scenario_14        0.740           0.95       0.950            0.87
gp_scenario_15        0.700           0.89       0.890            0.82
gp_scenario_16        0.820           0.94       0.940            0.88
gp_scenario_17        0.680           0.90       0.900            0.81
gp_scenario_18        0.710           0.87       0.860            0.77
gp_scenario_19        0.710           0.96       0.960            0.91
gp_scenario_20        0.680           0.91       0.910            0.84
gp_scenario_21        0.730           0.91       0.910            0.83
gp_scenario_22        0.740           0.94       0.940            0.86
gp_scenario_23        0.700           0.96       0.960            0.92
gp_scenario_24        0.700           0.89       0.890            0.82
gp_scenario_25        0.730           0.86       0.860            0.74
gp_scenario_26        0.720           0.88       0.870            0.78
gp_scenario_27        0.740           0.96       0.960            0.91
gp_scenario_28        0.710           0.91       0.910            0.85
gp_scenario_29        0.740           0.93       0.930            0.87
gp_scenario_30        0.660           0.91       0.910            0.83
gp_scenario_31        0.670           0.90       0.900            0.82
gp_scenario_32        0.810           0.88       0.880            0.78
gp_scenario_33        0.670           0.97       0.970            0.93
gp_scenario_34        0.700           0.91       0.910            0.85
gp_scenario_35        0.760           0.90       0.900            0.81
gp_scenario_36        0.770           0.92       0.920            0.85
gp_scenario_37        0.690           0.97       0.970            0.94
gp_scenario_38        0.700           0.93       0.930            0.86
gp_scenario_39        0.730           0.89       0.890            0.80
gp_scenario_40        0.710           0.91       0.900            0.83
gp_scenario_41        0.660           0.95       0.950            0.91
gp_scenario_42        0.760           0.94       0.930            0.88
gp_scenario_43        0.690           0.89       0.880            0.81
gp_scenario_44        0.720           0.91       0.900            0.82
gp_scenario_45        0.750           0.92       0.920            0.85
gp_scenario_46        0.700           0.95       0.950            0.91
gp_scenario_47        0.730           0.95       0.950            0.90
gp_scenario_48        0.700           0.93       0.920            0.86
gp_scenario_49        0.730           0.89       0.880            0.79
gp_scenario_50        0.660           0.89       0.880            0.81
gp_scenario_51        0.750           0.92       0.920            0.85
gp_scenario_52        0.680           0.93       0.930            0.86
gp_scenario_53        0.730           0.93       0.920            0.87
gp_scenario_54        0.710           0.94       0.930            0.88
gp_scenario_55        0.710           0.89       0.890            0.78
gp_scenario_56        0.720           0.90       0.900            0.83
gp_scenario_57        0.680           0.94       0.940            0.88
gp_scenario_58        0.680           0.90       0.900            0.81
gp_scenario_59        0.710           0.90       0.890            0.83
gp_scenario_60        0.780           0.92       0.920            0.86
gp_scenario_61        0.710           0.94       0.940            0.88
gp_scenario_62        0.660           0.92       0.910            0.85
gp_scenario_63        0.710           0.94       0.940            0.89
gp_scenario_64        0.670           0.88       0.880            0.74
gp_scenario_65        0.810           0.92       0.920            0.86
gp_scenario_66        0.740           0.95       0.950            0.89
gp_scenario_67        0.700           0.91       0.910            0.85
gp_scenario_68        0.790           0.94       0.940            0.87
gp_scenario_69        0.680           0.94       0.930            0.89
gp_scenario_70        0.690           0.89       0.880            0.78
gp_scenario_71        0.670           0.89       0.890            0.79
gp_scenario_72        0.720           0.94       0.930            0.86
gp_scenario_73        0.740           0.92       0.920            0.86
gp_scenario_74        0.730           0.92       0.910            0.83
gp_scenario_75        0.700           0.91       0.910            0.85
gp_scenario_76        0.740           0.93       0.920            0.85
gp_scenario_77        0.710           0.89       0.880            0.79
gp_scenario_78        0.700           0.97       0.970            0.93
gp_scenario_79        0.720           0.93       0.920            0.86
gp_scenario_80        0.680           0.94       0.930            0.87
gp_scenario_81        0.680           0.92       0.920            0.85
gp_scenario_82        0.740           0.92       0.910            0.82
gp_scenario_83        0.690           0.94       0.930            0.88
gp_scenario_84        0.720           0.89       0.890            0.80
gp_scenario_85        0.720           0.94       0.930            0.88
gp_scenario_86        0.720           0.96       0.960            0.90
gp_scenario_87        0.740           0.95       0.950            0.89
gp_scenario_88        0.690           0.93       0.930            0.87
gp_scenario_89        0.720           0.87       0.870            0.75
gp_scenario_90        0.680           0.89       0.880            0.81
gp_scenario_91        0.710           0.98       0.980            0.95
gp_scenario_92        0.770           0.91       0.910            0.83
gp_scenario_93        0.690           0.92       0.910            0.82
gp_scenario_94        0.710           0.89       0.890            0.83
gp_scenario_95        0.730           0.91       0.910            0.83
gp_scenario_96        0.770           0.94       0.940            0.88
gp_scenario_97        0.690           0.92       0.910            0.85
gp_scenario_98        0.730           0.92       0.920            0.85
gp_scenario_99        0.770           0.94       0.940            0.89
gp_scenario_100       0.660           0.92       0.910            0.84
h2_median             0.710           0.92       0.920            0.85
h2_iqr                0.042           0.04       0.032            0.06
