[1] "using maize_env"
Le chargement a nécessité le package : Matrix

Attachement du package : ‘tidyr’

Les objets suivants sont masqués depuis ‘package:Matrix’:

    expand, pack, unpack

Le chargement a nécessité le package : foreach
Le chargement a nécessité le package : iterators
Le chargement a nécessité le package : parallel
Le chargement a nécessité le package : rngtools
This build of rgl does not include OpenGL functions.  Use
 rglwidget() to display results, e.g. via options(rgl.printRglwidget = TRUE).
Le chargement a nécessité le package : Rcpp
Le chargement a nécessité le package : zigg
Le chargement a nécessité le package : RcppParallel

Attachement du package : ‘RcppParallel’

L'objet suivant est masqué depuis ‘package:Rcpp’:

    LdFlags


Rfast: 2.1.5.1
 ___ __ __ __ __    __ __ __ __ __ _             _               __ __ __ __ __     __ __ __ __ __ __   
|  __ __ __ __  |  |  __ __ __ __ _/            / \             |  __ __ __ __ /   /__ __ _   _ __ __\  
| |           | |  | |                         / _ \            | |                        / /          
| |           | |  | |                        / / \ \           | |                       / /          
| |           | |  | |                       / /   \ \          | |                      / /          
| |__ __ __ __| |  | |__ __ __ __           / /     \ \         | |__ __ __ __ _        / /__/\          
|    __ __ __ __|  |  __ __ __ __|         / /__ _ __\ \        |_ __ __ __ _   |      / ___  /           
|   \              | |                    / _ _ _ _ _ _ \                     | |      \/  / /       
| |\ \             | |                   / /           \ \                    | |         / /          
| | \ \            | |                  / /             \ \                   | |        / /          
| |  \ \           | |                 / /               \ \                  | |       / /          
| |   \ \__ __ _   | |                / /                 \ \     _ __ __ __ _| |      / /          
|_|    \__ __ __\  |_|               /_/                   \_\   /_ __ __ __ ___|      \/             team

Attachement du package : ‘Rfast’

Les objets suivants sont masqués depuis ‘package:robustbase’:

    colMedians, rowMedians

L'objet suivant est masqué depuis ‘package:data.table’:

    transpose

Le chargement a nécessité le package : lattice

Attachement du package : ‘plotly’

L'objet suivant est masqué depuis ‘package:ggplot2’:

    last_plot

L'objet suivant est masqué depuis ‘package:MASS’:

    select

L'objet suivant est masqué depuis ‘package:stats’:

    filter

L'objet suivant est masqué depuis ‘package:graphics’:

    layout


Attachement du package : ‘dplyr’

L'objet suivant est masqué depuis ‘package:Rfast’:

    nth

Les objets suivants sont masqués depuis ‘package:data.table’:

    between, first, last

L'objet suivant est masqué depuis ‘package:MASS’:

    select

Les objets suivants sont masqués depuis ‘package:stats’:

    filter, lag

Les objets suivants sont masqués depuis ‘package:base’:

    intersect, setdiff, setequal, union


Attachement du package : ‘kernlab’

L'objet suivant est masqué depuis ‘package:ggplot2’:

    alpha

Le chargement a nécessité le package : corpcor

Attachement du package : ‘corpcor’

L'objet suivant est masqué depuis ‘package:matrixcalc’:

    is.positive.definite

Loaded glmnet 4.1-8

Loaded mixOmics 6.31.5
Thank you for using mixOmics!
Tutorials: http://mixomics.org
Bookdown vignette: https://mixomicsteam.github.io/Bookdown
Questions, issues: Follow the prompts at http://mixomics.org/contact-us
Cite us:  citation('mixOmics')

[1] "kernel: linear"
[1] "trait: tassel.height"
                RF_wiser SVR_wiser GBLUP_wiser RKHS_wiser LASSO_wiser
gp_scenario_1       0.77     0.760       0.680       0.78       0.740
gp_scenario_2       0.74     0.750       0.730       0.74       0.710
gp_scenario_3       0.69     0.710       0.660       0.74       0.720
gp_scenario_4       0.64     0.600       0.580       0.61       0.580
gp_scenario_5       0.71     0.720       0.640       0.73       0.660
gp_scenario_6       0.77     0.710       0.690       0.73       0.700
gp_scenario_7       0.75     0.740       0.700       0.73       0.680
gp_scenario_8       0.68     0.730       0.710       0.74       0.660
gp_scenario_9       0.58     0.590       0.540       0.59       0.540
gp_scenario_10      0.67     0.640       0.580       0.67       0.630
gp_scenario_11      0.69     0.720       0.690       0.73       0.660
gp_scenario_12      0.83     0.830       0.780       0.84       0.790
gp_scenario_13      0.61     0.620       0.620       0.62       0.580
gp_scenario_14      0.52     0.560       0.510       0.57       0.480
gp_scenario_15      0.66     0.710       0.670       0.71       0.650
gp_scenario_16      0.45     0.390       0.380       0.40       0.410
gp_scenario_17      0.66     0.670       0.670       0.68       0.500
gp_scenario_18      0.75     0.710       0.670       0.71       0.730
gp_scenario_19      0.82     0.820       0.760       0.82       0.800
gp_scenario_20      0.74     0.770       0.730       0.78       0.700
gp_scenario_21      0.76     0.780       0.720       0.78       0.720
gp_scenario_22      0.63     0.610       0.600       0.63       0.530
gp_scenario_23      0.61     0.610       0.520       0.63       0.590
gp_scenario_24      0.67     0.680       0.630       0.68       0.600
gp_scenario_25      0.72     0.710       0.640       0.71       0.680
gp_scenario_26      0.67     0.660       0.610       0.67       0.660
gp_scenario_27      0.75     0.730       0.680       0.71       0.690
gp_scenario_28      0.72     0.680       0.660       0.71       0.710
gp_scenario_29      0.75     0.730       0.690       0.74       0.660
gp_scenario_30      0.72     0.760       0.730       0.76       0.710
gp_scenario_31      0.70     0.770       0.730       0.78       0.680
gp_scenario_32      0.70     0.680       0.650       0.67       0.640
gp_scenario_33      0.73     0.720       0.700       0.73       0.730
gp_scenario_34      0.67     0.670       0.640       0.68       0.560
gp_scenario_35      0.72     0.660       0.520       0.68       0.680
gp_scenario_36      0.53     0.560       0.500       0.56       0.460
gp_scenario_37      0.72     0.690       0.660       0.70       0.660
gp_scenario_38      0.78     0.840       0.740       0.83       0.790
gp_scenario_39      0.64     0.640       0.560       0.65       0.620
gp_scenario_40      0.70     0.730       0.680       0.74       0.680
gp_scenario_41      0.73     0.760       0.700       0.77       0.660
gp_scenario_42      0.68     0.660       0.660       0.67       0.620
gp_scenario_43      0.66     0.690       0.640       0.69       0.650
gp_scenario_44      0.62     0.650       0.600       0.64       0.580
gp_scenario_45      0.69     0.700       0.660       0.71       0.690
gp_scenario_46      0.72     0.750       0.690       0.75       0.690
gp_scenario_47      0.61     0.630       0.600       0.63       0.600
gp_scenario_48      0.67     0.700       0.680       0.72       0.740
gp_scenario_49      0.74     0.750       0.700       0.74       0.700
gp_scenario_50      0.65     0.680       0.670       0.70       0.650
gp_scenario_51      0.59     0.610       0.600       0.61       0.590
gp_scenario_52      0.75     0.810       0.780       0.83       0.750
gp_scenario_53      0.68     0.690       0.620       0.70       0.630
gp_scenario_54      0.69     0.680       0.630       0.70       0.680
gp_scenario_55      0.72     0.740       0.690       0.74       0.690
gp_scenario_56      0.72     0.710       0.670       0.72       0.650
gp_scenario_57      0.66     0.730       0.690       0.76       0.690
gp_scenario_58      0.78     0.730       0.730       0.76       0.730
gp_scenario_59      0.55     0.550       0.480       0.53       0.530
gp_scenario_60      0.69     0.690       0.680       0.70       0.630
gp_scenario_61      0.71     0.720       0.710       0.74       0.680
gp_scenario_62      0.77     0.760       0.730       0.77       0.740
gp_scenario_63      0.64     0.660       0.590       0.68       0.580
gp_scenario_64      0.68     0.710       0.650       0.70       0.600
gp_scenario_65      0.59     0.640       0.600       0.64       0.610
gp_scenario_66      0.49     0.540       0.460       0.56       0.510
gp_scenario_67      0.76     0.770       0.690       0.77       0.740
gp_scenario_68      0.67     0.660       0.620       0.66       0.460
gp_scenario_69      0.69     0.710       0.710       0.74       0.700
gp_scenario_70      0.65     0.680       0.670       0.68       0.600
gp_scenario_71      0.70     0.710       0.700       0.71       0.690
gp_scenario_72      0.67     0.680       0.600       0.69       0.660
gp_scenario_73      0.57     0.600       0.570       0.60       0.550
gp_scenario_74      0.73     0.700       0.650       0.69       0.700
gp_scenario_75      0.72     0.760       0.710       0.76       0.710
gp_scenario_76      0.54     0.550       0.560       0.58       0.490
gp_scenario_77      0.72     0.670       0.670       0.69       0.660
gp_scenario_78      0.75     0.750       0.690       0.75       0.680
gp_scenario_79      0.78     0.770       0.710       0.77       0.730
gp_scenario_80      0.66     0.720       0.690       0.73       0.680
gp_scenario_81      0.80     0.780       0.720       0.80       0.770
gp_scenario_82      0.67     0.660       0.700       0.68       0.600
gp_scenario_83      0.73     0.720       0.650       0.75       0.710
gp_scenario_84      0.65     0.630       0.580       0.64       0.650
gp_scenario_85      0.65     0.700       0.690       0.72       0.680
gp_scenario_86      0.73     0.700       0.640       0.70       0.690
gp_scenario_87      0.75     0.780       0.730       0.79       0.730
gp_scenario_88      0.62     0.610       0.560       0.62       0.620
gp_scenario_89      0.68     0.670       0.630       0.68       0.670
gp_scenario_90      0.66     0.680       0.700       0.71       0.660
gp_scenario_91      0.71     0.720       0.680       0.74       0.670
gp_scenario_92      0.73     0.700       0.680       0.71       0.740
gp_scenario_93      0.76     0.770       0.640       0.79       0.750
gp_scenario_94      0.64     0.690       0.610       0.69       0.620
gp_scenario_95      0.67     0.650       0.640       0.67       0.580
gp_scenario_96      0.64     0.650       0.620       0.65       0.610
gp_scenario_97      0.72     0.700       0.650       0.72       0.700
gp_scenario_98      0.74     0.750       0.670       0.76       0.660
gp_scenario_99      0.62     0.640       0.610       0.64       0.560
gp_scenario_100     0.79     0.770       0.690       0.78       0.720
pa_median           0.69     0.700       0.670       0.71       0.660
pa_iqr              0.08     0.072       0.075       0.07       0.092
                RF_ls_means SVR_ls_means GBLUP_ls_means RKHS_ls_means
gp_scenario_1         0.230        0.270          0.290        0.2300
gp_scenario_2         0.370        0.410          0.380        0.4100
gp_scenario_3         0.420        0.400          0.320        0.4200
gp_scenario_4         0.052        0.110          0.100        0.1200
gp_scenario_5         0.390        0.400          0.350        0.4200
gp_scenario_6         0.340        0.310          0.340        0.2800
gp_scenario_7         0.400        0.370          0.350        0.3800
gp_scenario_8         0.360        0.280          0.210        0.3000
gp_scenario_9         0.170        0.270          0.280        0.2400
gp_scenario_10        0.270        0.230          0.180        0.2600
gp_scenario_11        0.510        0.460          0.420        0.5200
gp_scenario_12        0.220        0.340          0.420        0.2900
gp_scenario_13        0.170        0.160          0.160        0.2000
gp_scenario_14        0.190        0.190          0.200        0.1700
gp_scenario_15        0.360        0.370          0.360        0.3800
gp_scenario_16        0.230        0.220          0.220        0.2600
gp_scenario_17        0.340        0.490          0.480        0.5000
gp_scenario_18        0.410        0.440          0.420        0.4200
gp_scenario_19        0.350        0.340          0.330        0.3700
gp_scenario_20       -0.047       -0.056         -0.032       -0.0042
gp_scenario_21        0.370        0.350          0.360        0.3400
gp_scenario_22        0.052        0.100          0.077        0.0910
gp_scenario_23        0.440        0.480          0.530        0.4700
gp_scenario_24        0.370        0.380          0.290        0.4000
gp_scenario_25        0.270        0.340          0.280        0.3500
gp_scenario_26        0.170        0.250          0.210        0.2800
gp_scenario_27        0.350        0.390          0.350        0.4000
gp_scenario_28        0.350        0.370          0.390        0.3500
gp_scenario_29        0.330        0.300          0.290        0.3100
gp_scenario_30        0.340        0.310          0.300        0.2800
gp_scenario_31        0.190        0.220          0.200        0.2700
gp_scenario_32        0.460        0.360          0.330        0.4100
gp_scenario_33        0.240        0.270          0.280        0.2900
gp_scenario_34        0.230        0.270          0.290        0.2800
gp_scenario_35        0.260        0.240          0.230        0.2600
gp_scenario_36        0.210        0.240          0.300        0.2300
gp_scenario_37        0.560        0.470          0.380        0.5500
gp_scenario_38        0.170        0.190          0.200        0.1600
gp_scenario_39        0.310        0.350          0.360        0.3700
gp_scenario_40        0.280        0.210          0.160        0.2100
gp_scenario_41        0.440        0.470          0.420        0.4700
gp_scenario_42        0.290        0.310          0.320        0.3200
gp_scenario_43        0.400        0.400          0.420        0.3800
gp_scenario_44        0.250        0.280          0.230        0.2300
gp_scenario_45        0.140        0.180          0.170        0.1800
gp_scenario_46        0.370        0.380          0.430        0.3500
gp_scenario_47        0.560        0.550          0.480        0.5500
gp_scenario_48       -0.074       -0.170         -0.230       -0.1700
gp_scenario_49        0.230        0.210          0.190        0.1900
gp_scenario_50        0.420        0.510          0.520        0.5300
gp_scenario_51        0.350        0.380          0.380        0.4400
gp_scenario_52        0.300        0.360          0.420        0.3300
gp_scenario_53        0.280        0.410          0.460        0.3500
gp_scenario_54        0.350        0.290          0.240        0.2900
gp_scenario_55        0.320        0.300          0.290        0.3000
gp_scenario_56        0.300        0.320          0.300        0.3500
gp_scenario_57        0.270        0.330          0.270        0.2700
gp_scenario_58        0.210        0.350          0.430        0.3300
gp_scenario_59        0.370        0.370          0.370        0.3700
gp_scenario_60        0.240        0.290          0.270        0.3100
gp_scenario_61        0.320        0.280          0.240        0.2900
gp_scenario_62        0.240        0.300          0.270        0.3100
gp_scenario_63        0.300        0.370          0.370        0.3700
gp_scenario_64        0.290        0.380          0.410        0.3600
gp_scenario_65        0.180        0.073          0.029        0.0910
gp_scenario_66        0.360        0.390          0.450        0.3900
gp_scenario_67        0.240        0.250          0.210        0.2500
gp_scenario_68        0.220        0.260          0.270        0.2900
gp_scenario_69        0.410        0.360          0.230        0.4200
gp_scenario_70        0.390        0.430          0.420        0.4200
gp_scenario_71        0.300        0.290          0.260        0.2500
gp_scenario_72        0.260        0.400          0.380        0.4200
gp_scenario_73        0.260        0.310          0.310        0.3000
gp_scenario_74        0.450        0.430          0.410        0.4500
gp_scenario_75        0.240        0.260          0.190        0.2800
gp_scenario_76        0.270        0.210          0.180        0.2300
gp_scenario_77        0.310        0.290          0.250        0.2900
gp_scenario_78        0.340        0.440          0.440        0.4500
gp_scenario_79        0.460        0.530          0.540        0.5100
gp_scenario_80        0.220        0.300          0.340        0.2500
gp_scenario_81        0.360        0.390          0.360        0.3900
gp_scenario_82        0.140        0.240          0.240        0.2500
gp_scenario_83        0.390        0.310          0.310        0.3400
gp_scenario_84        0.190        0.260          0.180        0.2700
gp_scenario_85        0.270        0.260          0.300        0.2500
gp_scenario_86        0.230        0.250          0.240        0.2500
gp_scenario_87        0.160        0.220          0.300        0.1600
gp_scenario_88        0.130        0.200          0.180        0.2100
gp_scenario_89        0.230        0.300          0.230        0.3100
gp_scenario_90        0.490        0.380          0.360        0.3900
gp_scenario_91        0.280        0.300          0.340        0.3600
gp_scenario_92        0.310        0.310          0.220        0.3100
gp_scenario_93        0.150        0.230          0.290        0.2200
gp_scenario_94        0.120        0.100          0.066        0.0960
gp_scenario_95        0.310        0.310          0.300        0.3600
gp_scenario_96        0.350        0.270          0.150        0.3200
gp_scenario_97        0.230        0.240          0.210        0.2600
gp_scenario_98        0.230        0.270          0.270        0.2700
gp_scenario_99        0.280        0.290          0.320        0.3100
gp_scenario_100       0.260        0.320          0.310        0.3000
pa_median             0.290        0.300          0.300        0.3100
pa_iqr                0.130        0.130          0.140        0.1300
                LASSO_ls_means RF_blups SVR_blups GBLUP_blups RKHS_blups
gp_scenario_1          0.12000    0.240     0.260       0.290      0.230
gp_scenario_2          0.32000    0.360     0.370       0.370      0.400
gp_scenario_3          0.13000    0.420     0.420       0.330      0.430
gp_scenario_4         -0.04200    0.064     0.110       0.100      0.120
gp_scenario_5          0.30000    0.420     0.410       0.360      0.430
gp_scenario_6          0.27000    0.340     0.300       0.340      0.280
gp_scenario_7               NA    0.400     0.380       0.350      0.380
gp_scenario_8          0.21000    0.350     0.300       0.200      0.300
gp_scenario_9          0.21000    0.160     0.230       0.280      0.250
gp_scenario_10         0.22000    0.280     0.220       0.170      0.250
gp_scenario_11         0.44000    0.530     0.500       0.420      0.510
gp_scenario_12         0.01900    0.220     0.320       0.420      0.290
gp_scenario_13        -0.00790    0.130     0.180       0.160      0.200
gp_scenario_14        -0.07000    0.190     0.190       0.200      0.170
gp_scenario_15              NA    0.330     0.380       0.360      0.380
gp_scenario_16         0.06800    0.260     0.230       0.230      0.270
gp_scenario_17              NA    0.380     0.420       0.480      0.500
gp_scenario_18         0.28000    0.410     0.460       0.420      0.420
gp_scenario_19         0.36000    0.410     0.360       0.320      0.360
gp_scenario_20         0.01900   -0.061    -0.028      -0.043     -0.012
gp_scenario_21         0.30000    0.340     0.360       0.360      0.340
gp_scenario_22        -0.11000    0.094     0.110       0.088      0.100
gp_scenario_23         0.22000    0.460     0.480       0.530      0.470
gp_scenario_24         0.28000    0.360     0.450       0.290      0.390
gp_scenario_25         0.00023    0.230     0.340       0.280      0.350
gp_scenario_26         0.10000    0.200     0.290       0.200      0.270
gp_scenario_27              NA    0.330     0.390       0.340      0.390
gp_scenario_28         0.21000    0.330     0.350       0.390      0.350
gp_scenario_29         0.19000    0.370     0.310       0.280      0.310
gp_scenario_30         0.32000    0.340     0.270       0.310      0.290
gp_scenario_31         0.01600    0.160     0.250       0.200      0.260
gp_scenario_32              NA    0.410     0.390       0.330      0.410
gp_scenario_33         0.18000    0.260     0.260       0.280      0.290
gp_scenario_34         0.11000    0.240     0.270       0.300      0.280
gp_scenario_35         0.04200    0.260     0.230       0.220      0.250
gp_scenario_36        -0.03400    0.190     0.250       0.300      0.230
gp_scenario_37              NA    0.560     0.500       0.380      0.560
gp_scenario_38        -0.05800    0.170     0.160       0.210      0.160
gp_scenario_39         0.23000    0.320     0.360       0.360      0.370
gp_scenario_40         0.19000    0.250     0.240       0.160      0.210
gp_scenario_41         0.33000    0.420     0.480       0.420      0.470
gp_scenario_42         0.33000    0.290     0.310       0.320      0.320
gp_scenario_43              NA    0.390     0.380       0.410      0.380
gp_scenario_44         0.16000    0.220     0.270       0.230      0.230
gp_scenario_45         0.09100    0.150     0.150       0.170      0.190
gp_scenario_46              NA    0.340     0.370       0.430      0.360
gp_scenario_47         0.43000    0.530     0.530       0.480      0.550
gp_scenario_48         0.04000   -0.094    -0.140      -0.230     -0.170
gp_scenario_49         0.20000    0.220     0.220       0.190      0.190
gp_scenario_50         0.37000    0.470     0.490       0.510      0.530
gp_scenario_51              NA    0.370     0.390       0.370      0.430
gp_scenario_52              NA    0.350     0.380       0.420      0.330
gp_scenario_53         0.42000    0.290     0.360       0.450      0.350
gp_scenario_54         0.35000    0.340     0.250       0.230      0.290
gp_scenario_55         0.30000    0.320     0.290       0.280      0.290
gp_scenario_56         0.21000    0.310     0.320       0.300      0.340
gp_scenario_57         0.25000    0.320     0.290       0.270      0.280
gp_scenario_58         0.12000    0.260     0.330       0.420      0.330
gp_scenario_59         0.32000    0.400     0.370       0.370      0.370
gp_scenario_60         0.14000    0.240     0.300       0.270      0.310
gp_scenario_61         0.26000    0.290     0.290       0.230      0.290
gp_scenario_62         0.00710    0.250     0.350       0.260      0.310
gp_scenario_63         0.09900    0.310     0.360       0.370      0.360
gp_scenario_64         0.25000    0.320     0.390       0.420      0.370
gp_scenario_65         0.12000    0.110     0.051       0.029      0.087
gp_scenario_66         0.29000    0.360     0.400       0.450      0.390
gp_scenario_67         0.26000    0.250     0.280       0.210      0.240
gp_scenario_68         0.08900    0.250     0.250       0.280      0.290
gp_scenario_69         0.26000    0.410     0.380       0.230      0.410
gp_scenario_70         0.34000    0.380     0.390       0.430      0.420
gp_scenario_71         0.19000    0.280     0.240       0.260      0.250
gp_scenario_72         0.15000    0.280     0.410       0.370      0.410
gp_scenario_73         0.28000    0.270     0.320       0.310      0.290
gp_scenario_74         0.37000    0.440     0.450       0.410      0.450
gp_scenario_75         0.09200    0.240     0.280       0.190      0.270
gp_scenario_76         0.16000    0.240     0.220       0.170      0.230
gp_scenario_77         0.31000    0.300     0.330       0.250      0.290
gp_scenario_78         0.12000    0.320     0.420       0.430      0.440
gp_scenario_79              NA    0.480     0.560       0.540      0.510
gp_scenario_80         0.15000    0.200     0.270       0.340      0.250
gp_scenario_81         0.19000    0.360     0.420       0.370      0.390
gp_scenario_82         0.03800    0.160     0.250       0.240      0.250
gp_scenario_83         0.39000    0.380     0.310       0.320      0.340
gp_scenario_84        -0.16000    0.180     0.310       0.180      0.270
gp_scenario_85         0.12000    0.240     0.270       0.300      0.240
gp_scenario_86         0.07900    0.200     0.290       0.230      0.250
gp_scenario_87        -0.05700    0.140     0.200       0.310      0.160
gp_scenario_88         0.13000    0.140     0.180       0.180      0.210
gp_scenario_89         0.08600    0.250     0.310       0.220      0.300
gp_scenario_90              NA    0.500     0.390       0.360      0.390
gp_scenario_91              NA    0.280     0.320       0.330      0.350
gp_scenario_92         0.15000    0.300     0.330       0.230      0.310
gp_scenario_93         0.04800    0.140     0.190       0.300      0.220
gp_scenario_94         0.02400    0.070     0.110       0.059      0.087
gp_scenario_95        -0.01600    0.340     0.310       0.300      0.350
gp_scenario_96         0.28000    0.310     0.280       0.150      0.320
gp_scenario_97         0.20000    0.200     0.270       0.210      0.260
gp_scenario_98         0.13000    0.260     0.270       0.270      0.270
gp_scenario_99         0.07100    0.280     0.280       0.320      0.310
gp_scenario_100        0.24000    0.260     0.320       0.310      0.300
pa_median              0.18000    0.290     0.310       0.300      0.300
pa_iqr                 0.20000    0.130     0.130       0.140      0.130
                LASSO_blups RF_blups_pca SVR_blups_pca GBLUP_blups_pca
gp_scenario_1            NA      -0.0099       -0.0047          0.0890
gp_scenario_2        0.3400      -0.0330        0.0130          0.1100
gp_scenario_3        0.0920       0.3200        0.2600          0.2200
gp_scenario_4       -0.0480      -0.1600       -0.0400          0.0400
gp_scenario_5        0.2100       0.3300        0.3400          0.3200
gp_scenario_6            NA       0.0660        0.1000          0.1900
gp_scenario_7        0.2700       0.3300        0.2000          0.1700
gp_scenario_8        0.2200       0.2400        0.1600          0.0700
gp_scenario_9       -0.0820       0.0910        0.1800          0.2400
gp_scenario_10       0.2400      -0.0530       -0.0530         -0.0150
gp_scenario_11       0.4400       0.2200        0.3000          0.2800
gp_scenario_12      -0.0220       0.1900        0.2500          0.3600
gp_scenario_13       0.0095      -0.0430        0.0021          0.0340
gp_scenario_14       0.1700       0.0085       -0.0240          0.0240
gp_scenario_15       0.2600       0.2200        0.2300          0.2300
gp_scenario_16       0.3400       0.1100        0.0890          0.1200
gp_scenario_17       0.0620       0.0700        0.1500          0.2900
gp_scenario_18       0.3400       0.3200        0.3400          0.3000
gp_scenario_19       0.3400       0.1700        0.1800          0.1400
gp_scenario_20       0.0078      -0.2900       -0.2100         -0.1200
gp_scenario_21       0.2800       0.2000        0.2400          0.2400
gp_scenario_22       0.0580      -0.0350        0.0110          0.0330
gp_scenario_23           NA       0.3100        0.3400          0.4000
gp_scenario_24       0.2700       0.0260        0.1900          0.1500
gp_scenario_25       0.0330       0.1500        0.1500          0.1600
gp_scenario_26       0.0920      -0.1500       -0.0012         -0.0440
gp_scenario_27           NA       0.1700        0.2200          0.1900
gp_scenario_28       0.2600       0.0620        0.1400          0.2400
gp_scenario_29       0.2000       0.2200        0.2000          0.2400
gp_scenario_30       0.2900       0.3500        0.1400          0.2000
gp_scenario_31      -0.0240       0.1100        0.1200          0.0930
gp_scenario_32           NA       0.0540        0.1700          0.2000
gp_scenario_33       0.2000       0.0050        0.1000          0.1600
gp_scenario_34       0.0880      -0.0180        0.0500          0.1400
gp_scenario_35       0.2300       0.0290       -0.0290          0.0560
gp_scenario_36       0.0110      -0.0710        0.0410          0.1400
gp_scenario_37       0.0470       0.3500        0.3100          0.2800
gp_scenario_38      -0.0760      -0.0180       -0.0560          0.0530
gp_scenario_39       0.2300       0.1600        0.1900          0.2100
gp_scenario_40       0.1500       0.0950        0.0680          0.0048
gp_scenario_41       0.2600       0.3100        0.3200          0.2800
gp_scenario_42       0.0830       0.0740        0.1000          0.1600
gp_scenario_43       0.2200       0.2100        0.2100          0.3000
gp_scenario_44       0.2000       0.1300        0.1000          0.0730
gp_scenario_45       0.0650       0.0016        0.0780          0.1400
gp_scenario_46           NA       0.1900        0.2200          0.3100
gp_scenario_47       0.4900       0.1900        0.2300          0.2600
gp_scenario_48       0.0590      -0.0290       -0.1800         -0.2300
gp_scenario_49       0.2100       0.1400        0.1100          0.1400
gp_scenario_50           NA       0.2700        0.2500          0.3600
gp_scenario_51       0.3000       0.0043        0.1000          0.1500
gp_scenario_52       0.3300       0.1800        0.2200          0.2800
gp_scenario_53       0.4200       0.2800        0.3500          0.4200
gp_scenario_54           NA       0.2200        0.1200          0.1800
gp_scenario_55       0.2900       0.2000        0.0920          0.1200
gp_scenario_56       0.1500       0.0510        0.0940          0.1100
gp_scenario_57       0.2400       0.1600        0.0810          0.1400
gp_scenario_58           NA       0.1100        0.2600          0.3400
gp_scenario_59       0.2000       0.0960        0.1300          0.1800
gp_scenario_60       0.1300       0.1100        0.1700          0.2000
gp_scenario_61       0.2300       0.1200        0.0480          0.0340
gp_scenario_62       0.0220       0.2700        0.2800          0.2200
gp_scenario_63       0.1500       0.1600        0.2000          0.2500
gp_scenario_64       0.1900      -0.0100        0.1600          0.2300
gp_scenario_65       0.1000      -0.0950       -0.2100         -0.1500
gp_scenario_66       0.2900       0.2300        0.2700          0.3200
gp_scenario_67       0.1500       0.0990        0.1400          0.1100
gp_scenario_68       0.1100       0.1100        0.1200          0.1800
gp_scenario_69       0.2200       0.1300        0.2100          0.1200
gp_scenario_70           NA       0.2600        0.1800          0.2900
gp_scenario_71       0.1700       0.2400        0.0810          0.1500
gp_scenario_72       0.1300      -0.1500        0.0770          0.0780
gp_scenario_73       0.2700       0.2000        0.2900          0.3000
gp_scenario_74           NA       0.0740        0.2200          0.2300
gp_scenario_75       0.0290       0.2600        0.1600          0.0620
gp_scenario_76       0.1300       0.1100        0.0780          0.0550
gp_scenario_77       0.2700       0.0180        0.1400          0.1400
gp_scenario_78           NA      -0.0240        0.0980          0.1900
gp_scenario_79           NA       0.2300        0.3900          0.3800
gp_scenario_80       0.0620       0.1500        0.2400          0.3200
gp_scenario_81       0.3000       0.2300        0.3100          0.2700
gp_scenario_82       0.0240      -0.1400        0.0420          0.0880
gp_scenario_83       0.3700       0.1700        0.0310          0.1300
gp_scenario_84      -0.1200       0.0290        0.2000          0.0540
gp_scenario_85       0.2000       0.0300        0.0610          0.1500
gp_scenario_86       0.1800       0.1400        0.2300          0.1800
gp_scenario_87      -0.0220       0.0240        0.0540          0.2400
gp_scenario_88       0.1300      -0.0980       -0.0820         -0.0076
gp_scenario_89       0.0780      -0.0058        0.1400          0.0950
gp_scenario_90           NA       0.0600        0.0320          0.0780
gp_scenario_91       0.3100       0.1500        0.1800          0.2100
gp_scenario_92       0.0810       0.1800        0.1100          0.0250
gp_scenario_93       0.0820       0.1300        0.1200          0.2700
gp_scenario_94       0.0660      -0.0840       -0.0056          0.0031
gp_scenario_95      -0.0300      -0.0880       -0.0057          0.0860
gp_scenario_96       0.2700       0.0830       -0.0120         -0.0770
gp_scenario_97       0.1500       0.0980        0.0600         -0.0022
gp_scenario_98       0.1100       0.1600        0.2200          0.2400
gp_scenario_99       0.3000       0.1300        0.1200          0.1900
gp_scenario_100      0.2500       0.0630        0.1600          0.1800
pa_median            0.1800       0.1100        0.1400          0.1600
pa_iqr               0.2000       0.1800        0.1600          0.1600
                RKHS_blups_pca LASSO_blups_pca
gp_scenario_1         -0.15000              NA
gp_scenario_2         -0.11000              NA
gp_scenario_3          0.13000              NA
gp_scenario_4         -0.03100              NA
gp_scenario_5          0.29000              NA
gp_scenario_6         -0.08700         0.14000
gp_scenario_7          0.10000              NA
gp_scenario_8          0.09600              NA
gp_scenario_9          0.04500         0.13000
gp_scenario_10        -0.07100        -0.12000
gp_scenario_11         0.14000         0.06600
gp_scenario_12         0.04400              NA
gp_scenario_13        -0.07600        -0.14000
gp_scenario_14        -0.20000        -0.07300
gp_scenario_15         0.11000              NA
gp_scenario_16        -0.00041              NA
gp_scenario_17         0.04400              NA
gp_scenario_18         0.13000              NA
gp_scenario_19         0.11000         0.08900
gp_scenario_20        -0.21000        -0.09400
gp_scenario_21         0.09200              NA
gp_scenario_22        -0.00380        -0.08500
gp_scenario_23         0.24000        -0.06400
gp_scenario_24         0.03600         0.01600
gp_scenario_25        -0.00700        -0.02700
gp_scenario_26        -0.15000        -0.07000
gp_scenario_27         0.14000              NA
gp_scenario_28         0.03700         0.10000
gp_scenario_29         0.04800         0.10000
gp_scenario_30        -0.00250              NA
gp_scenario_31         0.04100              NA
gp_scenario_32         0.01700              NA
gp_scenario_33         0.03200         0.04900
gp_scenario_34        -0.00870         0.12000
gp_scenario_35        -0.05300              NA
gp_scenario_36        -0.04200         0.06800
gp_scenario_37         0.22000         0.04700
gp_scenario_38        -0.13000              NA
gp_scenario_39         0.16000         0.09200
gp_scenario_40        -0.07900        -0.12000
gp_scenario_41         0.23000         0.23000
gp_scenario_42        -0.00550         0.09200
gp_scenario_43         0.06600              NA
gp_scenario_44        -0.08800        -0.02700
gp_scenario_45        -0.03700         0.02400
gp_scenario_46        -0.00140              NA
gp_scenario_47        -0.02500              NA
gp_scenario_48        -0.21000        -0.04100
gp_scenario_49        -0.05700              NA
gp_scenario_50         0.10000              NA
gp_scenario_51        -0.02100         0.05200
gp_scenario_52         0.05800         0.13000
gp_scenario_53         0.14000              NA
gp_scenario_54         0.09500              NA
gp_scenario_55        -0.02200              NA
gp_scenario_56        -0.10000        -0.12000
gp_scenario_57        -0.13000              NA
gp_scenario_58         0.08000              NA
gp_scenario_59        -0.06200         0.08800
gp_scenario_60         0.09500              NA
gp_scenario_61        -0.04100              NA
gp_scenario_62         0.12000              NA
gp_scenario_63         0.04300         0.06400
gp_scenario_64         0.03300        -0.03000
gp_scenario_65        -0.19000              NA
gp_scenario_66        -0.01400         0.14000
gp_scenario_67         0.04200         0.07600
gp_scenario_68         0.06300        -0.02600
gp_scenario_69         0.06500         0.07600
gp_scenario_70         0.07200              NA
gp_scenario_71        -0.01400              NA
gp_scenario_72        -0.17000        -0.15000
gp_scenario_73         0.03700              NA
gp_scenario_74        -0.01600              NA
gp_scenario_75         0.13000         0.06500
gp_scenario_76         0.02000         0.02800
gp_scenario_77        -0.11000              NA
gp_scenario_78        -0.13000              NA
gp_scenario_79         0.13000         0.18000
gp_scenario_80        -0.00310         0.03200
gp_scenario_81         0.06900         0.02900
gp_scenario_82         0.03600        -0.23000
gp_scenario_83         0.02000         0.02400
gp_scenario_84         0.06300        -0.35000
gp_scenario_85        -0.14000         0.15000
gp_scenario_86        -0.08700              NA
gp_scenario_87        -0.15000              NA
gp_scenario_88        -0.22000        -0.02100
gp_scenario_89        -0.03000        -0.25000
gp_scenario_90         0.00830         0.15000
gp_scenario_91         0.07700              NA
gp_scenario_92        -0.09900         0.12000
gp_scenario_93        -0.00630         0.00061
gp_scenario_94        -0.09400              NA
gp_scenario_95         0.00330        -0.13000
gp_scenario_96         0.01600         0.07900
gp_scenario_97         0.02700        -0.01500
gp_scenario_98         0.11000              NA
gp_scenario_99        -0.04800              NA
gp_scenario_100       -0.00110              NA
pa_median              0.00580         0.03000
pa_iqr                 0.13000         0.15000
                GBLUP_wiser GBLUP_ls_means GBLUP_blups GBLUP_blups_pca
gp_scenario_1         0.650           0.53        0.53         0.25000
gp_scenario_2         0.710           0.43        0.44         0.00150
gp_scenario_3         0.670           0.55        0.54         0.00079
gp_scenario_4         0.720           0.73        0.73         0.61000
gp_scenario_5         0.660           0.46        0.46         0.00041
gp_scenario_6         0.660           0.48        0.49         0.00170
gp_scenario_7         0.690           0.58        0.58         0.00360
gp_scenario_8         0.670           0.51        0.51         0.00079
gp_scenario_9         0.720           0.55        0.55         0.00078
gp_scenario_10        0.660           0.68        0.68         0.52000
gp_scenario_11        0.630           0.41        0.42         0.00054
gp_scenario_12        0.690           0.48        0.48         0.00140
gp_scenario_13        0.730           0.78        0.78         0.63000
gp_scenario_14        0.690           0.56        0.56         0.00690
gp_scenario_15        0.660           0.46        0.46         0.00110
gp_scenario_16        0.790           0.56        0.55         0.00180
gp_scenario_17        0.650           0.43        0.43         0.00053
gp_scenario_18        0.690           0.41        0.41         0.00056
gp_scenario_19        0.660           0.57        0.57         0.00170
gp_scenario_20        0.650           0.73        0.73         0.63000
gp_scenario_21        0.710           0.53        0.53         0.00120
gp_scenario_22        0.710           0.78        0.77         0.64000
gp_scenario_23        0.660           0.30        0.30         0.00032
gp_scenario_24        0.670           0.56        0.56         0.00410
gp_scenario_25        0.690           0.50        0.50         0.00230
gp_scenario_26        0.690           0.57        0.57         0.08900
gp_scenario_27        0.700           0.52        0.52         0.00096
gp_scenario_28        0.690           0.54        0.54         0.00530
gp_scenario_29        0.710           0.52        0.51         0.00093
gp_scenario_30        0.610           0.54        0.54         0.00071
gp_scenario_31        0.630           0.47        0.47         0.00060
gp_scenario_32        0.780           0.60        0.61         0.00160
gp_scenario_33        0.640           0.52        0.52         0.00160
gp_scenario_34        0.670           0.58        0.58         0.00230
gp_scenario_35        0.710           0.58        0.59         0.31000
gp_scenario_36        0.740           0.62        0.63         0.36000
gp_scenario_37        0.670           0.41        0.41         0.00048
gp_scenario_38        0.680           0.61        0.61         0.35000
gp_scenario_39        0.690           0.53        0.53         0.00100
gp_scenario_40        0.670           0.62        0.62         0.01700
gp_scenario_41        0.630           0.36        0.36         0.00045
gp_scenario_42        0.720           0.46        0.46         0.00320
gp_scenario_43        0.660           0.55        0.55         0.00230
gp_scenario_44        0.680           0.60        0.61         0.33000
gp_scenario_45        0.730           0.78        0.78         0.00170
gp_scenario_46        0.660           0.46        0.46         0.00150
gp_scenario_47        0.690           0.40        0.41         0.00084
gp_scenario_48        0.680           0.76        0.76         0.63000
gp_scenario_49        0.700           0.56        0.56         0.00220
gp_scenario_50        0.630           0.43        0.43         0.00053
gp_scenario_51        0.720           0.50        0.50         0.00180
gp_scenario_52        0.660           0.45        0.45         0.00110
gp_scenario_53        0.680           0.50        0.50         0.00087
gp_scenario_54        0.680           0.65        0.65         0.00120
gp_scenario_55        0.670           0.57        0.58         0.00570
gp_scenario_56        0.680           0.53        0.53         0.00550
gp_scenario_57        0.650           0.54        0.54         0.00210
gp_scenario_58        0.640           0.45        0.46         0.00069
gp_scenario_59        0.690           0.63        0.62         0.00660
gp_scenario_60        0.750           0.54        0.55         0.00097
gp_scenario_61        0.670           0.50        0.50         0.01300
gp_scenario_62        0.630           0.62        0.62         0.00260
gp_scenario_63        0.670           0.53        0.53         0.00110
gp_scenario_64        0.630           0.46        0.46         0.00190
gp_scenario_65        0.800           0.69        0.70         0.00200
gp_scenario_66        0.700           0.48        0.48         0.00082
gp_scenario_67        0.670           0.68        0.69         0.47000
gp_scenario_68        0.780           0.56        0.55         0.00150
gp_scenario_69        0.650           0.48        0.48         0.00072
gp_scenario_70        0.650           0.46        0.46         0.00095
gp_scenario_71        0.640           0.48        0.48         0.00200
gp_scenario_72        0.680           0.51        0.51         0.00330
gp_scenario_73        0.690           0.50        0.50         0.00120
gp_scenario_74        0.720           0.65        0.66         0.00140
gp_scenario_75        0.680           0.62        0.62         0.00064
gp_scenario_76        0.710           0.60        0.60         0.00110
gp_scenario_77        0.690           0.56        0.56         0.00200
gp_scenario_78        0.670           0.46        0.46         0.00250
gp_scenario_79        0.680           0.43        0.43         0.00076
gp_scenario_80        0.650           0.60        0.60         0.00240
gp_scenario_81        0.640           0.42        0.43         0.00049
gp_scenario_82        0.740           0.82        0.81         0.70000
gp_scenario_83        0.650           0.55        0.55         0.01100
gp_scenario_84        0.680           0.53        0.53         0.00083
gp_scenario_85        0.680           0.45        0.45         0.00230
gp_scenario_86        0.680           0.50        0.51         0.00094
gp_scenario_87        0.710           0.50        0.50         0.01900
gp_scenario_88        0.660           0.61        0.61         0.00200
gp_scenario_89        0.690           0.48        0.48         0.00120
gp_scenario_90        0.650           0.67        0.67         0.54000
gp_scenario_91        0.670           0.52        0.52         0.00085
gp_scenario_92        0.730           0.49        0.48         0.00170
gp_scenario_93        0.650           0.58        0.58         0.00180
gp_scenario_94        0.680           0.58        0.58         0.00340
gp_scenario_95        0.710           0.66        0.66         0.41000
gp_scenario_96        0.730           0.54        0.54         0.00250
gp_scenario_97        0.660           0.62        0.62         0.01900
gp_scenario_98        0.700           0.52        0.52         0.00049
gp_scenario_99        0.750           0.58        0.59         0.00340
gp_scenario_100       0.620           0.49        0.49         0.00140
h2_median             0.680           0.54        0.54         0.00170
h2_iqr                0.042           0.12        0.12         0.00440
