[1] "using maize_env"
Le chargement a nécessité le package : Matrix

Attachement du package : ‘tidyr’

Les objets suivants sont masqués depuis ‘package:Matrix’:

    expand, pack, unpack

Le chargement a nécessité le package : foreach
Le chargement a nécessité le package : iterators
Le chargement a nécessité le package : parallel
Le chargement a nécessité le package : rngtools
This build of rgl does not include OpenGL functions.  Use
 rglwidget() to display results, e.g. via options(rgl.printRglwidget = TRUE).
Le chargement a nécessité le package : Rcpp
Le chargement a nécessité le package : zigg
Le chargement a nécessité le package : RcppParallel

Attachement du package : ‘RcppParallel’

L'objet suivant est masqué depuis ‘package:Rcpp’:

    LdFlags


Rfast: 2.1.5.1
 ___ __ __ __ __    __ __ __ __ __ _             _               __ __ __ __ __     __ __ __ __ __ __   
|  __ __ __ __  |  |  __ __ __ __ _/            / \             |  __ __ __ __ /   /__ __ _   _ __ __\  
| |           | |  | |                         / _ \            | |                        / /          
| |           | |  | |                        / / \ \           | |                       / /          
| |           | |  | |                       / /   \ \          | |                      / /          
| |__ __ __ __| |  | |__ __ __ __           / /     \ \         | |__ __ __ __ _        / /__/\          
|    __ __ __ __|  |  __ __ __ __|         / /__ _ __\ \        |_ __ __ __ _   |      / ___  /           
|   \              | |                    / _ _ _ _ _ _ \                     | |      \/  / /       
| |\ \             | |                   / /           \ \                    | |         / /          
| | \ \            | |                  / /             \ \                   | |        / /          
| |  \ \           | |                 / /               \ \                  | |       / /          
| |   \ \__ __ _   | |                / /                 \ \     _ __ __ __ _| |      / /          
|_|    \__ __ __\  |_|               /_/                   \_\   /_ __ __ __ ___|      \/             team

Attachement du package : ‘Rfast’

Les objets suivants sont masqués depuis ‘package:robustbase’:

    colMedians, rowMedians

L'objet suivant est masqué depuis ‘package:data.table’:

    transpose

Le chargement a nécessité le package : lattice

Attachement du package : ‘plotly’

L'objet suivant est masqué depuis ‘package:ggplot2’:

    last_plot

L'objet suivant est masqué depuis ‘package:MASS’:

    select

L'objet suivant est masqué depuis ‘package:stats’:

    filter

L'objet suivant est masqué depuis ‘package:graphics’:

    layout


Attachement du package : ‘dplyr’

L'objet suivant est masqué depuis ‘package:Rfast’:

    nth

Les objets suivants sont masqués depuis ‘package:data.table’:

    between, first, last

L'objet suivant est masqué depuis ‘package:MASS’:

    select

Les objets suivants sont masqués depuis ‘package:stats’:

    filter, lag

Les objets suivants sont masqués depuis ‘package:base’:

    intersect, setdiff, setequal, union


Attachement du package : ‘kernlab’

L'objet suivant est masqué depuis ‘package:ggplot2’:

    alpha

Le chargement a nécessité le package : corpcor

Attachement du package : ‘corpcor’

L'objet suivant est masqué depuis ‘package:matrixcalc’:

    is.positive.definite

Loaded glmnet 4.1-8

Loaded mixOmics 6.31.5
Thank you for using mixOmics!
Tutorials: http://mixomics.org
Bookdown vignette: https://mixomicsteam.github.io/Bookdown
Questions, issues: Follow the prompts at http://mixomics.org/contact-us
Cite us:  citation('mixOmics')

[1] "kernel: linear"
[1] "trait: anthesis.silking.interval"
                RF_wiser SVR_wiser GBLUP_wiser RKHS_wiser LASSO_wiser
gp_scenario_1      0.640      0.63       0.570       0.61        0.66
gp_scenario_2      0.730      0.72       0.680       0.71        0.61
gp_scenario_3      0.700      0.71       0.680       0.71        0.64
gp_scenario_4      0.620      0.68       0.680       0.68        0.65
gp_scenario_5      0.570      0.65       0.640       0.67        0.68
gp_scenario_6      0.660      0.65       0.620       0.64        0.59
gp_scenario_7      0.650      0.71       0.690       0.71        0.71
gp_scenario_8      0.710      0.75       0.740       0.75        0.72
gp_scenario_9      0.660      0.67       0.620       0.66        0.69
gp_scenario_10     0.630      0.62       0.550       0.61        0.64
gp_scenario_11     0.690      0.74       0.700       0.73        0.65
gp_scenario_12     0.680      0.70       0.680       0.70        0.72
gp_scenario_13     0.670      0.66       0.620       0.65        0.72
gp_scenario_14     0.540      0.57       0.560       0.58        0.59
gp_scenario_15     0.630      0.69       0.680       0.69        0.55
gp_scenario_16     0.510      0.55       0.510       0.53        0.62
gp_scenario_17     0.520      0.60       0.570       0.59        0.48
gp_scenario_18     0.720      0.69       0.620       0.67        0.68
gp_scenario_19     0.710      0.74       0.700       0.73        0.69
gp_scenario_20     0.680      0.69       0.680       0.69        0.74
gp_scenario_21     0.720      0.74       0.710       0.72        0.69
gp_scenario_22     0.630      0.73       0.710       0.75        0.70
gp_scenario_23     0.620      0.68       0.680       0.69        0.68
gp_scenario_24     0.650      0.65       0.630       0.64        0.65
gp_scenario_25     0.630      0.67       0.640       0.67        0.60
gp_scenario_26     0.650      0.65       0.620       0.65        0.67
gp_scenario_27     0.680      0.71       0.690       0.70        0.68
gp_scenario_28     0.660      0.70       0.650       0.71        0.71
gp_scenario_29     0.660      0.68       0.650       0.67        0.63
gp_scenario_30     0.600      0.65       0.620       0.64        0.66
gp_scenario_31     0.640      0.69       0.660       0.69        0.73
gp_scenario_32     0.790      0.79       0.750       0.78        0.78
gp_scenario_33     0.620      0.61       0.600       0.61        0.59
gp_scenario_34     0.650      0.69       0.660       0.70        0.72
gp_scenario_35     0.640      0.66       0.600       0.65        0.63
gp_scenario_36     0.660      0.70       0.660       0.69        0.73
gp_scenario_37     0.800      0.79       0.790       0.80        0.78
gp_scenario_38     0.680      0.73       0.690       0.72        0.71
gp_scenario_39     0.590      0.61       0.580       0.62        0.60
gp_scenario_40     0.600      0.63       0.600       0.63        0.66
gp_scenario_41     0.650      0.72       0.720       0.74        0.72
gp_scenario_42     0.720      0.76       0.730       0.76        0.73
gp_scenario_43     0.600      0.59       0.570       0.59        0.63
gp_scenario_44     0.710      0.72       0.630       0.69        0.70
gp_scenario_45     0.700      0.73       0.740       0.74        0.70
gp_scenario_46     0.680      0.73       0.680       0.71        0.62
gp_scenario_47     0.710      0.72       0.660       0.69        0.64
gp_scenario_48     0.640      0.67       0.670       0.69        0.66
gp_scenario_49     0.650      0.63       0.600       0.61        0.68
gp_scenario_50     0.670      0.68       0.650       0.69        0.68
gp_scenario_51     0.590      0.66       0.680       0.66        0.63
gp_scenario_52     0.680      0.72       0.630       0.71        0.67
gp_scenario_53     0.620      0.67       0.640       0.66        0.65
gp_scenario_54     0.630      0.64       0.630       0.65        0.61
gp_scenario_55     0.650      0.71       0.680       0.70        0.55
gp_scenario_56     0.680      0.72       0.720       0.72        0.69
gp_scenario_57     0.670      0.69       0.660       0.69        0.69
gp_scenario_58     0.780      0.83       0.790       0.83        0.79
gp_scenario_59     0.510      0.62       0.630       0.62        0.58
gp_scenario_60     0.620      0.64       0.590       0.61        0.64
gp_scenario_61     0.650      0.71       0.680       0.70        0.68
gp_scenario_62     0.710      0.72       0.700       0.71        0.77
gp_scenario_63     0.630      0.65       0.630       0.66        0.70
gp_scenario_64     0.640      0.69       0.660       0.69        0.74
gp_scenario_65     0.670      0.68       0.650       0.68        0.63
gp_scenario_66     0.550      0.57       0.520       0.56        0.59
gp_scenario_67     0.640      0.71       0.680       0.72        0.68
gp_scenario_68     0.570      0.61       0.570       0.60        0.57
gp_scenario_69     0.700      0.74       0.720       0.76        0.70
gp_scenario_70     0.670      0.71       0.710       0.71        0.69
gp_scenario_71     0.680      0.74       0.710       0.74        0.66
gp_scenario_72     0.630      0.70       0.660       0.70        0.60
gp_scenario_73     0.640      0.65       0.640       0.65        0.68
gp_scenario_74     0.590      0.61       0.570       0.59        0.58
gp_scenario_75     0.740      0.73       0.720       0.73        0.75
gp_scenario_76     0.520      0.64       0.630       0.66        0.56
gp_scenario_77     0.730      0.75       0.750       0.76        0.64
gp_scenario_78     0.710      0.74       0.730       0.75        0.70
gp_scenario_79     0.610      0.65       0.590       0.63        0.56
gp_scenario_80     0.650      0.67       0.610       0.66        0.63
gp_scenario_81     0.610      0.64       0.610       0.63        0.56
gp_scenario_82     0.630      0.68       0.680       0.68        0.70
gp_scenario_83     0.750      0.74       0.700       0.74        0.73
gp_scenario_84     0.490      0.52       0.510       0.52        0.42
gp_scenario_85     0.780      0.80       0.760       0.79        0.76
gp_scenario_86     0.730      0.72       0.660       0.71        0.73
gp_scenario_87     0.640      0.71       0.690       0.71        0.68
gp_scenario_88     0.520      0.58       0.590       0.59        0.52
gp_scenario_89     0.660      0.66       0.640       0.66        0.68
gp_scenario_90     0.640      0.69       0.680       0.69        0.67
gp_scenario_91     0.730      0.77       0.750       0.77        0.71
gp_scenario_92     0.700      0.66       0.620       0.64        0.73
gp_scenario_93     0.690      0.70       0.630       0.70        0.72
gp_scenario_94     0.640      0.68       0.620       0.68        0.65
gp_scenario_95     0.640      0.67       0.660       0.68        0.64
gp_scenario_96     0.660      0.70       0.700       0.71        0.72
gp_scenario_97     0.730      0.72       0.680       0.71        0.67
gp_scenario_98     0.720      0.75       0.720       0.75        0.68
gp_scenario_99     0.680      0.73       0.700       0.72        0.72
gp_scenario_100    0.480      0.53       0.480       0.54        0.59
pa_median          0.650      0.69       0.660       0.69        0.68
pa_iqr             0.062      0.07       0.072       0.06        0.08
                RF_ls_means SVR_ls_means GBLUP_ls_means RKHS_ls_means
gp_scenario_1          0.38         0.37          0.340          0.37
gp_scenario_2          0.41         0.21          0.085          0.19
gp_scenario_3          0.49         0.51          0.420          0.49
gp_scenario_4          0.36         0.34          0.290          0.30
gp_scenario_5          0.48         0.49          0.490          0.49
gp_scenario_6          0.46         0.38          0.330          0.37
gp_scenario_7          0.50         0.53          0.490          0.50
gp_scenario_8          0.47         0.51          0.460          0.49
gp_scenario_9          0.48         0.43          0.390          0.44
gp_scenario_10         0.38         0.36          0.260          0.32
gp_scenario_11         0.38         0.40          0.330          0.37
gp_scenario_12         0.40         0.40          0.400          0.39
gp_scenario_13         0.41         0.39          0.250          0.30
gp_scenario_14         0.44         0.42          0.390          0.41
gp_scenario_15         0.39         0.45          0.450          0.46
gp_scenario_16         0.53         0.50          0.370          0.49
gp_scenario_17         0.16         0.24          0.190          0.22
gp_scenario_18         0.46         0.38          0.250          0.35
gp_scenario_19         0.54         0.53          0.500          0.51
gp_scenario_20         0.23         0.25          0.190          0.24
gp_scenario_21         0.50         0.45          0.440          0.43
gp_scenario_22         0.56         0.56          0.500          0.59
gp_scenario_23         0.49         0.52          0.470          0.48
gp_scenario_24         0.49         0.44          0.380          0.42
gp_scenario_25         0.29         0.26          0.220          0.27
gp_scenario_26         0.41         0.38          0.290          0.37
gp_scenario_27         0.63         0.56          0.530          0.58
gp_scenario_28         0.51         0.42          0.290          0.39
gp_scenario_29         0.33         0.29          0.260          0.25
gp_scenario_30         0.30         0.30          0.240          0.30
gp_scenario_31         0.56         0.57          0.600          0.54
gp_scenario_32         0.57         0.53          0.450          0.55
gp_scenario_33         0.30         0.30          0.250          0.28
gp_scenario_34         0.51         0.40          0.250          0.35
gp_scenario_35         0.32         0.35          0.360          0.37
gp_scenario_36         0.59         0.59          0.520          0.59
gp_scenario_37         0.32         0.29          0.230          0.26
gp_scenario_38         0.46         0.42          0.410          0.44
gp_scenario_39         0.44         0.49          0.470          0.48
gp_scenario_40         0.24         0.30          0.270          0.29
gp_scenario_41         0.51         0.50          0.460          0.50
gp_scenario_42         0.54         0.51          0.470          0.50
gp_scenario_43         0.36         0.31          0.260          0.29
gp_scenario_44         0.48         0.43          0.330          0.43
gp_scenario_45         0.44         0.48          0.470          0.47
gp_scenario_46         0.43         0.48          0.470          0.45
gp_scenario_47         0.52         0.45          0.350          0.39
gp_scenario_48         0.46         0.49          0.460          0.50
gp_scenario_49         0.41         0.34          0.310          0.34
gp_scenario_50         0.40         0.33          0.190          0.35
gp_scenario_51         0.35         0.38          0.370          0.36
gp_scenario_52         0.41         0.41          0.290          0.40
gp_scenario_53         0.53         0.51          0.440          0.48
gp_scenario_54         0.27         0.26          0.260          0.25
gp_scenario_55         0.50         0.46          0.410          0.46
gp_scenario_56         0.46         0.41          0.370          0.41
gp_scenario_57         0.33         0.30          0.240          0.29
gp_scenario_58         0.64         0.63          0.540          0.63
gp_scenario_59         0.49         0.52          0.450          0.48
gp_scenario_60         0.37         0.31          0.180          0.27
gp_scenario_61         0.39         0.37          0.270          0.36
gp_scenario_62         0.59         0.56          0.490          0.56
gp_scenario_63         0.45         0.49          0.470          0.47
gp_scenario_64         0.45         0.41          0.340          0.40
gp_scenario_65         0.25         0.25          0.220          0.23
gp_scenario_66         0.43         0.37          0.280          0.35
gp_scenario_67         0.38         0.41          0.320          0.41
gp_scenario_68         0.42         0.40          0.370          0.39
gp_scenario_69         0.39         0.37          0.340          0.38
gp_scenario_70         0.41         0.43          0.450          0.37
gp_scenario_71         0.43         0.51          0.470          0.49
gp_scenario_72         0.47         0.44          0.400          0.42
gp_scenario_73         0.33         0.36          0.330          0.35
gp_scenario_74         0.32         0.31          0.250          0.29
gp_scenario_75         0.47         0.39          0.260          0.33
gp_scenario_76         0.54         0.54          0.500          0.54
gp_scenario_77         0.45         0.45          0.370          0.44
gp_scenario_78         0.47         0.48          0.450          0.49
gp_scenario_79         0.39         0.36          0.300          0.35
gp_scenario_80         0.45         0.47          0.450          0.47
gp_scenario_81         0.30         0.28          0.180          0.23
gp_scenario_82         0.24         0.23          0.190          0.22
gp_scenario_83         0.56         0.59          0.550          0.54
gp_scenario_84         0.37         0.41          0.370          0.40
gp_scenario_85         0.49         0.39          0.270          0.34
gp_scenario_86         0.59         0.50          0.370          0.48
gp_scenario_87         0.37         0.34          0.290          0.34
gp_scenario_88         0.32         0.27          0.220          0.24
gp_scenario_89         0.44         0.49          0.510          0.46
gp_scenario_90         0.34         0.33          0.260          0.31
gp_scenario_91         0.53         0.53          0.450          0.50
gp_scenario_92         0.46         0.42          0.370          0.41
gp_scenario_93         0.47         0.41          0.360          0.43
gp_scenario_94         0.58         0.53          0.450          0.53
gp_scenario_95         0.32         0.38          0.410          0.37
gp_scenario_96         0.57         0.56          0.540          0.58
gp_scenario_97         0.27         0.28          0.220          0.24
gp_scenario_98         0.51         0.50          0.400          0.48
gp_scenario_99         0.43         0.42          0.390          0.40
gp_scenario_100        0.33         0.38          0.360          0.38
pa_median              0.44         0.41          0.370          0.40
pa_iqr                 0.12         0.13          0.180          0.14
                LASSO_ls_means RF_blups SVR_blups GBLUP_blups RKHS_blups
gp_scenario_1             0.24     0.41      0.38       0.340       0.37
gp_scenario_2             0.29     0.43      0.23       0.082       0.19
gp_scenario_3             0.44     0.50      0.50       0.420       0.49
gp_scenario_4             0.34     0.33      0.34       0.280       0.29
gp_scenario_5             0.50     0.46      0.48       0.490       0.49
gp_scenario_6             0.43     0.51      0.38       0.330       0.37
gp_scenario_7             0.46     0.49      0.52       0.480       0.50
gp_scenario_8             0.41     0.49      0.49       0.460       0.49
gp_scenario_9             0.40     0.49      0.44       0.400       0.44
gp_scenario_10            0.35     0.37      0.39       0.270       0.33
gp_scenario_11            0.51     0.43      0.41       0.340       0.38
gp_scenario_12            0.39     0.39      0.40       0.400       0.39
gp_scenario_13            0.45     0.42      0.41       0.240       0.30
gp_scenario_14            0.34     0.44      0.42       0.380       0.41
gp_scenario_15            0.27     0.37      0.44       0.450       0.46
gp_scenario_16            0.57     0.54      0.51       0.370       0.48
gp_scenario_17            0.10     0.19      0.24       0.180       0.22
gp_scenario_18            0.21     0.44      0.40       0.270       0.36
gp_scenario_19            0.55     0.53      0.53       0.500       0.52
gp_scenario_20            0.29     0.26      0.26       0.210       0.25
gp_scenario_21            0.31     0.45      0.45       0.440       0.43
gp_scenario_22            0.50     0.56      0.56       0.500       0.59
gp_scenario_23            0.34     0.48      0.50       0.460       0.48
gp_scenario_24            0.49     0.46      0.44       0.390       0.42
gp_scenario_25            0.22     0.32      0.26       0.210       0.26
gp_scenario_26            0.39     0.42      0.40       0.290       0.38
gp_scenario_27            0.59     0.63      0.57       0.540       0.58
gp_scenario_28            0.58     0.44      0.43       0.280       0.39
gp_scenario_29            0.39     0.34      0.29       0.260       0.25
gp_scenario_30            0.30     0.31      0.31       0.230       0.29
gp_scenario_31            0.55     0.54      0.56       0.590       0.54
gp_scenario_32            0.61     0.59      0.54       0.440       0.54
gp_scenario_33            0.23     0.31      0.30       0.260       0.29
gp_scenario_34            0.51     0.50      0.41       0.230       0.34
gp_scenario_35            0.29     0.31      0.36       0.380       0.38
gp_scenario_36            0.60     0.58      0.59       0.520       0.58
gp_scenario_37            0.29     0.30      0.29       0.220       0.26
gp_scenario_38            0.46     0.46      0.42       0.410       0.44
gp_scenario_39            0.46     0.45      0.47       0.460       0.48
gp_scenario_40            0.33     0.26      0.31       0.270       0.29
gp_scenario_41            0.43     0.51      0.50       0.470       0.51
gp_scenario_42            0.55     0.50      0.53       0.470       0.50
gp_scenario_43            0.37     0.33      0.30       0.270       0.29
gp_scenario_44            0.46     0.49      0.44       0.320       0.43
gp_scenario_45            0.44     0.43      0.47       0.480       0.47
gp_scenario_46            0.43     0.45      0.46       0.460       0.45
gp_scenario_47            0.52     0.51      0.44       0.350       0.39
gp_scenario_48            0.38     0.49      0.49       0.450       0.50
gp_scenario_49            0.47     0.44      0.35       0.310       0.34
gp_scenario_50            0.48     0.43      0.33       0.210       0.35
gp_scenario_51            0.29     0.36      0.38       0.370       0.36
gp_scenario_52            0.39     0.43      0.43       0.300       0.41
gp_scenario_53            0.43     0.50      0.49       0.440       0.48
gp_scenario_54            0.15     0.25      0.25       0.250       0.25
gp_scenario_55            0.49     0.52      0.46       0.410       0.46
gp_scenario_56            0.41     0.45      0.40       0.360       0.40
gp_scenario_57            0.36     0.35      0.30       0.240       0.30
gp_scenario_58            0.54     0.65      0.63       0.530       0.63
gp_scenario_59            0.52     0.48      0.50       0.450       0.48
gp_scenario_60            0.41     0.39      0.34       0.190       0.28
gp_scenario_61            0.40     0.40      0.39       0.280       0.36
gp_scenario_62            0.61     0.57      0.58       0.500       0.56
gp_scenario_63            0.40     0.47      0.47       0.470       0.47
gp_scenario_64            0.44     0.46      0.42       0.330       0.40
gp_scenario_65            0.29     0.25      0.24       0.220       0.24
gp_scenario_66            0.44     0.39      0.36       0.280       0.35
gp_scenario_67            0.31     0.40      0.41       0.310       0.40
gp_scenario_68            0.42     0.43      0.42       0.380       0.39
gp_scenario_69            0.37     0.38      0.36       0.330       0.37
gp_scenario_70            0.36     0.41      0.43       0.450       0.37
gp_scenario_71            0.47     0.45      0.51       0.470       0.49
gp_scenario_72            0.41     0.47      0.44       0.410       0.42
gp_scenario_73            0.34     0.37      0.35       0.330       0.36
gp_scenario_74            0.29     0.34      0.33       0.260       0.30
gp_scenario_75            0.49     0.51      0.41       0.260       0.33
gp_scenario_76            0.61     0.53      0.54       0.500       0.54
gp_scenario_77            0.34     0.47      0.45       0.370       0.44
gp_scenario_78            0.33     0.49      0.49       0.440       0.49
gp_scenario_79            0.39     0.38      0.36       0.290       0.34
gp_scenario_80            0.45     0.47      0.47       0.450       0.48
gp_scenario_81            0.21     0.27      0.26       0.180       0.23
gp_scenario_82            0.17     0.24      0.24       0.190       0.22
gp_scenario_83            0.48     0.57      0.56       0.530       0.53
gp_scenario_84            0.40     0.36      0.42       0.370       0.39
gp_scenario_85            0.32     0.49      0.40       0.280       0.35
gp_scenario_86            0.58     0.61      0.52       0.380       0.48
gp_scenario_87            0.48     0.39      0.35       0.290       0.34
gp_scenario_88            0.33     0.31      0.26       0.210       0.24
gp_scenario_89            0.42     0.45      0.47       0.500       0.45
gp_scenario_90            0.33     0.35      0.32       0.250       0.31
gp_scenario_91            0.59     0.53      0.53       0.450       0.50
gp_scenario_92            0.44     0.45      0.43       0.360       0.40
gp_scenario_93            0.55     0.47      0.41       0.360       0.43
gp_scenario_94            0.44     0.58      0.54       0.440       0.52
gp_scenario_95            0.32     0.30      0.37       0.400       0.37
gp_scenario_96            0.55     0.58      0.54       0.530       0.57
gp_scenario_97            0.24     0.26      0.28       0.220       0.24
gp_scenario_98            0.44     0.51      0.49       0.400       0.48
gp_scenario_99            0.50     0.44      0.43       0.390       0.41
gp_scenario_100           0.50     0.35      0.37       0.370       0.38
pa_median                 0.42     0.44      0.42       0.370       0.40
pa_iqr                    0.16     0.12      0.13       0.180       0.14
                LASSO_blups RF_blups_pca SVR_blups_pca GBLUP_blups_pca
gp_scenario_1          0.26       0.0028        0.0200          0.0750
gp_scenario_2          0.22      -0.1500       -0.2400         -0.2300
gp_scenario_3          0.44       0.2200        0.2100          0.1500
gp_scenario_4          0.35       0.2700        0.1600          0.0940
gp_scenario_5          0.44       0.3200        0.2400          0.2800
gp_scenario_6          0.43       0.1800        0.0270          0.0370
gp_scenario_7          0.49       0.3300        0.3600          0.3200
gp_scenario_8          0.42       0.1600        0.1700          0.2000
gp_scenario_9          0.39       0.2100        0.1600          0.1800
gp_scenario_10         0.35       0.2700        0.2200          0.0810
gp_scenario_11         0.50       0.0870        0.0110         -0.0069
gp_scenario_12         0.38       0.2700        0.2700          0.2800
gp_scenario_13         0.43      -0.1400       -0.0700         -0.0720
gp_scenario_14         0.36       0.1900        0.2400          0.1800
gp_scenario_15         0.28       0.1000        0.2100          0.2600
gp_scenario_16         0.57       0.2500        0.0430          0.0230
gp_scenario_17         0.20      -0.0160       -0.0056          0.0200
gp_scenario_18         0.33       0.1600        0.1300          0.0560
gp_scenario_19         0.55       0.2100        0.2500          0.2700
gp_scenario_20         0.33      -0.1000       -0.0820         -0.1500
gp_scenario_21         0.39       0.0900        0.2100          0.2200
gp_scenario_22         0.53       0.0730        0.1300          0.2100
gp_scenario_23         0.37       0.1800        0.2500          0.2500
gp_scenario_24         0.46       0.2200        0.1200          0.0670
gp_scenario_25         0.25       0.1400        0.0340          0.0120
gp_scenario_26         0.45       0.1400        0.0260         -0.0097
gp_scenario_27         0.60       0.4400        0.3500          0.3300
gp_scenario_28         0.62      -0.0410       -0.0530         -0.0680
gp_scenario_29         0.37      -0.0110        0.0092          0.0079
gp_scenario_30         0.29       0.1200        0.1300          0.0560
gp_scenario_31         0.55       0.4800        0.4600          0.4800
gp_scenario_32         0.61      -0.0120        0.0560          0.0600
gp_scenario_33         0.23       0.0680        0.0450          0.0550
gp_scenario_34         0.53      -0.0510       -0.0120         -0.0840
gp_scenario_35         0.31      -0.0330        0.0610          0.1500
gp_scenario_36         0.60       0.1800        0.2100          0.2000
gp_scenario_37         0.21      -0.1000       -0.1700         -0.1200
gp_scenario_38         0.44       0.2200        0.1500          0.1700
gp_scenario_39         0.46       0.1500        0.1900          0.2500
gp_scenario_40         0.26       0.1300        0.1100          0.1100
gp_scenario_41         0.47       0.1500        0.1900          0.1700
gp_scenario_42         0.56       0.1200        0.2400          0.2200
gp_scenario_43         0.25       0.0230       -0.0360         -0.0084
gp_scenario_44         0.48       0.2400        0.1400          0.0690
gp_scenario_45         0.47       0.3000        0.3000          0.3200
gp_scenario_46         0.42       0.2600        0.2400          0.2400
gp_scenario_47         0.51       0.1100        0.1000          0.0820
gp_scenario_48         0.42       0.3200        0.1900          0.2000
gp_scenario_49         0.45       0.2000        0.1000          0.0730
gp_scenario_50         0.49      -0.0350       -0.2500         -0.1900
gp_scenario_51         0.26      -0.0120        0.0600          0.1500
gp_scenario_52         0.29      -0.1000       -0.0540         -0.1400
gp_scenario_53         0.43       0.1100        0.1000          0.1100
gp_scenario_54         0.19       0.1200        0.1500          0.1700
gp_scenario_55         0.50       0.2300        0.1600          0.1700
gp_scenario_56         0.40       0.2000        0.0840          0.1200
gp_scenario_57         0.37       0.0740        0.0390          0.0610
gp_scenario_58         0.55       0.2900        0.3100          0.2800
gp_scenario_59         0.49       0.3600        0.3500          0.3000
gp_scenario_60         0.47       0.0450       -0.0350         -0.1600
gp_scenario_61         0.41       0.1600        0.0300         -0.0540
gp_scenario_62         0.61       0.3200        0.3400          0.2700
gp_scenario_63         0.41       0.1800        0.1800          0.2100
gp_scenario_64         0.40       0.2700        0.1800          0.1300
gp_scenario_65         0.30      -0.0550       -0.0032          0.0520
gp_scenario_66         0.46       0.0300        0.0190         -0.0430
gp_scenario_67         0.29       0.0520        0.0880          0.0430
gp_scenario_68         0.48      -0.0800       -0.0026          0.0190
gp_scenario_69         0.38       0.1500        0.0950          0.1500
gp_scenario_70         0.34       0.2500        0.2600          0.3000
gp_scenario_71         0.47       0.2900        0.3000          0.2400
gp_scenario_72         0.39       0.3500        0.2600          0.2400
gp_scenario_73         0.35       0.1500        0.0850          0.1100
gp_scenario_74         0.29       0.1400        0.0650         -0.0065
gp_scenario_75         0.50      -0.1600       -0.1300         -0.1500
gp_scenario_76         0.59       0.3600        0.3400          0.3300
gp_scenario_77         0.36       0.2400        0.2000          0.1500
gp_scenario_78         0.32       0.1300        0.2100          0.2200
gp_scenario_79         0.39       0.3300        0.2300          0.1200
gp_scenario_80         0.46       0.0530        0.1100          0.1500
gp_scenario_81         0.19       0.0160       -0.0340         -0.0370
gp_scenario_82         0.11      -0.2200       -0.1800         -0.1200
gp_scenario_83         0.46       0.3000        0.3400          0.3300
gp_scenario_84         0.41       0.2100        0.2000          0.1500
gp_scenario_85         0.34      -0.2300       -0.2300         -0.2600
gp_scenario_86         0.58       0.0530        0.0230          0.0066
gp_scenario_87         0.49       0.0950        0.0830          0.0740
gp_scenario_88         0.33       0.0160       -0.0510         -0.0240
gp_scenario_89         0.43       0.2100        0.1900          0.2800
gp_scenario_90         0.31       0.0560        0.0057          0.0094
gp_scenario_91         0.60       0.1200        0.0700          0.0550
gp_scenario_92         0.38       0.2300        0.1700          0.1800
gp_scenario_93         0.51       0.1400        0.0350          0.0430
gp_scenario_94         0.41       0.2600        0.2400          0.2200
gp_scenario_95         0.33       0.3000        0.2500          0.2600
gp_scenario_96         0.54       0.1600        0.0550          0.1500
gp_scenario_97         0.17       0.0670       -0.0120          0.0039
gp_scenario_98         0.44       0.1100        0.1200          0.0830
gp_scenario_99         0.50       0.0950        0.0910          0.1100
gp_scenario_100        0.49       0.2700        0.2900          0.2900
pa_median              0.42       0.1500        0.1200          0.1100
pa_iqr                 0.16       0.1900        0.1800          0.2000
                RKHS_blups_pca LASSO_blups_pca
gp_scenario_1         -0.11000         -0.0960
gp_scenario_2         -0.24000         -0.0490
gp_scenario_3          0.15000          0.0350
gp_scenario_4         -0.05200              NA
gp_scenario_5          0.09100              NA
gp_scenario_6          0.02700          0.0660
gp_scenario_7          0.11000          0.0670
gp_scenario_8          0.00450          0.1400
gp_scenario_9          0.08600              NA
gp_scenario_10         0.14000          0.2800
gp_scenario_11        -0.03500          0.2300
gp_scenario_12         0.06700              NA
gp_scenario_13        -0.07500         -0.0990
gp_scenario_14         0.06000         -0.0140
gp_scenario_15         0.02100         -0.0940
gp_scenario_16         0.05000              NA
gp_scenario_17        -0.11000         -0.1500
gp_scenario_18         0.06800          0.0110
gp_scenario_19         0.00800              NA
gp_scenario_20        -0.09000         -0.1100
gp_scenario_21        -0.05200          0.1400
gp_scenario_22        -0.06300              NA
gp_scenario_23         0.08100         -0.0290
gp_scenario_24         0.02600          0.1600
gp_scenario_25         0.01000              NA
gp_scenario_26         0.01500          0.1500
gp_scenario_27         0.25000              NA
gp_scenario_28        -0.14000         -0.0017
gp_scenario_29        -0.08400          0.0910
gp_scenario_30         0.11000          0.1400
gp_scenario_31         0.27000          0.2500
gp_scenario_32        -0.04800          0.0510
gp_scenario_33        -0.02600         -0.0320
gp_scenario_34        -0.08400         -0.0230
gp_scenario_35         0.06200         -0.0088
gp_scenario_36         0.17000              NA
gp_scenario_37        -0.19000              NA
gp_scenario_38        -0.04300              NA
gp_scenario_39         0.03600          0.2100
gp_scenario_40         0.00840          0.1700
gp_scenario_41        -0.03100              NA
gp_scenario_42         0.04500              NA
gp_scenario_43        -0.05600          0.0390
gp_scenario_44        -0.01200         -0.0310
gp_scenario_45         0.15000          0.1100
gp_scenario_46        -0.00059         -0.0710
gp_scenario_47         0.01800              NA
gp_scenario_48         0.15000              NA
gp_scenario_49         0.07800              NA
gp_scenario_50        -0.18000          0.0083
gp_scenario_51        -0.14000         -0.1400
gp_scenario_52        -0.11000         -0.1200
gp_scenario_53         0.13000          0.0270
gp_scenario_54         0.08900         -0.1500
gp_scenario_55         0.04100              NA
gp_scenario_56         0.08300              NA
gp_scenario_57         0.02600          0.0940
gp_scenario_58         0.12000              NA
gp_scenario_59         0.23000          0.1100
gp_scenario_60        -0.13000              NA
gp_scenario_61         0.02200              NA
gp_scenario_62         0.27000              NA
gp_scenario_63         0.00660          0.0130
gp_scenario_64         0.14000          0.2200
gp_scenario_65        -0.07200          0.0420
gp_scenario_66         0.01100              NA
gp_scenario_67        -0.02000         -0.0870
gp_scenario_68        -0.04400          0.0085
gp_scenario_69         0.06000          0.1300
gp_scenario_70        -0.05800          0.0810
gp_scenario_71         0.19000         -0.0075
gp_scenario_72         0.02500              NA
gp_scenario_73        -0.13000          0.1500
gp_scenario_74        -0.03100          0.0820
gp_scenario_75        -0.16000         -0.0360
gp_scenario_76         0.22000              NA
gp_scenario_77         0.14000          0.0740
gp_scenario_78         0.18000         -0.0430
gp_scenario_79         0.13000              NA
gp_scenario_80        -0.08100          0.0290
gp_scenario_81        -0.13000         -0.1700
gp_scenario_82        -0.15000         -0.2100
gp_scenario_83         0.05800          0.0970
gp_scenario_84        -0.04100              NA
gp_scenario_85        -0.24000         -0.1700
gp_scenario_86         0.01600          0.0200
gp_scenario_87         0.05000          0.0940
gp_scenario_88        -0.12000              NA
gp_scenario_89        -0.02700              NA
gp_scenario_90        -0.05300          0.0250
gp_scenario_91         0.04600          0.2700
gp_scenario_92         0.11000              NA
gp_scenario_93         0.03100          0.1800
gp_scenario_94         0.01900          0.1100
gp_scenario_95         0.06600              NA
gp_scenario_96         0.07800              NA
gp_scenario_97        -0.07700         -0.0310
gp_scenario_98         0.14000         -0.1800
gp_scenario_99        -0.02800          0.0850
gp_scenario_100        0.20000          0.3800
pa_median              0.01800          0.0290
pa_iqr                 0.14000          0.1400
                GBLUP_wiser GBLUP_ls_means GBLUP_blups GBLUP_blups_pca
gp_scenario_1          0.82           0.60        0.61         0.00190
gp_scenario_2          0.83           0.76        0.76         0.58000
gp_scenario_3          0.87           0.65        0.66         0.00300
gp_scenario_4          0.78           0.66        0.67         0.03900
gp_scenario_5          0.80           0.63        0.65         0.00180
gp_scenario_6          0.83           0.72        0.72         0.43000
gp_scenario_7          0.84           0.59        0.60         0.00170
gp_scenario_8          0.78           0.56        0.57         0.00150
gp_scenario_9          0.84           0.61        0.62         0.00190
gp_scenario_10         0.81           0.73        0.73         0.00620
gp_scenario_11         0.80           0.68        0.68         0.06300
gp_scenario_12         0.82           0.63        0.64         0.00130
gp_scenario_13         0.84           0.85        0.85         0.77000
gp_scenario_14         0.86           0.60        0.61         0.00180
gp_scenario_15         0.79           0.58        0.57         0.00087
gp_scenario_16         0.92           0.68        0.69         0.02300
gp_scenario_17         0.77           0.60        0.61         0.00230
gp_scenario_18         0.83           0.67        0.67         0.00960
gp_scenario_19         0.85           0.60        0.60         0.00200
gp_scenario_20         0.80           0.80        0.81         0.58000
gp_scenario_21         0.90           0.65        0.66         0.00190
gp_scenario_22         0.78           0.57        0.58         0.00130
gp_scenario_23         0.80           0.60        0.60         0.00280
gp_scenario_24         0.80           0.66        0.67         0.24000
gp_scenario_25         0.81           0.66        0.68         0.00410
gp_scenario_26         0.80           0.68        0.69         0.00420
gp_scenario_27         0.84           0.58        0.58         0.00085
gp_scenario_28         0.79           0.67        0.67         0.35000
gp_scenario_29         0.85           0.68        0.70         0.45000
gp_scenario_30         0.83           0.74        0.75         0.01400
gp_scenario_31         0.81           0.46        0.48         0.00046
gp_scenario_32         0.83           0.56        0.57         0.00390
gp_scenario_33         0.86           0.71        0.72         0.00570
gp_scenario_34         0.80           0.76        0.78         0.57000
gp_scenario_35         0.82           0.69        0.69         0.02100
gp_scenario_36         0.89           0.60        0.61         0.00330
gp_scenario_37         0.78           0.74        0.75         0.54000
gp_scenario_38         0.85           0.64        0.65         0.00150
gp_scenario_39         0.79           0.55        0.56         0.00093
gp_scenario_40         0.83           0.65        0.66         0.02100
gp_scenario_41         0.78           0.61        0.62         0.00160
gp_scenario_42         0.84           0.66        0.66         0.00210
gp_scenario_43         0.86           0.76        0.76         0.54000
gp_scenario_44         0.85           0.55        0.56         0.00420
gp_scenario_45         0.80           0.62        0.63         0.00130
gp_scenario_46         0.80           0.58        0.59         0.00190
gp_scenario_47         0.85           0.77        0.77         0.42000
gp_scenario_48         0.78           0.61        0.62         0.00230
gp_scenario_49         0.86           0.69        0.70         0.00210
gp_scenario_50         0.82           0.63        0.64         0.01100
gp_scenario_51         0.76           0.59        0.60         0.00400
gp_scenario_52         0.81           0.67        0.67         0.01800
gp_scenario_53         0.86           0.75        0.75         0.09600
gp_scenario_54         0.83           0.67        0.68         0.00330
gp_scenario_55         0.87           0.63        0.64         0.00230
gp_scenario_56         0.86           0.63        0.65         0.00170
gp_scenario_57         0.82           0.70        0.70         0.02700
gp_scenario_58         0.77           0.56        0.58         0.00098
gp_scenario_59         0.77           0.61        0.62         0.00140
gp_scenario_60         0.87           0.73        0.73         0.50000
gp_scenario_61         0.83           0.73        0.73         0.00710
gp_scenario_62         0.80           0.59        0.60         0.00110
gp_scenario_63         0.83           0.55        0.56         0.00180
gp_scenario_64         0.79           0.67        0.69         0.00260
gp_scenario_65         0.84           0.73        0.74         0.47000
gp_scenario_66         0.86           0.72        0.72         0.00610
gp_scenario_67         0.81           0.62        0.64         0.00200
gp_scenario_68         0.89           0.72        0.72         0.45000
gp_scenario_69         0.79           0.66        0.68         0.00410
gp_scenario_70         0.77           0.57        0.57         0.01100
gp_scenario_71         0.79           0.62        0.64         0.00170
gp_scenario_72         0.82           0.59        0.60         0.00110
gp_scenario_73         0.81           0.59        0.59         0.00200
gp_scenario_74         0.90           0.71        0.71         0.39000
gp_scenario_75         0.81           0.81        0.81         0.71000
gp_scenario_76         0.83           0.59        0.60         0.00130
gp_scenario_77         0.79           0.69        0.69         0.00890
gp_scenario_78         0.81           0.64        0.65         0.00170
gp_scenario_79         0.85           0.66        0.68         0.00280
gp_scenario_80         0.83           0.56        0.57         0.00240
gp_scenario_81         0.83           0.66        0.66         0.15000
gp_scenario_82         0.82           0.82        0.82         0.65000
gp_scenario_83         0.78           0.58        0.59         0.00130
gp_scenario_84         0.86           0.56        0.58         0.00160
gp_scenario_85         0.81           0.79        0.79         0.66000
gp_scenario_86         0.86           0.71        0.72         0.01200
gp_scenario_87         0.81           0.70        0.71         0.12000
gp_scenario_88         0.83           0.73        0.73         0.34000
gp_scenario_89         0.80           0.51        0.53         0.00120
gp_scenario_90         0.82           0.67        0.68         0.01900
gp_scenario_91         0.85           0.73        0.73         0.07300
gp_scenario_92         0.89           0.68        0.69         0.00500
gp_scenario_93         0.78           0.65        0.66         0.01400
gp_scenario_94         0.80           0.49        0.49         0.00081
gp_scenario_95         0.81           0.65        0.66         0.00240
gp_scenario_96         0.83           0.64        0.65         0.00270
gp_scenario_97         0.78           0.73        0.73         0.45000
gp_scenario_98         0.84           0.71        0.71         0.00310
gp_scenario_99         0.87           0.66        0.67         0.21000
gp_scenario_100        0.82           0.56        0.57         0.00066
h2_median              0.82           0.66        0.66         0.00400
h2_iqr                 0.05           0.11        0.11         0.06400
