[1] "using maize_env"
Le chargement a nécessité le package : Matrix

Attachement du package : ‘tidyr’

Les objets suivants sont masqués depuis ‘package:Matrix’:

    expand, pack, unpack

Le chargement a nécessité le package : foreach
Le chargement a nécessité le package : iterators
Le chargement a nécessité le package : parallel
Le chargement a nécessité le package : rngtools
This build of rgl does not include OpenGL functions.  Use
 rglwidget() to display results, e.g. via options(rgl.printRglwidget = TRUE).
Le chargement a nécessité le package : Rcpp
Le chargement a nécessité le package : zigg
Le chargement a nécessité le package : RcppParallel

Attachement du package : ‘RcppParallel’

L'objet suivant est masqué depuis ‘package:Rcpp’:

    LdFlags


Rfast: 2.1.5.1
 ___ __ __ __ __    __ __ __ __ __ _             _               __ __ __ __ __     __ __ __ __ __ __   
|  __ __ __ __  |  |  __ __ __ __ _/            / \             |  __ __ __ __ /   /__ __ _   _ __ __\  
| |           | |  | |                         / _ \            | |                        / /          
| |           | |  | |                        / / \ \           | |                       / /          
| |           | |  | |                       / /   \ \          | |                      / /          
| |__ __ __ __| |  | |__ __ __ __           / /     \ \         | |__ __ __ __ _        / /__/\          
|    __ __ __ __|  |  __ __ __ __|         / /__ _ __\ \        |_ __ __ __ _   |      / ___  /           
|   \              | |                    / _ _ _ _ _ _ \                     | |      \/  / /       
| |\ \             | |                   / /           \ \                    | |         / /          
| | \ \            | |                  / /             \ \                   | |        / /          
| |  \ \           | |                 / /               \ \                  | |       / /          
| |   \ \__ __ _   | |                / /                 \ \     _ __ __ __ _| |      / /          
|_|    \__ __ __\  |_|               /_/                   \_\   /_ __ __ __ ___|      \/             team

Attachement du package : ‘Rfast’

Les objets suivants sont masqués depuis ‘package:robustbase’:

    colMedians, rowMedians

L'objet suivant est masqué depuis ‘package:data.table’:

    transpose

Le chargement a nécessité le package : lattice

Attachement du package : ‘plotly’

L'objet suivant est masqué depuis ‘package:ggplot2’:

    last_plot

L'objet suivant est masqué depuis ‘package:MASS’:

    select

L'objet suivant est masqué depuis ‘package:stats’:

    filter

L'objet suivant est masqué depuis ‘package:graphics’:

    layout


Attachement du package : ‘dplyr’

L'objet suivant est masqué depuis ‘package:Rfast’:

    nth

Les objets suivants sont masqués depuis ‘package:data.table’:

    between, first, last

L'objet suivant est masqué depuis ‘package:MASS’:

    select

Les objets suivants sont masqués depuis ‘package:stats’:

    filter, lag

Les objets suivants sont masqués depuis ‘package:base’:

    intersect, setdiff, setequal, union


Attachement du package : ‘kernlab’

L'objet suivant est masqué depuis ‘package:ggplot2’:

    alpha

Le chargement a nécessité le package : corpcor

Attachement du package : ‘corpcor’

L'objet suivant est masqué depuis ‘package:matrixcalc’:

    is.positive.definite

Loaded glmnet 4.1-8

Loaded mixOmics 6.31.5
Thank you for using mixOmics!
Tutorials: http://mixomics.org
Bookdown vignette: https://mixomicsteam.github.io/Bookdown
Questions, issues: Follow the prompts at http://mixomics.org/contact-us
Cite us:  citation('mixOmics')

[1] "kernel: linear"
[1] "trait: grain.yield"
                RF_wiser SVR_wiser GBLUP_wiser RKHS_wiser LASSO_wiser
gp_scenario_1       0.79      0.85       0.850       0.85       0.760
gp_scenario_2       0.80      0.81       0.800       0.80       0.780
gp_scenario_3       0.73      0.74       0.720       0.72       0.700
gp_scenario_4       0.70      0.72       0.730       0.73       0.680
gp_scenario_5       0.62      0.64       0.640       0.64       0.610
gp_scenario_6       0.71      0.72       0.720       0.73       0.680
gp_scenario_7       0.73      0.75       0.750       0.75       0.700
gp_scenario_8       0.75      0.81       0.810       0.82       0.750
gp_scenario_9       0.74      0.73       0.720       0.73       0.690
gp_scenario_10      0.79      0.80       0.800       0.81       0.750
gp_scenario_11      0.78      0.81       0.810       0.81       0.760
gp_scenario_12      0.77      0.75       0.750       0.76       0.710
gp_scenario_13      0.78      0.82       0.810       0.81       0.770
gp_scenario_14      0.77      0.78       0.780       0.79       0.740
gp_scenario_15      0.65      0.71       0.730       0.73       0.650
gp_scenario_16      0.73      0.77       0.750       0.76       0.730
gp_scenario_17      0.72      0.74       0.740       0.74       0.720
gp_scenario_18      0.76      0.82       0.830       0.83       0.830
gp_scenario_19      0.77      0.76       0.770       0.77       0.790
gp_scenario_20      0.67      0.71       0.710       0.71       0.640
gp_scenario_21      0.75      0.77       0.770       0.77       0.740
gp_scenario_22      0.72      0.78       0.810       0.80       0.620
gp_scenario_23      0.73      0.76       0.750       0.76       0.670
gp_scenario_24      0.67      0.69       0.680       0.69       0.590
gp_scenario_25      0.82      0.80       0.780       0.79       0.800
gp_scenario_26      0.73      0.75       0.760       0.76       0.750
gp_scenario_27      0.70      0.72       0.710       0.72       0.710
gp_scenario_28      0.82      0.82       0.790       0.80       0.760
gp_scenario_29      0.74      0.77       0.750       0.75       0.730
gp_scenario_30      0.68      0.70       0.710       0.72       0.670
gp_scenario_31      0.65      0.69       0.690       0.70       0.660
gp_scenario_32      0.67      0.70       0.650       0.66       0.610
gp_scenario_33      0.80      0.78       0.770       0.78       0.750
gp_scenario_34      0.75      0.78       0.780       0.78       0.690
gp_scenario_35      0.72      0.78       0.780       0.78       0.710
gp_scenario_36      0.83      0.86       0.850       0.86       0.820
gp_scenario_37      0.54      0.70       0.680       0.69       0.530
gp_scenario_38      0.75      0.74       0.720       0.73       0.700
gp_scenario_39      0.75      0.80       0.810       0.82       0.760
gp_scenario_40      0.66      0.66       0.660       0.66       0.660
gp_scenario_41      0.68      0.68       0.650       0.66       0.560
gp_scenario_42      0.79      0.79       0.790       0.79       0.720
gp_scenario_43      0.71      0.71       0.710       0.71       0.690
gp_scenario_44      0.79      0.81       0.820       0.82       0.770
gp_scenario_45      0.75      0.77       0.800       0.79       0.740
gp_scenario_46      0.70      0.74       0.740       0.74       0.690
gp_scenario_47      0.78      0.82       0.820       0.82       0.780
gp_scenario_48      0.56      0.65       0.680       0.68       0.530
gp_scenario_49      0.73      0.73       0.730       0.73       0.730
gp_scenario_50      0.81      0.84       0.860       0.86       0.790
gp_scenario_51      0.70      0.76       0.780       0.78       0.740
gp_scenario_52      0.80      0.82       0.820       0.82       0.750
gp_scenario_53      0.78      0.78       0.780       0.78       0.720
gp_scenario_54      0.58      0.61       0.620       0.62       0.570
gp_scenario_55      0.78      0.80       0.780       0.78       0.800
gp_scenario_56      0.80      0.78       0.740       0.75       0.690
gp_scenario_57      0.81      0.84       0.850       0.85       0.760
gp_scenario_58      0.73      0.70       0.690       0.69       0.590
gp_scenario_59      0.78      0.83       0.840       0.84       0.780
gp_scenario_60      0.71      0.70       0.710       0.71       0.680
gp_scenario_61      0.66      0.65       0.640       0.64       0.690
gp_scenario_62      0.68      0.72       0.700       0.70       0.610
gp_scenario_63      0.73      0.76       0.770       0.77       0.690
gp_scenario_64      0.87      0.87       0.890       0.89       0.830
gp_scenario_65      0.73      0.74       0.730       0.73       0.800
gp_scenario_66      0.72      0.78       0.760       0.77       0.720
gp_scenario_67      0.77      0.79       0.800       0.80       0.690
gp_scenario_68      0.76      0.75       0.730       0.74       0.790
gp_scenario_69      0.70      0.71       0.710       0.71       0.640
gp_scenario_70      0.80      0.82       0.820       0.82       0.810
gp_scenario_71      0.60      0.59       0.600       0.60       0.580
gp_scenario_72      0.74      0.78       0.780       0.78       0.690
gp_scenario_73      0.77      0.78       0.800       0.80       0.720
gp_scenario_74      0.82      0.85       0.840       0.84       0.720
gp_scenario_75      0.77      0.76       0.740       0.74       0.710
gp_scenario_76      0.71      0.75       0.770       0.77       0.710
gp_scenario_77      0.76      0.78       0.770       0.78       0.790
gp_scenario_78      0.70      0.73       0.750       0.75       0.660
gp_scenario_79      0.70      0.73       0.740       0.74       0.670
gp_scenario_80      0.79      0.81       0.780       0.78       0.700
gp_scenario_81      0.80      0.82       0.800       0.81       0.800
gp_scenario_82      0.70      0.73       0.770       0.76       0.730
gp_scenario_83      0.78      0.80       0.790       0.79       0.750
gp_scenario_84      0.79      0.77       0.780       0.78       0.800
gp_scenario_85      0.71      0.74       0.730       0.73       0.740
gp_scenario_86      0.81      0.84       0.840       0.84       0.820
gp_scenario_87      0.62      0.63       0.690       0.68       0.610
gp_scenario_88      0.76      0.76       0.760       0.76       0.750
gp_scenario_89      0.83      0.83       0.820       0.82       0.790
gp_scenario_90      0.71      0.69       0.680       0.69       0.660
gp_scenario_91      0.65      0.66       0.630       0.64       0.650
gp_scenario_92      0.69      0.71       0.710       0.71       0.690
gp_scenario_93      0.84      0.83       0.830       0.83       0.800
gp_scenario_94      0.79      0.79       0.800       0.80       0.810
gp_scenario_95      0.68      0.71       0.710       0.71       0.640
gp_scenario_96      0.76      0.79       0.770       0.78       0.690
gp_scenario_97      0.77      0.80       0.800       0.80       0.690
gp_scenario_98      0.81      0.82       0.790       0.80       0.810
gp_scenario_99      0.76      0.79       0.810       0.81       0.780
gp_scenario_100     0.63      0.66       0.700       0.70       0.620
pa_median           0.74      0.76       0.770       0.77       0.720
pa_iqr              0.08      0.08       0.083       0.08       0.083
                RF_ls_means SVR_ls_means GBLUP_ls_means RKHS_ls_means
gp_scenario_1          0.76         0.81           0.78          0.79
gp_scenario_2          0.66         0.66           0.62          0.63
gp_scenario_3          0.62         0.69           0.70          0.71
gp_scenario_4          0.64         0.66           0.65          0.65
gp_scenario_5          0.45         0.49           0.53          0.51
gp_scenario_6          0.69         0.65           0.65          0.66
gp_scenario_7          0.57         0.64           0.60          0.61
gp_scenario_8          0.62         0.67           0.71          0.71
gp_scenario_9          0.57         0.60           0.58          0.59
gp_scenario_10         0.74         0.76           0.76          0.77
gp_scenario_11         0.69         0.71           0.75          0.74
gp_scenario_12         0.65         0.65           0.64          0.64
gp_scenario_13         0.67         0.69           0.66          0.67
gp_scenario_14         0.63         0.66           0.65          0.66
gp_scenario_15         0.52         0.57           0.60          0.60
gp_scenario_16         0.55         0.61           0.56          0.57
gp_scenario_17         0.61         0.58           0.57          0.57
gp_scenario_18         0.68         0.77           0.79          0.79
gp_scenario_19         0.63         0.64           0.66          0.67
gp_scenario_20         0.66         0.75           0.72          0.73
gp_scenario_21         0.62         0.62           0.66          0.66
gp_scenario_22         0.62         0.72           0.72          0.73
gp_scenario_23         0.55         0.64           0.64          0.65
gp_scenario_24         0.61         0.61           0.62          0.62
gp_scenario_25         0.67         0.65           0.63          0.63
gp_scenario_26         0.60         0.62           0.62          0.62
gp_scenario_27         0.62         0.65           0.65          0.66
gp_scenario_28         0.70         0.76           0.73          0.74
gp_scenario_29         0.64         0.69           0.66          0.67
gp_scenario_30         0.56         0.61           0.61          0.61
gp_scenario_31         0.58         0.64           0.71          0.68
gp_scenario_32         0.61         0.62           0.57          0.59
gp_scenario_33         0.66         0.63           0.63          0.63
gp_scenario_34         0.66         0.68           0.68          0.69
gp_scenario_35         0.53         0.70           0.66          0.67
gp_scenario_36         0.82         0.83           0.80          0.81
gp_scenario_37         0.38         0.59           0.63          0.62
gp_scenario_38         0.67         0.68           0.68          0.68
gp_scenario_39         0.68         0.73           0.71          0.71
gp_scenario_40         0.42         0.47           0.49          0.49
gp_scenario_41         0.52         0.51           0.46          0.47
gp_scenario_42         0.67         0.69           0.68          0.69
gp_scenario_43         0.70         0.69           0.69          0.69
gp_scenario_44         0.66         0.73           0.74          0.74
gp_scenario_45         0.64         0.73           0.73          0.74
gp_scenario_46         0.63         0.69           0.71          0.70
gp_scenario_47         0.64         0.73           0.73          0.74
gp_scenario_48         0.34         0.50           0.51          0.52
gp_scenario_49         0.64         0.64           0.67          0.66
gp_scenario_50         0.74         0.73           0.73          0.74
gp_scenario_51         0.66         0.72           0.73          0.74
gp_scenario_52         0.71         0.74           0.73          0.74
gp_scenario_53         0.69         0.72           0.73          0.73
gp_scenario_54         0.52         0.53           0.56          0.55
gp_scenario_55         0.70         0.67           0.67          0.67
gp_scenario_56         0.64         0.63           0.62          0.62
gp_scenario_57         0.70         0.71           0.72          0.71
gp_scenario_58         0.67         0.65           0.68          0.68
gp_scenario_59         0.74         0.77           0.74          0.75
gp_scenario_60         0.53         0.57           0.58          0.58
gp_scenario_61         0.50         0.51           0.55          0.55
gp_scenario_62         0.56         0.59           0.56          0.57
gp_scenario_63         0.60         0.66           0.68          0.68
gp_scenario_64         0.75         0.77           0.78          0.78
gp_scenario_65         0.62         0.65           0.64          0.64
gp_scenario_66         0.71         0.73           0.72          0.73
gp_scenario_67         0.64         0.67           0.69          0.69
gp_scenario_68         0.57         0.61           0.63          0.63
gp_scenario_69         0.55         0.58           0.58          0.58
gp_scenario_70         0.75         0.78           0.77          0.78
gp_scenario_71         0.34         0.41           0.43          0.44
gp_scenario_72         0.63         0.73           0.73          0.73
gp_scenario_73         0.65         0.69           0.75          0.73
gp_scenario_74         0.72         0.76           0.78          0.78
gp_scenario_75         0.73         0.64           0.60          0.61
gp_scenario_76         0.63         0.65           0.68          0.68
gp_scenario_77         0.57         0.64           0.69          0.68
gp_scenario_78         0.60         0.66           0.66          0.66
gp_scenario_79         0.71         0.71           0.73          0.73
gp_scenario_80         0.72         0.73           0.71          0.73
gp_scenario_81         0.67         0.68           0.72          0.71
gp_scenario_82         0.56         0.61           0.60          0.61
gp_scenario_83         0.73         0.74           0.71          0.72
gp_scenario_84         0.68         0.70           0.72          0.72
gp_scenario_85         0.57         0.56           0.53          0.54
gp_scenario_86         0.68         0.70           0.72          0.72
gp_scenario_87         0.51         0.56           0.57          0.57
gp_scenario_88         0.55         0.59           0.64          0.62
gp_scenario_89         0.74         0.73           0.71          0.71
gp_scenario_90         0.58         0.64           0.61          0.63
gp_scenario_91         0.61         0.60           0.54          0.55
gp_scenario_92         0.47         0.52           0.52          0.53
gp_scenario_93         0.73         0.72           0.70          0.70
gp_scenario_94         0.62         0.63           0.62          0.63
gp_scenario_95         0.73         0.76           0.78          0.79
gp_scenario_96         0.64         0.70           0.68          0.69
gp_scenario_97         0.51         0.58           0.62          0.62
gp_scenario_98         0.73         0.73           0.66          0.68
gp_scenario_99         0.66         0.74           0.76          0.75
gp_scenario_100        0.47         0.50           0.52          0.52
pa_median              0.64         0.66           0.66          0.67
pa_iqr                 0.11         0.11           0.10          0.11
                LASSO_ls_means RF_blups SVR_blups GBLUP_blups RKHS_blups
gp_scenario_1             0.70     0.75      0.81        0.78       0.79
gp_scenario_2             0.68     0.66      0.66        0.62       0.63
gp_scenario_3             0.65     0.61      0.69        0.70       0.71
gp_scenario_4             0.61     0.63      0.66        0.64       0.65
gp_scenario_5             0.47     0.44      0.48        0.53       0.50
gp_scenario_6             0.51     0.68      0.65        0.65       0.65
gp_scenario_7             0.54     0.57      0.62        0.59       0.60
gp_scenario_8             0.68     0.63      0.67        0.69       0.70
gp_scenario_9             0.46     0.57      0.60        0.58       0.58
gp_scenario_10            0.72     0.74      0.75        0.77       0.77
gp_scenario_11            0.77     0.68      0.70        0.74       0.74
gp_scenario_12            0.63     0.65      0.65        0.63       0.64
gp_scenario_13            0.67     0.68      0.69        0.65       0.67
gp_scenario_14            0.59     0.63      0.66        0.65       0.66
gp_scenario_15            0.53     0.52      0.56        0.59       0.59
gp_scenario_16            0.49     0.55      0.61        0.55       0.57
gp_scenario_17            0.58     0.60      0.57        0.56       0.57
gp_scenario_18            0.68     0.67      0.77        0.79       0.79
gp_scenario_19            0.60     0.63      0.64        0.65       0.66
gp_scenario_20            0.65     0.66      0.75        0.72       0.72
gp_scenario_21            0.72     0.61      0.61        0.66       0.65
gp_scenario_22            0.58     0.62      0.72        0.72       0.73
gp_scenario_23            0.48     0.54      0.63        0.63       0.65
gp_scenario_24            0.52     0.60      0.61        0.61       0.62
gp_scenario_25            0.59     0.67      0.65        0.62       0.62
gp_scenario_26            0.57     0.59      0.62        0.61       0.62
gp_scenario_27            0.54     0.63      0.64        0.64       0.65
gp_scenario_28            0.60     0.71      0.75        0.72       0.74
gp_scenario_29            0.52     0.64      0.69        0.66       0.67
gp_scenario_30            0.54     0.56      0.61        0.60       0.61
gp_scenario_31            0.55     0.61      0.63        0.71       0.68
gp_scenario_32            0.55     0.59      0.62        0.57       0.58
gp_scenario_33            0.68     0.63      0.63        0.63       0.63
gp_scenario_34            0.57     0.65      0.68        0.67       0.68
gp_scenario_35            0.55     0.53      0.70        0.66       0.67
gp_scenario_36            0.77     0.80      0.83        0.80       0.80
gp_scenario_37            0.58     0.37      0.58        0.62       0.62
gp_scenario_38            0.63     0.65      0.67        0.67       0.68
gp_scenario_39            0.67     0.68      0.72        0.70       0.71
gp_scenario_40            0.48     0.42      0.46        0.49       0.49
gp_scenario_41            0.37     0.52      0.50        0.45       0.46
gp_scenario_42            0.68     0.66      0.67        0.67       0.68
gp_scenario_43            0.72     0.70      0.68        0.69       0.69
gp_scenario_44            0.67     0.67      0.72        0.74       0.74
gp_scenario_45            0.67     0.65      0.72        0.73       0.74
gp_scenario_46            0.59     0.64      0.68        0.70       0.70
gp_scenario_47            0.60     0.64      0.71        0.73       0.73
gp_scenario_48            0.47     0.32      0.49        0.51       0.51
gp_scenario_49            0.65     0.64      0.65        0.67       0.67
gp_scenario_50            0.71     0.75      0.72        0.72       0.74
gp_scenario_51            0.72     0.65      0.72        0.73       0.73
gp_scenario_52            0.75     0.72      0.73        0.73       0.73
gp_scenario_53            0.65     0.70      0.72        0.72       0.73
gp_scenario_54            0.52     0.52      0.53        0.55       0.55
gp_scenario_55            0.72     0.71      0.66        0.67       0.66
gp_scenario_56            0.56     0.63      0.62        0.61       0.62
gp_scenario_57            0.68     0.70      0.71        0.72       0.71
gp_scenario_58            0.67     0.66      0.65        0.69       0.68
gp_scenario_59            0.61     0.74      0.77        0.74       0.75
gp_scenario_60            0.57     0.54      0.56        0.57       0.57
gp_scenario_61            0.57     0.49      0.50        0.55       0.56
gp_scenario_62            0.50     0.56      0.58        0.55       0.57
gp_scenario_63            0.65     0.59      0.65        0.67       0.67
gp_scenario_64            0.68     0.76      0.77        0.78       0.78
gp_scenario_65            0.63     0.63      0.64        0.64       0.64
gp_scenario_66            0.67     0.70      0.73        0.72       0.73
gp_scenario_67            0.50     0.61      0.66        0.68       0.68
gp_scenario_68            0.57     0.57      0.61        0.63       0.63
gp_scenario_69            0.58     0.55      0.58        0.57       0.58
gp_scenario_70            0.75     0.74      0.78        0.77       0.78
gp_scenario_71            0.37     0.35      0.40        0.43       0.43
gp_scenario_72            0.61     0.62      0.73        0.73       0.73
gp_scenario_73            0.63     0.66      0.68        0.74       0.73
gp_scenario_74            0.72     0.70      0.76        0.78       0.77
gp_scenario_75            0.63     0.72      0.65        0.59       0.60
gp_scenario_76            0.58     0.63      0.65        0.67       0.67
gp_scenario_77            0.63     0.56      0.63        0.68       0.67
gp_scenario_78            0.53     0.60      0.66        0.66       0.66
gp_scenario_79            0.74     0.69      0.71        0.72       0.73
gp_scenario_80            0.70     0.70      0.74        0.72       0.73
gp_scenario_81            0.57     0.66      0.68        0.71       0.70
gp_scenario_82            0.61     0.57      0.61        0.60       0.61
gp_scenario_83            0.61     0.73      0.74        0.71       0.72
gp_scenario_84            0.61     0.71      0.69        0.72       0.72
gp_scenario_85            0.56     0.56      0.55        0.52       0.53
gp_scenario_86            0.66     0.68      0.71        0.71       0.72
gp_scenario_87            0.54     0.52      0.54        0.56       0.56
gp_scenario_88            0.61     0.53      0.58        0.63       0.62
gp_scenario_89            0.69     0.73      0.72        0.70       0.71
gp_scenario_90            0.59     0.58      0.64        0.61       0.63
gp_scenario_91            0.71     0.60      0.61        0.54       0.55
gp_scenario_92            0.43     0.46      0.51        0.51       0.52
gp_scenario_93            0.75     0.71      0.71        0.69       0.70
gp_scenario_94            0.67     0.61      0.62        0.61       0.62
gp_scenario_95            0.73     0.71      0.76        0.78       0.79
gp_scenario_96            0.66     0.66      0.70        0.67       0.68
gp_scenario_97            0.55     0.50      0.58        0.62       0.62
gp_scenario_98            0.70     0.72      0.73        0.65       0.67
gp_scenario_99            0.67     0.67      0.73        0.76       0.75
gp_scenario_100           0.47     0.48      0.50        0.52       0.52
pa_median                 0.61     0.63      0.66        0.66       0.67
pa_iqr                    0.13     0.11      0.11        0.11       0.10
                LASSO_blups RF_blups_pca SVR_blups_pca GBLUP_blups_pca
gp_scenario_1          0.73        0.300        0.2600           0.290
gp_scenario_2          0.67        0.260        0.2000           0.230
gp_scenario_3          0.63        0.250        0.3600           0.390
gp_scenario_4          0.50        0.290        0.2900           0.310
gp_scenario_5          0.44        0.320        0.3300           0.380
gp_scenario_6          0.52        0.360        0.3200           0.370
gp_scenario_7          0.53        0.140        0.2300           0.200
gp_scenario_8          0.68        0.390        0.3600           0.340
gp_scenario_9          0.51        0.018        0.0720           0.150
gp_scenario_10         0.73        0.330        0.3400           0.380
gp_scenario_11         0.78        0.330        0.3900           0.490
gp_scenario_12         0.62        0.150        0.1400           0.170
gp_scenario_13         0.68        0.230        0.2400           0.260
gp_scenario_14         0.57       -0.011        0.0490           0.160
gp_scenario_15         0.52        0.130        0.3500           0.410
gp_scenario_16         0.48        0.190        0.1900           0.150
gp_scenario_17         0.58        0.100        0.2300           0.250
gp_scenario_18         0.66        0.360        0.4300           0.490
gp_scenario_19         0.59        0.260        0.3100           0.330
gp_scenario_20         0.60        0.200        0.1900           0.150
gp_scenario_21         0.73        0.340        0.2600           0.400
gp_scenario_22         0.57        0.180        0.2300           0.310
gp_scenario_23         0.47        0.130        0.2700           0.300
gp_scenario_24         0.43        0.410        0.3300           0.420
gp_scenario_25         0.58        0.170        0.1600           0.140
gp_scenario_26         0.67        0.340        0.3600           0.390
gp_scenario_27         0.55        0.200        0.2600           0.250
gp_scenario_28         0.64        0.110        0.2000           0.280
gp_scenario_29         0.57        0.074        0.1600           0.170
gp_scenario_30         0.53        0.340        0.3900           0.410
gp_scenario_31         0.54        0.460        0.5200           0.620
gp_scenario_32         0.51        0.230        0.2200           0.180
gp_scenario_33         0.69        0.180        0.1400           0.250
gp_scenario_34         0.59        0.190        0.1700           0.210
gp_scenario_35         0.55        0.120        0.2800           0.290
gp_scenario_36         0.77        0.037        0.1400           0.180
gp_scenario_37         0.59        0.240        0.2900           0.410
gp_scenario_38         0.62        0.370        0.3900           0.390
gp_scenario_39         0.63        0.280        0.2600           0.330
gp_scenario_40         0.48        0.071       -0.0029           0.150
gp_scenario_41         0.32        0.250        0.2000           0.160
gp_scenario_42         0.70        0.370        0.3600           0.380
gp_scenario_43         0.71        0.330        0.2400           0.340
gp_scenario_44         0.67        0.350        0.3400           0.440
gp_scenario_45         0.69        0.140        0.2800           0.340
gp_scenario_46         0.56        0.300        0.3800           0.410
gp_scenario_47         0.59        0.370        0.3400           0.440
gp_scenario_48         0.43        0.200        0.2300           0.300
gp_scenario_49         0.65        0.150        0.2100           0.320
gp_scenario_50         0.71        0.450        0.3300           0.370
gp_scenario_51         0.72        0.310        0.3400           0.370
gp_scenario_52         0.68        0.370        0.3300           0.360
gp_scenario_53         0.66        0.400        0.3300           0.390
gp_scenario_54         0.53        0.150        0.3400           0.310
gp_scenario_55         0.74        0.290        0.2700           0.340
gp_scenario_56         0.56        0.160        0.1500           0.220
gp_scenario_57         0.69        0.037        0.2100           0.290
gp_scenario_58         0.69        0.400        0.3400           0.390
gp_scenario_59         0.63        0.470        0.4300           0.430
gp_scenario_60         0.57        0.120        0.1800           0.250
gp_scenario_61         0.57        0.430        0.3300           0.410
gp_scenario_62         0.48        0.056        0.2200           0.220
gp_scenario_63         0.63        0.074        0.2000           0.320
gp_scenario_64         0.65        0.460        0.3900           0.490
gp_scenario_65         0.62        0.051        0.0180           0.130
gp_scenario_66         0.65        0.210        0.2200           0.270
gp_scenario_67         0.50        0.360        0.3700           0.420
gp_scenario_68         0.55        0.360        0.3300           0.340
gp_scenario_69         0.55        0.220        0.2900           0.300
gp_scenario_70         0.74        0.450        0.4300           0.470
gp_scenario_71         0.37        0.079        0.1800           0.260
gp_scenario_72         0.61        0.020        0.3100           0.360
gp_scenario_73         0.65        0.370        0.3600           0.470
gp_scenario_74         0.71        0.310        0.3400           0.450
gp_scenario_75         0.65        0.039        0.0027           0.057
gp_scenario_76         0.56        0.180        0.2900           0.320
gp_scenario_77         0.63        0.370        0.4300           0.540
gp_scenario_78         0.54        0.035        0.1800           0.250
gp_scenario_79         0.71        0.350        0.3400           0.360
gp_scenario_80         0.68        0.300        0.3700           0.430
gp_scenario_81         0.58        0.380        0.2900           0.390
gp_scenario_82         0.60        0.100       -0.0540           0.073
gp_scenario_83         0.75        0.220        0.3000           0.340
gp_scenario_84         0.62        0.460        0.5400           0.550
gp_scenario_85         0.56        0.170        0.1200           0.110
gp_scenario_86         0.66        0.077        0.0880           0.240
gp_scenario_87         0.53        0.300        0.3600           0.400
gp_scenario_88         0.62        0.300        0.2400           0.400
gp_scenario_89         0.68        0.082        0.0790           0.160
gp_scenario_90         0.60        0.340        0.2000           0.200
gp_scenario_91         0.65        0.130        0.0890           0.160
gp_scenario_92         0.43        0.190        0.1200           0.220
gp_scenario_93         0.76        0.017        0.0210           0.073
gp_scenario_94         0.63        0.440        0.3200           0.330
gp_scenario_95         0.74        0.480        0.5000           0.540
gp_scenario_96         0.65        0.360        0.3500           0.320
gp_scenario_97         0.57        0.270        0.2100           0.290
gp_scenario_98         0.71        0.066        0.0930           0.130
gp_scenario_99         0.64        0.370        0.4200           0.490
gp_scenario_100        0.44        0.150        0.1900           0.290
pa_median              0.62        0.250        0.2800           0.320
pa_iqr                 0.13        0.220        0.1500           0.160
                RKHS_blups_pca LASSO_blups_pca
gp_scenario_1            0.300          0.2600
gp_scenario_2            0.230          0.0063
gp_scenario_3            0.390          0.2700
gp_scenario_4            0.330              NA
gp_scenario_5            0.280              NA
gp_scenario_6            0.360          0.2200
gp_scenario_7            0.220         -0.2100
gp_scenario_8            0.380          0.3700
gp_scenario_9            0.140          0.1100
gp_scenario_10           0.360          0.1900
gp_scenario_11           0.430              NA
gp_scenario_12           0.170          0.1800
gp_scenario_13           0.280         -0.2600
gp_scenario_14           0.120         -0.1800
gp_scenario_15           0.380         -0.0700
gp_scenario_16           0.180          0.0520
gp_scenario_17           0.240         -0.1500
gp_scenario_18           0.460          0.1500
gp_scenario_19           0.330          0.2200
gp_scenario_20           0.180          0.1800
gp_scenario_21           0.380              NA
gp_scenario_22           0.300              NA
gp_scenario_23           0.330         -0.0420
gp_scenario_24           0.420          0.1700
gp_scenario_25           0.120          0.0450
gp_scenario_26           0.400          0.0820
gp_scenario_27           0.280          0.1300
gp_scenario_28           0.260         -0.0290
gp_scenario_29           0.190         -0.0310
gp_scenario_30           0.420         -0.0210
gp_scenario_31           0.560          0.1400
gp_scenario_32           0.200         -0.1000
gp_scenario_33           0.200          0.2100
gp_scenario_34           0.190          0.0990
gp_scenario_35           0.310          0.0840
gp_scenario_36           0.160              NA
gp_scenario_37           0.370          0.0930
gp_scenario_38           0.410         -0.0130
gp_scenario_39           0.330              NA
gp_scenario_40           0.120         -0.0860
gp_scenario_41           0.180              NA
gp_scenario_42           0.410              NA
gp_scenario_43           0.280          0.3600
gp_scenario_44           0.430          0.3400
gp_scenario_45           0.330          0.0870
gp_scenario_46           0.380          0.2900
gp_scenario_47           0.430          0.3200
gp_scenario_48           0.300          0.0450
gp_scenario_49           0.280              NA
gp_scenario_50           0.350          0.1900
gp_scenario_51           0.410              NA
gp_scenario_52           0.370          0.1900
gp_scenario_53           0.360              NA
gp_scenario_54           0.300          0.0940
gp_scenario_55           0.300              NA
gp_scenario_56           0.190          0.0710
gp_scenario_57           0.220         -0.1100
gp_scenario_58           0.380          0.3400
gp_scenario_59           0.450          0.4100
gp_scenario_60           0.250          0.1000
gp_scenario_61           0.440              NA
gp_scenario_62           0.230         -0.0840
gp_scenario_63           0.290          0.1500
gp_scenario_64           0.450              NA
gp_scenario_65           0.098          0.0120
gp_scenario_66           0.270          0.1900
gp_scenario_67           0.420              NA
gp_scenario_68           0.360          0.0900
gp_scenario_69           0.290          0.0990
gp_scenario_70           0.470          0.3400
gp_scenario_71           0.230              NA
gp_scenario_72           0.370          0.0610
gp_scenario_73           0.440          0.2300
gp_scenario_74           0.410          0.2400
gp_scenario_75           0.058         -0.0250
gp_scenario_76           0.320          0.1500
gp_scenario_77           0.490              NA
gp_scenario_78           0.240          0.0310
gp_scenario_79           0.370          0.3200
gp_scenario_80           0.420          0.1800
gp_scenario_81           0.330          0.4100
gp_scenario_82           0.074         -0.1000
gp_scenario_83           0.350         -0.0520
gp_scenario_84           0.560          0.2600
gp_scenario_85           0.120              NA
gp_scenario_86           0.210         -0.0420
gp_scenario_87           0.400          0.0670
gp_scenario_88           0.320          0.1400
gp_scenario_89           0.140          0.0140
gp_scenario_90           0.200              NA
gp_scenario_91           0.170          0.0130
gp_scenario_92           0.210          0.0490
gp_scenario_93           0.058         -0.0370
gp_scenario_94           0.340              NA
gp_scenario_95           0.530              NA
gp_scenario_96           0.350          0.2500
gp_scenario_97           0.300          0.1100
gp_scenario_98           0.140              NA
gp_scenario_99           0.420          0.1800
gp_scenario_100          0.230          0.1500
pa_median                0.320          0.0990
pa_iqr                   0.170          0.1800
                GBLUP_wiser GBLUP_ls_means GBLUP_blups GBLUP_blups_pca
gp_scenario_1          0.96           0.90        0.89           0.740
gp_scenario_2          0.98           0.97        0.97           0.930
gp_scenario_3          0.96           0.90        0.89           0.720
gp_scenario_4          0.97           0.97        0.97           0.870
gp_scenario_5          0.97           0.90        0.89           0.690
gp_scenario_6          0.97           0.90        0.90           0.750
gp_scenario_7          0.95           0.96        0.96           0.850
gp_scenario_8          0.96           0.89        0.89           0.690
gp_scenario_9          0.99           0.97        0.97           0.890
gp_scenario_10         0.97           0.92        0.91           0.790
gp_scenario_11         0.96           0.87        0.87           0.640
gp_scenario_12         0.97           0.97        0.97           0.920
gp_scenario_13         0.98           0.95        0.95           0.870
gp_scenario_14         0.96           0.93        0.93           0.820
gp_scenario_15         0.97           0.91        0.91           0.640
gp_scenario_16         0.98           0.95        0.94           0.860
gp_scenario_17         0.96           0.94        0.93           0.810
gp_scenario_18         0.95           0.91        0.91           0.750
gp_scenario_19         0.98           0.92        0.92           0.770
gp_scenario_20         0.98           0.93        0.93           0.820
gp_scenario_21         0.98           0.95        0.95           0.830
gp_scenario_22         0.96           0.90        0.90           0.760
gp_scenario_23         0.97           0.91        0.91           0.720
gp_scenario_24         0.97           0.93        0.93           0.790
gp_scenario_25         0.97           0.95        0.94           0.860
gp_scenario_26         0.98           0.96        0.96           0.830
gp_scenario_27         0.97           0.94        0.93           0.830
gp_scenario_28         0.97           0.91        0.90           0.790
gp_scenario_29         0.96           0.94        0.94           0.830
gp_scenario_30         0.97           0.94        0.93           0.770
gp_scenario_31         0.97           0.87        0.87           0.520
gp_scenario_32         0.97           0.95        0.94           0.850
gp_scenario_33         0.98           0.93        0.92           0.790
gp_scenario_34         0.98           0.95        0.95           0.900
gp_scenario_35         0.97           0.94        0.94           0.830
gp_scenario_36         0.96           0.92        0.92           0.820
gp_scenario_37         0.98           0.91        0.91           0.760
gp_scenario_38         0.98           0.92        0.91           0.690
gp_scenario_39         0.94           0.92        0.92           0.770
gp_scenario_40         0.98           0.96        0.96           0.880
gp_scenario_41         0.98           0.95        0.95           0.850
gp_scenario_42         0.98           0.93        0.92           0.680
gp_scenario_43         0.97           0.92        0.92           0.810
gp_scenario_44         0.96           0.92        0.91           0.740
gp_scenario_45         0.95           0.92        0.92           0.820
gp_scenario_46         0.95           0.89        0.89           0.660
gp_scenario_47         0.97           0.91        0.91           0.750
gp_scenario_48         0.97           0.95        0.94           0.830
gp_scenario_49         0.97           0.93        0.92           0.830
gp_scenario_50         0.97           0.92        0.91           0.780
gp_scenario_51         0.98           0.92        0.92           0.770
gp_scenario_52         0.96           0.91        0.92           0.780
gp_scenario_53         0.97           0.93        0.92           0.790
gp_scenario_54         0.95           0.93        0.93           0.770
gp_scenario_55         0.98           0.93        0.92           0.840
gp_scenario_56         0.98           0.92        0.92           0.820
gp_scenario_57         0.93           0.90        0.90           0.760
gp_scenario_58         0.98           0.92        0.92           0.760
gp_scenario_59         0.96           0.94        0.93           0.820
gp_scenario_60         0.98           0.95        0.95           0.820
gp_scenario_61         0.96           0.91        0.91           0.670
gp_scenario_62         0.98           0.95        0.95           0.810
gp_scenario_63         0.97           0.91        0.90           0.750
gp_scenario_64         0.94           0.90        0.89           0.760
gp_scenario_65         0.97           0.95        0.95           0.890
gp_scenario_66         0.99           0.95        0.94           0.870
gp_scenario_67         0.96           0.90        0.90           0.700
gp_scenario_68         0.98           0.95        0.95           0.830
gp_scenario_69         0.96           0.94        0.94           0.790
gp_scenario_70         0.96           0.91        0.90           0.740
gp_scenario_71         0.96           0.92        0.92           0.700
gp_scenario_72         0.97           0.95        0.95           0.860
gp_scenario_73         0.97           0.89        0.88           0.720
gp_scenario_74         0.97           0.91        0.90           0.750
gp_scenario_75         0.98           0.96        0.96           0.910
gp_scenario_76         0.98           0.97        0.96           0.900
gp_scenario_77         0.96           0.90        0.90           0.710
gp_scenario_78         0.97           0.96        0.96           0.870
gp_scenario_79         0.97           0.88        0.88           0.670
gp_scenario_80         0.97           0.88        0.87           0.670
gp_scenario_81         0.98           0.90        0.89           0.700
gp_scenario_82         0.97           0.96        0.96           0.890
gp_scenario_83         0.97           0.95        0.95           0.850
gp_scenario_84         0.94           0.89        0.89           0.680
gp_scenario_85         0.98           0.97        0.96           0.900
gp_scenario_86         0.98           0.92        0.93           0.810
gp_scenario_87         0.95           0.95        0.95           0.780
gp_scenario_88         0.98           0.93        0.93           0.830
gp_scenario_89         0.97           0.91        0.90           0.770
gp_scenario_90         0.97           0.92        0.92           0.800
gp_scenario_91         0.98           0.95        0.94           0.830
gp_scenario_92         0.98           0.96        0.96           0.860
gp_scenario_93         0.94           0.93        0.92           0.830
gp_scenario_94         0.96           0.94        0.94           0.830
gp_scenario_95         0.97           0.90        0.90           0.710
gp_scenario_96         0.98           0.96        0.96           0.890
gp_scenario_97         0.98           0.96        0.96           0.850
gp_scenario_98         0.96           0.94        0.93           0.850
gp_scenario_99         0.93           0.89        0.88           0.710
gp_scenario_100        0.96           0.90        0.90           0.740
h2_median              0.97           0.93        0.92           0.800
h2_iqr                 0.02           0.04        0.05           0.095
